###############################################################################
#
# IAR ELF Linker V9.30.1.335/W64 for ARM                  16/Jun/2023  15:04:14
# Copyright 2007-2022 IAR Systems AB.
#
#    Output file  =
#        E:\microcontrollers\Embedded diploma\unit 14\practical\session 3 -
#        LAB2\IAR-TIVA c\LESSON\Debug\Exe\ARMcorteXM4F.out
#    Map file     =
#        E:\microcontrollers\Embedded diploma\unit 14\practical\session 3 -
#        LAB2\IAR-TIVA c\LESSON\Debug\List\ARMcorteXM4F.map
#    Command line =
#        -f "E:\microcontrollers\Embedded diploma\unit 14\practical\session 3 -
#        LAB2\IAR-TIVA c\LESSON\Debug\Exe\ARMcorteXM4F.out.rsp"
#        ("E:\microcontrollers\Embedded diploma\unit 14\practical\session 3 -
#        LAB2\IAR-TIVA c\LESSON\Debug\Obj\main.o" "E:\microcontrollers\Embedded
#        diploma\unit 14\practical\session 3 - LAB2\IAR-TIVA
#        c\LESSON\Debug\Obj\startup.o" --no_out_extension -o
#        "E:\microcontrollers\Embedded diploma\unit 14\practical\session 3 -
#        LAB2\IAR-TIVA c\LESSON\Debug\Exe\ARMcorteXM4F.out" --redirect
#        _Printf=_PrintfFullNoMb --redirect _Scanf=_ScanfFullNoMb --map
#        "E:\microcontrollers\Embedded diploma\unit 14\practical\session 3 -
#        LAB2\IAR-TIVA c\LESSON\Debug\List\ARMcorteXM4F.map" --config
#        "E:\microcontrollers\Embedded diploma2\4_Automotive and ARM cortex\01
#        Introduction To ARM Cortex M4 (STM32F4)(20H)\03 Lectures\01 ARM
#        Architecture and STM32F4 Features(10.5H)\ARM
#        practical\IAR\LESSON\ARMcorteXM4F.icf" --semihosting --entry
#        __iar_program_start --redirect __write=__write_buffered --redirect
#        __iar_sh_stdout=__iar_sh_stdout_swo --vfe --text_out locale
#        --cpu=Cortex-M4 --fpu=VFPv4_sp)
#
###############################################################################

*******************************************************************************
*** RUNTIME MODEL ATTRIBUTES
***

CppFlavor       = *
__CPP_Runtime   = 1
__SystemLibrary = DLib
__dlib_version  = 6


*******************************************************************************
*** HEAP SELECTION
***

The basic heap was selected because --advanced_heap
was not specified and the application did not appear to
be primarily optimized for speed.


*******************************************************************************
*** PLACEMENT SUMMARY
***

"A0":  place at address 0x0 { ro section .intvec };
"P1":  place in [from 0x0 to 0x3'ffff] { ro };
define block CSTACK with size = 1K, alignment = 8 { };
define block HEAP with size = 1K, alignment = 8 { };
"P2":  place in [from 0x2000'0000 to 0x2000'7fff] {
          rw, block CSTACK, block HEAP };
initialize by copy { rw };

  Section            Kind         Address   Size  Object
  -------            ----         -------   ----  ------
"A0":                                      0x26c
  .intvec            const            0x0  0x26c  startup.o [1]
                                  - 0x26c  0x26c

"P1":                                      0x278
  .text              ro code        0x26c   0xf0  main.o [1]
  .text              ro code        0x35c   0x54  startup.o [1]
  .text              ro code        0x3b0   0x2a  copy_init3.o [4]
  .text              ro code        0x3dc   0x28  data_init.o [4]
  .text              ro code        0x404   0x22  fpinit_M.o [3]
  .iar.init_table    const          0x428   0x14  - Linker created -
  .text              ro code        0x43c   0x1e  cmain.o [4]
  .text              ro code        0x45a    0x4  low_level_init.o [2]
  .text              ro code        0x45e    0x4  exit.o [2]
  .text              ro code        0x464    0xa  cexit.o [4]
  .text              ro code        0x470   0x14  exit.o [5]
  .text              ro code        0x484   0x1c  cstartup_M.o [4]
  .rodata            const          0x4a0    0xc  startup.o [1]
  .rodata            const          0x4ac    0xc  startup.o [1]
  .rodata            const          0x4b8    0xc  startup.o [1]
  .rodata            const          0x4c4    0xc  startup.o [1]
  Initializer bytes  const          0x4d0    0xc  <for P2-1>
  .rodata            const          0x4dc    0x8  startup.o [1]
  .rodata            const          0x4e4    0x0  copy_init3.o [4]
                                  - 0x4e4  0x278

"P2", part 1 of 2:                           0xc
  P2-1                        0x2000'0000    0xb  <Init block>
    .bss             inited   0x2000'0000    0x4  main.o [1]
    .bss             inited   0x2000'0004    0x4  main.o [1]
    .data            inited   0x2000'0008    0x1  main.o [1]
    .data            inited   0x2000'0009    0x1  main.o [1]
    .bss             inited   0x2000'000a    0x1  main.o [1]
                            - 0x2000'000b    0xb

"P2", part 2 of 2:                         0x400
  CSTACK                      0x2000'0010  0x400  <Block>
    CSTACK           uninit   0x2000'0010  0x400  <Block tail>
                            - 0x2000'0410  0x400

Unused ranges:

         From           To      Size
         ----           --      ----
        0x4e4     0x3'ffff  0x3'fb1c
  0x2000'000c  0x2000'000f       0x4
  0x2000'0410  0x2000'7fff    0x7bf0


*******************************************************************************
*** INIT TABLE
***

          Address      Size
          -------      ----
Copy (__iar_copy_init3)
    1 source range, total size 0xc (109% of destination):
                0x4d0   0xc
    1 destination range, total size 0xb:
          0x2000'0000   0xb



*******************************************************************************
*** MODULE SUMMARY
***

    Module            ro code  ro data  rw data
    ------            -------  -------  -------
command line/config:
    -------------------------------------------
    Total:

E:\microcontrollers\Embedded diploma\unit 14\practical\session 3 - LAB2\IAR-TIVA c\LESSON\Debug\Obj: [1]
    main.o                240       11       11
    startup.o              84      676
    -------------------------------------------
    Total:                324      687       11

dl7M_tln.a: [2]
    exit.o                  4
    low_level_init.o        4
    -------------------------------------------
    Total:                  8

m7M_tls.a: [3]
    fpinit_M.o             34
    -------------------------------------------
    Total:                 34

rt7M_tl.a: [4]
    cexit.o                10
    cmain.o                30
    copy_init3.o           42
    cstartup_M.o           28
    data_init.o            40
    -------------------------------------------
    Total:                150

shb_l.a: [5]
    exit.o                 20
    -------------------------------------------
    Total:                 20

    Gaps                    6        2
    Linker created                  21    1'024
-----------------------------------------------
    Grand Total:          542      710    1'035


*******************************************************************************
*** ENTRY LIST
***

Entry                       Address   Size  Type      Object
-----                       -------   ----  ----      ------
.iar.init_table$$Base         0x428          --   Gb  - Linker created -
.iar.init_table$$Limit        0x43c          --   Gb  - Linker created -
?main                         0x43d         Code  Gb  cmain.o [4]
A                       0x2000'0008    0x1  Data  Lc  main.o [1]
ADC1Seq0_IRQHandler           0x38f    0xa  Code  Wk  startup.o [1]
ADC1Seq1_IRQHandler           0x38f    0xa  Code  Wk  startup.o [1]
ADC1Seq2_IRQHandler           0x38f    0xa  Code  Wk  startup.o [1]
ADC1Seq3_IRQHandler           0x38f    0xa  Code  Wk  startup.o [1]
ADCSeq0_IRQHandler            0x38f    0xa  Code  Wk  startup.o [1]
ADCSeq1_IRQHandler            0x38f    0xa  Code  Wk  startup.o [1]
ADCSeq2_IRQHandler            0x38f    0xa  Code  Wk  startup.o [1]
ADCSeq3_IRQHandler            0x38f    0xa  Code  Wk  startup.o [1]
B                       0x2000'0009    0x1  Data  Lc  main.o [1]
BusFault_Handler              0x37b    0xa  Code  Gb  startup.o [1]
CAN0_IRQHandler               0x38f    0xa  Code  Wk  startup.o [1]
CAN1_IRQHandler               0x38f    0xa  Code  Wk  startup.o [1]
CAN2_IRQHandler               0x38f    0xa  Code  Wk  startup.o [1]
CSTACK$$Base            0x2000'0010          --   Gb  - Linker created -
CSTACK$$Limit           0x2000'0410         Data  Gb  - Linker created -
Comp0_IRQHandler              0x38f    0xa  Code  Wk  startup.o [1]
Comp1_IRQHandler              0x38f    0xa  Code  Wk  startup.o [1]
Comp2_IRQHandler              0x38f    0xa  Code  Wk  startup.o [1]
Control_REG_Val         0x2000'0000    0x4  Data  Lc  main.o [1]
DebugMon_Handler              0x38f    0xa  Code  Wk  startup.o [1]
EBI0_IRQHandler               0x38f    0xa  Code  Wk  startup.o [1]
FPU_IRQHandler                0x38f    0xa  Code  Wk  startup.o [1]
Fan0_IRQHandler               0x38f    0xa  Code  Wk  startup.o [1]
FlashCtrl_IRQHandler          0x38f    0xa  Code  Wk  startup.o [1]
GPIOPortA_IRQHandler          0x38f    0xa  Code  Wk  startup.o [1]
GPIOPortB_IRQHandler          0x38f    0xa  Code  Wk  startup.o [1]
GPIOPortC_IRQHandler          0x38f    0xa  Code  Wk  startup.o [1]
GPIOPortD_IRQHandler          0x38f    0xa  Code  Wk  startup.o [1]
GPIOPortE_IRQHandler          0x38f    0xa  Code  Wk  startup.o [1]
GPIOPortF_IRQHandler          0x38f    0xa  Code  Wk  startup.o [1]
GPIOPortG_IRQHandler          0x38f    0xa  Code  Wk  startup.o [1]
GPIOPortH_IRQHandler          0x38f    0xa  Code  Wk  startup.o [1]
GPIOPortJ_IRQHandler          0x38f    0xa  Code  Wk  startup.o [1]
GPIOPortK_IRQHandler          0x38f    0xa  Code  Wk  startup.o [1]
GPIOPortL_IRQHandler          0x38f    0xa  Code  Wk  startup.o [1]
GPIOPortM_IRQHandler          0x38f    0xa  Code  Wk  startup.o [1]
GPIOPortN_IRQHandler          0x38f    0xa  Code  Wk  startup.o [1]
GPIOPortP0_IRQHandler         0x38f    0xa  Code  Wk  startup.o [1]
GPIOPortP1_IRQHandler         0x38f    0xa  Code  Wk  startup.o [1]
GPIOPortP2_IRQHandler         0x38f    0xa  Code  Wk  startup.o [1]
GPIOPortP3_IRQHandler         0x38f    0xa  Code  Wk  startup.o [1]
GPIOPortP4_IRQHandler         0x38f    0xa  Code  Wk  startup.o [1]
GPIOPortP5_IRQHandler         0x38f    0xa  Code  Wk  startup.o [1]
GPIOPortP6_IRQHandler         0x38f    0xa  Code  Wk  startup.o [1]
GPIOPortP7_IRQHandler         0x38f    0xa  Code  Wk  startup.o [1]
GPIOPortQ0_IRQHandler         0x38f    0xa  Code  Wk  startup.o [1]
GPIOPortQ1_IRQHandler         0x38f    0xa  Code  Wk  startup.o [1]
GPIOPortQ2_IRQHandler         0x38f    0xa  Code  Wk  startup.o [1]
GPIOPortQ3_IRQHandler         0x38f    0xa  Code  Wk  startup.o [1]
GPIOPortQ4_IRQHandler         0x38f    0xa  Code  Wk  startup.o [1]
GPIOPortQ5_IRQHandler         0x38f    0xa  Code  Wk  startup.o [1]
GPIOPortQ6_IRQHandler         0x38f    0xa  Code  Wk  startup.o [1]
GPIOPortQ7_IRQHandler         0x38f    0xa  Code  Wk  startup.o [1]
GPIOPortR_IRQHandler          0x38f    0xa  Code  Wk  startup.o [1]
GPIOPortS_IRQHandler          0x38f    0xa  Code  Wk  startup.o [1]
HardFault_Handler             0x35d    0xa  Code  Gb  startup.o [1]
Hibernate_IRQHandler          0x38f    0xa  Code  Wk  startup.o [1]
I2C0_IRQHandler               0x38f    0xa  Code  Wk  startup.o [1]
I2C1_IRQHandler               0x38f    0xa  Code  Wk  startup.o [1]
I2C2_IRQHandler               0x38f    0xa  Code  Wk  startup.o [1]
I2C3_IRQHandler               0x38f    0xa  Code  Wk  startup.o [1]
I2C4_IRQHandler               0x38f    0xa  Code  Wk  startup.o [1]
I2C5_IRQHandler               0x38f    0xa  Code  Wk  startup.o [1]
I2S0_IRQHandler               0x38f    0xa  Code  Wk  startup.o [1]
IPSR_REG_Val            0x2000'0004    0x4  Data  Lc  main.o [1]
LPC0_IRQHandler               0x38f    0xa  Code  Wk  startup.o [1]
MemManage_Handler             0x371    0xa  Code  Gb  startup.o [1]
NMI_Handler                   0x367    0xa  Code  Gb  startup.o [1]
NVIC_SystemReset              0x26d   0x1a  Code  Lc  main.o [1]
PECI0_IRQHandler              0x38f    0xa  Code  Wk  startup.o [1]
PWM1Fault_IRQHandler          0x38f    0xa  Code  Wk  startup.o [1]
PWM1Gen0_IRQHandler           0x38f    0xa  Code  Wk  startup.o [1]
PWM1Gen1_IRQHandler           0x38f    0xa  Code  Wk  startup.o [1]
PWM1Gen2_IRQHandler           0x38f    0xa  Code  Wk  startup.o [1]
PWM1Gen3_IRQHandler           0x38f    0xa  Code  Wk  startup.o [1]
PWMFault_IRQHandler           0x38f    0xa  Code  Wk  startup.o [1]
PWMGen0_IRQHandler            0x38f    0xa  Code  Wk  startup.o [1]
PWMGen1_IRQHandler            0x38f    0xa  Code  Wk  startup.o [1]
PWMGen2_IRQHandler            0x38f    0xa  Code  Wk  startup.o [1]
PWMGen3_IRQHandler            0x38f    0xa  Code  Wk  startup.o [1]
PendSV_Handler                0x38f    0xa  Code  Wk  startup.o [1]
Q                       0x2000'000a    0x1  Data  Lc  main.o [1]
QEI0_IRQHandler               0x38f    0xa  Code  Wk  startup.o [1]
QEI1_IRQHandler               0x38f    0xa  Code  Wk  startup.o [1]
QEI2_IRQHandler               0x38f    0xa  Code  Wk  startup.o [1]
Region$$Table$$Base           0x428          --   Gb  - Linker created -
Region$$Table$$Limit          0x43c          --   Gb  - Linker created -
SSI0_IRQHandler               0x38f    0xa  Code  Wk  startup.o [1]
SSI1_IRQHandler               0x38f    0xa  Code  Wk  startup.o [1]
SSI2_IRQHandler               0x38f    0xa  Code  Wk  startup.o [1]
SSI3_IRQHandler               0x38f    0xa  Code  Wk  startup.o [1]
SVC_Handler                   0x309    0xc  Code  Gb  main.o [1]
SysCtrl_IRQHandler            0x38f    0xa  Code  Wk  startup.o [1]
SysTick_Handler               0x38f    0xa  Code  Wk  startup.o [1]
Timer0A_IRQHandler            0x38f    0xa  Code  Wk  startup.o [1]
Timer0B_IRQHandler            0x38f    0xa  Code  Wk  startup.o [1]
Timer1A_IRQHandler            0x38f    0xa  Code  Wk  startup.o [1]
Timer1B_IRQHandler            0x38f    0xa  Code  Wk  startup.o [1]
Timer2A_IRQHandler            0x38f    0xa  Code  Wk  startup.o [1]
Timer2B_IRQHandler            0x38f    0xa  Code  Wk  startup.o [1]
Timer3A_IRQHandler            0x38f    0xa  Code  Wk  startup.o [1]
Timer3B_IRQHandler            0x38f    0xa  Code  Wk  startup.o [1]
Timer4A_IRQHandler            0x38f    0xa  Code  Wk  startup.o [1]
Timer4B_IRQHandler            0x38f    0xa  Code  Wk  startup.o [1]
Timer5A_IRQHandler            0x38f    0xa  Code  Wk  startup.o [1]
Timer5B_IRQHandler            0x38f    0xa  Code  Wk  startup.o [1]
UART0_IRQHandler              0x38f    0xa  Code  Wk  startup.o [1]
UART1_IRQHandler              0x38f    0xa  Code  Wk  startup.o [1]
UART2_IRQHandler              0x38f    0xa  Code  Wk  startup.o [1]
UART3_IRQHandler              0x38f    0xa  Code  Wk  startup.o [1]
UART4_IRQHandler              0x38f    0xa  Code  Wk  startup.o [1]
UART5_IRQHandler              0x38f    0xa  Code  Wk  startup.o [1]
UART6_IRQHandler              0x38f    0xa  Code  Wk  startup.o [1]
UART7_IRQHandler              0x38f    0xa  Code  Wk  startup.o [1]
USB0_IRQHandler               0x38f    0xa  Code  Wk  startup.o [1]
Unused_Handler                0x38f    0xa  Code  Gb  startup.o [1]
UsageFault_Handler            0x385    0xa  Code  Gb  startup.o [1]
Watchdog_IRQHandler           0x38f    0xa  Code  Wk  startup.o [1]
WideTimer0A_IRQHandler        0x38f    0xa  Code  Wk  startup.o [1]
WideTimer0B_IRQHandler        0x38f    0xa  Code  Wk  startup.o [1]
WideTimer1A_IRQHandler        0x38f    0xa  Code  Wk  startup.o [1]
WideTimer1B_IRQHandler        0x38f    0xa  Code  Wk  startup.o [1]
WideTimer2A_IRQHandler        0x38f    0xa  Code  Wk  startup.o [1]
WideTimer2B_IRQHandler        0x38f    0xa  Code  Wk  startup.o [1]
WideTimer3A_IRQHandler        0x38f    0xa  Code  Wk  startup.o [1]
WideTimer3B_IRQHandler        0x38f    0xa  Code  Wk  startup.o [1]
WideTimer4A_IRQHandler        0x38f    0xa  Code  Wk  startup.o [1]
WideTimer4B_IRQHandler        0x38f    0xa  Code  Wk  startup.o [1]
WideTimer5A_IRQHandler        0x38f    0xa  Code  Wk  startup.o [1]
WideTimer5B_IRQHandler        0x38f    0xa  Code  Wk  startup.o [1]
__ICFEDIT_region_RAM_start__ {Abs}
                        0x2000'0000         Data  Gb  <internal module>
__ICFEDIT_size_cstack__ {Abs}
                              0x400         Data  Gb  <internal module>
__cmain                       0x43d         Code  Gb  cmain.o [4]
__exit                        0x471   0x14  Code  Gb  exit.o [5]
__iar_copy_init3              0x3b1   0x2a  Code  Gb  copy_init3.o [4]
__iar_data_init3              0x3dd   0x28  Code  Gb  data_init.o [4]
__iar_init_vfp                0x405         Code  Gb  fpinit_M.o [3]
__iar_program_start           0x485         Code  Gb  cstartup_M.o [4]
__low_level_init              0x45b    0x4  Code  Gb  low_level_init.o [2]
__vector_table                  0x0  0x26c  Data  Gb  startup.o [1]
_call_main                    0x449         Code  Gb  cmain.o [4]
_exit                         0x465         Code  Gb  cexit.o [4]
assert_failed                 0x351    0xc  Code  Gb  main.o [1]
exit                          0x45f    0x4  Code  Gb  exit.o [2]
init                          0x2cb   0x3c  Code  Lc  main.o [1]
main                          0x289   0x42  Code  Gb  main.o [1]
uDMAError_IRQHandler          0x38f    0xa  Code  Wk  startup.o [1]
uDMAST_IRQHandler             0x38f    0xa  Code  Wk  startup.o [1]


[1] = E:\microcontrollers\Embedded diploma\unit 14\practical\session 3 - LAB2\IAR-TIVA c\LESSON\Debug\Obj
[2] = dl7M_tln.a
[3] = m7M_tls.a
[4] = rt7M_tl.a
[5] = shb_l.a

    542 bytes of readonly  code memory
    710 bytes of readonly  data memory
  1'035 bytes of readwrite data memory

Errors: none
Warnings: none
