Archive member included because of file (symbol)

c:/winavr-20100110/bin/../lib/gcc/avr/4.3.3/avr5\libgcc.a(_udivmodsi4.o)
                              build/default/debug/AVR files/usartATmega32.o (__udivmodsi4)
c:/winavr-20100110/bin/../lib/gcc/avr/4.3.3/avr5\libgcc.a(_exit.o)
                              c:/winavr-20100110/bin/../lib/gcc/avr/4.3.3/../../../../avr/lib/avr5/crtm32.o (exit)
c:/winavr-20100110/bin/../lib/gcc/avr/4.3.3/avr5\libgcc.a(_copy_data.o)
                              build/default/debug/AVR files/main.o (__do_copy_data)
c:/winavr-20100110/bin/../lib/gcc/avr/4.3.3/avr5\libgcc.a(_clear_bss.o)
                              build/default/debug/AVR files/main.o (__do_clear_bss)

Allocating common symbols
Common symbol       size              file

gnameEntered        0x14              build/default/debug/AVR files/main.o
gReceiver           0x1               build/default/debug/AVR files/main.o

Discarded input sections

 .data          0x00000000        0x0 c:/winavr-20100110/bin/../lib/gcc/avr/4.3.3/../../../../avr/lib/avr5/crtm32.o
 .bss           0x00000000        0x0 c:/winavr-20100110/bin/../lib/gcc/avr/4.3.3/../../../../avr/lib/avr5/crtm32.o
 .text          0x00000000        0x0 build/default/debug/AVR files/EXTI.o
 .data          0x00000000        0x0 build/default/debug/AVR files/EXTI.o
 .bss           0x00000000        0x0 build/default/debug/AVR files/EXTI.o
 .text.ExtInterrupt_init
                0x00000000        0x0 build/default/debug/AVR files/EXTI.o
 .text          0x00000000        0x0 build/default/debug/AVR files/GPIO_MEGA32.o
 .data          0x00000000        0x0 build/default/debug/AVR files/GPIO_MEGA32.o
 .bss           0x00000000        0x0 build/default/debug/AVR files/GPIO_MEGA32.o
 .text.PORT_Set_pin
                0x00000000        0x0 build/default/debug/AVR files/GPIO_MEGA32.o
 .text.PORT_Reset_pin
                0x00000000        0x0 build/default/debug/AVR files/GPIO_MEGA32.o
 .text          0x00000000        0x0 build/default/debug/AVR files/Timer0.o
 .data          0x00000000        0x0 build/default/debug/AVR files/Timer0.o
 .bss           0x00000000        0x0 build/default/debug/AVR files/Timer0.o
 .text.TMR0_init
                0x00000000        0x0 build/default/debug/AVR files/Timer0.o
 .text          0x00000000        0x0 build/default/debug/AVR files/delayT0.o
 .data          0x00000000        0x0 build/default/debug/AVR files/delayT0.o
 .bss           0x00000000        0x0 build/default/debug/AVR files/delayT0.o
 .text.delay_ms
                0x00000000        0x0 build/default/debug/AVR files/delayT0.o
 .text          0x00000000        0x0 build/default/debug/AVR files/main.o
 .bss           0x00000000        0x0 build/default/debug/AVR files/main.o
 .text          0x00000000        0x0 build/default/debug/AVR files/usartATmega32.o
 .data          0x00000000        0x0 build/default/debug/AVR files/usartATmega32.o
 .bss           0x00000000        0x0 build/default/debug/AVR files/usartATmega32.o
 .text.USART_Transmit_Char
                0x00000000        0x0 build/default/debug/AVR files/usartATmega32.o
 .text.USART_Transmit_Text
                0x00000000        0x0 build/default/debug/AVR files/usartATmega32.o
 .text.USART_Receive
                0x00000000        0x0 build/default/debug/AVR files/usartATmega32.o
 .text          0x00000000        0x0 c:/winavr-20100110/bin/../lib/gcc/avr/4.3.3/avr5\libgcc.a(_udivmodsi4.o)
 .data          0x00000000        0x0 c:/winavr-20100110/bin/../lib/gcc/avr/4.3.3/avr5\libgcc.a(_udivmodsi4.o)
 .bss           0x00000000        0x0 c:/winavr-20100110/bin/../lib/gcc/avr/4.3.3/avr5\libgcc.a(_udivmodsi4.o)
 .text          0x00000000        0x0 c:/winavr-20100110/bin/../lib/gcc/avr/4.3.3/avr5\libgcc.a(_exit.o)
 .data          0x00000000        0x0 c:/winavr-20100110/bin/../lib/gcc/avr/4.3.3/avr5\libgcc.a(_exit.o)
 .bss           0x00000000        0x0 c:/winavr-20100110/bin/../lib/gcc/avr/4.3.3/avr5\libgcc.a(_exit.o)
 .text.libgcc   0x00000000        0x0 c:/winavr-20100110/bin/../lib/gcc/avr/4.3.3/avr5\libgcc.a(_exit.o)
 .text          0x00000000        0x0 c:/winavr-20100110/bin/../lib/gcc/avr/4.3.3/avr5\libgcc.a(_copy_data.o)
 .data          0x00000000        0x0 c:/winavr-20100110/bin/../lib/gcc/avr/4.3.3/avr5\libgcc.a(_copy_data.o)
 .bss           0x00000000        0x0 c:/winavr-20100110/bin/../lib/gcc/avr/4.3.3/avr5\libgcc.a(_copy_data.o)
 .text.libgcc   0x00000000        0x0 c:/winavr-20100110/bin/../lib/gcc/avr/4.3.3/avr5\libgcc.a(_copy_data.o)
 .text          0x00000000        0x0 c:/winavr-20100110/bin/../lib/gcc/avr/4.3.3/avr5\libgcc.a(_clear_bss.o)
 .data          0x00000000        0x0 c:/winavr-20100110/bin/../lib/gcc/avr/4.3.3/avr5\libgcc.a(_clear_bss.o)
 .bss           0x00000000        0x0 c:/winavr-20100110/bin/../lib/gcc/avr/4.3.3/avr5\libgcc.a(_clear_bss.o)
 .text.libgcc   0x00000000        0x0 c:/winavr-20100110/bin/../lib/gcc/avr/4.3.3/avr5\libgcc.a(_clear_bss.o)

Memory Configuration

Name             Origin             Length             Attributes
text             0x00000000         0x00020000         xr
data             0x00800060         0x0000ffa0         rw !x
eeprom           0x00810000         0x00010000         rw !x
fuse             0x00820000         0x00000400         rw !x
lock             0x00830000         0x00000400         rw !x
signature        0x00840000         0x00000400         rw !x
*default*        0x00000000         0xffffffff

Linker script and memory map

LOAD c:/winavr-20100110/bin/../lib/gcc/avr/4.3.3/../../../../avr/lib/avr5/crtm32.o
LOAD build/default/debug/AVR files/EXTI.o
LOAD build/default/debug/AVR files/GPIO_MEGA32.o
LOAD build/default/debug/AVR files/Timer0.o
LOAD build/default/debug/AVR files/delayT0.o
LOAD build/default/debug/AVR files/main.o
LOAD build/default/debug/AVR files/usartATmega32.o
                0x00000001                __MPLAB_BUILD = 0x1
                0x00000001                __MPLAB_DEBUG = 0x1
                0x00000001                __DEBUG = 0x1
                0x00000001                __MPLAB_DEBUGGER_SIMULATOR = 0x1
START GROUP
LOAD c:/winavr-20100110/bin/../lib/gcc/avr/4.3.3/../../../../avr/lib/avr5\libm.a
END GROUP
LOAD c:/winavr-20100110/bin/../lib/gcc/avr/4.3.3/avr5\libgcc.a
LOAD c:/winavr-20100110/bin/../lib/gcc/avr/4.3.3/../../../../avr/lib/avr5\libc.a
LOAD c:/winavr-20100110/bin/../lib/gcc/avr/4.3.3/avr5\libgcc.a

.hash
 *(.hash)

.dynsym
 *(.dynsym)

.dynstr
 *(.dynstr)

.gnu.version
 *(.gnu.version)

.gnu.version_d
 *(.gnu.version_d)

.gnu.version_r
 *(.gnu.version_r)

.rel.init
 *(.rel.init)

.rela.init
 *(.rela.init)

.rel.text
 *(.rel.text)
 *(.rel.text.*)
 *(.rel.gnu.linkonce.t*)

.rela.text
 *(.rela.text)
 *(.rela.text.*)
 *(.rela.gnu.linkonce.t*)

.rel.fini
 *(.rel.fini)

.rela.fini
 *(.rela.fini)

.rel.rodata
 *(.rel.rodata)
 *(.rel.rodata.*)
 *(.rel.gnu.linkonce.r*)

.rela.rodata
 *(.rela.rodata)
 *(.rela.rodata.*)
 *(.rela.gnu.linkonce.r*)

.rel.data
 *(.rel.data)
 *(.rel.data.*)
 *(.rel.gnu.linkonce.d*)

.rela.data
 *(.rela.data)
 *(.rela.data.*)
 *(.rela.gnu.linkonce.d*)

.rel.ctors
 *(.rel.ctors)

.rela.ctors
 *(.rela.ctors)

.rel.dtors
 *(.rel.dtors)

.rela.dtors
 *(.rela.dtors)

.rel.got
 *(.rel.got)

.rela.got
 *(.rela.got)

.rel.bss
 *(.rel.bss)

.rela.bss
 *(.rela.bss)

.rel.plt
 *(.rel.plt)

.rela.plt
 *(.rela.plt)

.text           0x00000000      0x74a
 *(.vectors)
 .vectors       0x00000000       0x54 c:/winavr-20100110/bin/../lib/gcc/avr/4.3.3/../../../../avr/lib/avr5/crtm32.o
                0x00000000                __vectors
                0x00000000                __vector_default
 *(.vectors)
 *(.progmem.gcc*)
 *(.progmem*)
                0x00000054                . = ALIGN (0x2)
                0x00000054                __trampolines_start = .
 *(.trampolines)
 .trampolines   0x00000054        0x0 linker stubs
 *(.trampolines*)
                0x00000054                __trampolines_end = .
 *(.jumptables)
 *(.jumptables*)
 *(.lowtext)
 *(.lowtext*)
                0x00000054                __ctors_start = .
 *(.ctors)
                0x00000054                __ctors_end = .
                0x00000054                __dtors_start = .
 *(.dtors)
                0x00000054                __dtors_end = .
 SORT(*)(.ctors)
 SORT(*)(.dtors)
 *(.init0)
 .init0         0x00000054        0x0 c:/winavr-20100110/bin/../lib/gcc/avr/4.3.3/../../../../avr/lib/avr5/crtm32.o
                0x00000054                __init
 *(.init0)
 *(.init1)
 *(.init1)
 *(.init2)
 .init2         0x00000054        0xc c:/winavr-20100110/bin/../lib/gcc/avr/4.3.3/../../../../avr/lib/avr5/crtm32.o
 *(.init2)
 *(.init3)
 *(.init3)
 *(.init4)
 .init4         0x00000060       0x16 c:/winavr-20100110/bin/../lib/gcc/avr/4.3.3/avr5\libgcc.a(_copy_data.o)
                0x00000060                __do_copy_data
 .init4         0x00000076       0x10 c:/winavr-20100110/bin/../lib/gcc/avr/4.3.3/avr5\libgcc.a(_clear_bss.o)
                0x00000076                __do_clear_bss
 *(.init4)
 *(.init5)
 *(.init5)
 *(.init6)
 *(.init6)
 *(.init7)
 *(.init7)
 *(.init8)
 *(.init8)
 *(.init9)
 .init9         0x00000086        0x8 c:/winavr-20100110/bin/../lib/gcc/avr/4.3.3/../../../../avr/lib/avr5/crtm32.o
 *(.init9)
 *(.text)
 .text          0x0000008e        0x4 c:/winavr-20100110/bin/../lib/gcc/avr/4.3.3/../../../../avr/lib/avr5/crtm32.o
                0x0000008e                __vector_12
                0x0000008e                __bad_interrupt
                0x0000008e                __vector_6
                0x0000008e                __vector_17
                0x0000008e                __vector_19
                0x0000008e                __vector_7
                0x0000008e                __vector_5
                0x0000008e                __vector_4
                0x0000008e                __vector_9
                0x0000008e                __vector_8
                0x0000008e                __vector_16
                0x0000008e                __vector_18
                0x0000008e                __vector_20
                0x00000092                . = ALIGN (0x2)
 *(.text.*)
 .text.__vector_3
                0x00000092       0x58 build/default/debug/AVR files/EXTI.o
                0x00000092                __vector_3
 .text.__vector_2
                0x000000ea       0x4e build/default/debug/AVR files/EXTI.o
                0x000000ea                __vector_2
 .text.__vector_1
                0x00000138       0x58 build/default/debug/AVR files/EXTI.o
                0x00000138                __vector_1
 .text.PORT_init
                0x00000190       0xcc build/default/debug/AVR files/GPIO_MEGA32.o
                0x00000190                PORT_init
 .text.PORT_Toggle_pin
                0x0000025c       0x1c build/default/debug/AVR files/GPIO_MEGA32.o
                0x0000025c                PORT_Toggle_pin
 .text.PORT_Read
                0x00000278        0x6 build/default/debug/AVR files/GPIO_MEGA32.o
                0x00000278                PORT_Read
 .text.PORT_Write
                0x0000027e        0x6 build/default/debug/AVR files/GPIO_MEGA32.o
                0x0000027e                PORT_Write
 .text.__vector_10
                0x00000284       0x14 build/default/debug/AVR files/Timer0.o
                0x00000284                __vector_10
 .text.__vector_11
                0x00000298       0x58 build/default/debug/AVR files/Timer0.o
                0x00000298                __vector_11
 .text.main     0x000002f0       0x5a build/default/debug/AVR files/main.o
                0x000002f0                main
 .text.USART_ISR
                0x0000034a      0x11c build/default/debug/AVR files/main.o
                0x0000034a                USART_ISR
 .text.USART_init
                0x00000466      0x192 build/default/debug/AVR files/usartATmega32.o
                0x00000466                USART_init
 .text.USART_Send_Char
                0x000005f8       0x20 build/default/debug/AVR files/usartATmega32.o
                0x000005f8                USART_Send_Char
 .text.__vector_15
                0x00000618       0x4e build/default/debug/AVR files/usartATmega32.o
                0x00000618                __vector_15
 .text.__vector_13
                0x00000666       0x4e build/default/debug/AVR files/usartATmega32.o
                0x00000666                __vector_13
 .text.__vector_14
                0x000006b4       0x4e build/default/debug/AVR files/usartATmega32.o
                0x000006b4                __vector_14
 .text.libgcc   0x00000702       0x44 c:/winavr-20100110/bin/../lib/gcc/avr/4.3.3/avr5\libgcc.a(_udivmodsi4.o)
                0x00000702                __udivmodsi4
                0x00000746                . = ALIGN (0x2)
 *(.fini9)
 .fini9         0x00000746        0x0 c:/winavr-20100110/bin/../lib/gcc/avr/4.3.3/avr5\libgcc.a(_exit.o)
                0x00000746                exit
                0x00000746                _exit
 *(.fini9)
 *(.fini8)
 *(.fini8)
 *(.fini7)
 *(.fini7)
 *(.fini6)
 *(.fini6)
 *(.fini5)
 *(.fini5)
 *(.fini4)
 *(.fini4)
 *(.fini3)
 *(.fini3)
 *(.fini2)
 *(.fini2)
 *(.fini1)
 *(.fini1)
 *(.fini0)
 .fini0         0x00000746        0x4 c:/winavr-20100110/bin/../lib/gcc/avr/4.3.3/avr5\libgcc.a(_exit.o)
 *(.fini0)
                0x0000074a                _etext = .

.data           0x00800060       0x76 load address 0x0000074a
                0x00800060                PROVIDE (__data_start, .)
 *(.data)
 .data          0x00800060       0x48 build/default/debug/AVR files/main.o
 *(.data*)
 .data.Passwoord_Status.1718
                0x008000a8        0x1 build/default/debug/AVR files/main.o
 *(.rodata)
 *(.rodata*)
 .rodata.gfirst_message
                0x008000a9        0xe build/default/debug/AVR files/main.o
 .rodata.C.5.1774
                0x008000b7        0xb build/default/debug/AVR files/main.o
 .rodata.gnameSaved
                0x008000c2       0x14 build/default/debug/AVR files/main.o
 *(.gnu.linkonce.d*)
                0x008000d6                . = ALIGN (0x2)
                0x008000d6                _edata = .
                0x008000d6                PROVIDE (__data_end, .)

.bss            0x008000d6       0x18
                0x008000d6                PROVIDE (__bss_start, .)
 *(.bss)
 *(.bss*)
 .bss.counter.1717
                0x008000d6        0x1 build/default/debug/AVR files/main.o
 .bss.GptrToISRInApp
                0x008000d7        0x2 build/default/debug/AVR files/usartATmega32.o
 *(COMMON)
 COMMON         0x008000d9       0x15 build/default/debug/AVR files/main.o
                0x008000d9                gnameEntered
                0x008000ed                gReceiver
                0x008000ee                PROVIDE (__bss_end, .)
                0x0000074a                __data_load_start = LOADADDR (.data)
                0x000007c0                __data_load_end = (__data_load_start + SIZEOF (.data))

.noinit         0x008000ee        0x0
                0x008000ee                PROVIDE (__noinit_start, .)
 *(.noinit*)
                0x008000ee                PROVIDE (__noinit_end, .)
                0x008000ee                _end = .
                0x008000ee                PROVIDE (__heap_start, .)

.eeprom         0x00810000        0x0
 *(.eeprom*)
                0x00810000                __eeprom_end = .

.fuse           0x00820000        0x2
 *(.fuse)
 .fuse          0x00820000        0x2 build/default/debug/AVR files/main.o
                0x00820000                __fuse
 *(.lfuse)
 *(.hfuse)
 *(.efuse)

.lock           0x00830000        0x1
 *(.lock*)
 .lock          0x00830000        0x1 build/default/debug/AVR files/main.o
                0x00830000                __lock

.signature
 *(.signature*)

.stab
 *(.stab)

.stabstr
 *(.stabstr)

.stab.excl
 *(.stab.excl)

.stab.exclstr
 *(.stab.exclstr)

.stab.index
 *(.stab.index)

.stab.indexstr
 *(.stab.indexstr)

.comment
 *(.comment)

.debug
 *(.debug)

.line
 *(.line)

.debug_srcinfo
 *(.debug_srcinfo)

.debug_sfnames
 *(.debug_sfnames)

.debug_aranges  0x00000000      0x150
 *(.debug_aranges)
 .debug_aranges
                0x00000000       0x38 build/default/debug/AVR files/EXTI.o
 .debug_aranges
                0x00000038       0x48 build/default/debug/AVR files/GPIO_MEGA32.o
 .debug_aranges
                0x00000080       0x30 build/default/debug/AVR files/Timer0.o
 .debug_aranges
                0x000000b0       0x20 build/default/debug/AVR files/delayT0.o
 .debug_aranges
                0x000000d0       0x28 build/default/debug/AVR files/main.o
 .debug_aranges
                0x000000f8       0x58 build/default/debug/AVR files/usartATmega32.o

.debug_pubnames
                0x00000000      0x22e
 *(.debug_pubnames)
 .debug_pubnames
                0x00000000       0x55 build/default/debug/AVR files/EXTI.o
 .debug_pubnames
                0x00000055       0x75 build/default/debug/AVR files/GPIO_MEGA32.o
 .debug_pubnames
                0x000000ca       0x40 build/default/debug/AVR files/Timer0.o
 .debug_pubnames
                0x0000010a       0x1f build/default/debug/AVR files/delayT0.o
 .debug_pubnames
                0x00000129       0x5e build/default/debug/AVR files/main.o
 .debug_pubnames
                0x00000187       0xa7 build/default/debug/AVR files/usartATmega32.o

.debug_info     0x00000000     0x1652
 *(.debug_info)
 .debug_info    0x00000000      0x415 build/default/debug/AVR files/EXTI.o
 .debug_info    0x00000415      0x2be build/default/debug/AVR files/GPIO_MEGA32.o
 .debug_info    0x000006d3      0x32a build/default/debug/AVR files/Timer0.o
 .debug_info    0x000009fd       0xa7 build/default/debug/AVR files/delayT0.o
 .debug_info    0x00000aa4      0x5c5 build/default/debug/AVR files/main.o
 .debug_info    0x00001069      0x5e9 build/default/debug/AVR files/usartATmega32.o
 *(.gnu.linkonce.wi.*)

.debug_abbrev   0x00000000      0x706
 *(.debug_abbrev)
 .debug_abbrev  0x00000000      0x125 build/default/debug/AVR files/EXTI.o
 .debug_abbrev  0x00000125      0x123 build/default/debug/AVR files/GPIO_MEGA32.o
 .debug_abbrev  0x00000248       0xf8 build/default/debug/AVR files/Timer0.o
 .debug_abbrev  0x00000340       0x77 build/default/debug/AVR files/delayT0.o
 .debug_abbrev  0x000003b7      0x1b0 build/default/debug/AVR files/main.o
 .debug_abbrev  0x00000567      0x19f build/default/debug/AVR files/usartATmega32.o

.debug_line     0x00000000      0xb11
 *(.debug_line)
 .debug_line    0x00000000      0x1c5 build/default/debug/AVR files/EXTI.o
 .debug_line    0x000001c5      0x21e build/default/debug/AVR files/GPIO_MEGA32.o
 .debug_line    0x000003e3      0x19b build/default/debug/AVR files/Timer0.o
 .debug_line    0x0000057e       0x7f build/default/debug/AVR files/delayT0.o
 .debug_line    0x000005fd      0x1e7 build/default/debug/AVR files/main.o
 .debug_line    0x000007e4      0x32d build/default/debug/AVR files/usartATmega32.o

.debug_frame    0x00000000      0x1e0
 *(.debug_frame)
 .debug_frame   0x00000000       0x50 build/default/debug/AVR files/EXTI.o
 .debug_frame   0x00000050       0x70 build/default/debug/AVR files/GPIO_MEGA32.o
 .debug_frame   0x000000c0       0x40 build/default/debug/AVR files/Timer0.o
 .debug_frame   0x00000100       0x20 build/default/debug/AVR files/delayT0.o
 .debug_frame   0x00000120       0x30 build/default/debug/AVR files/main.o
 .debug_frame   0x00000150       0x90 build/default/debug/AVR files/usartATmega32.o

.debug_str      0x00000000      0x744
 *(.debug_str)
 .debug_str     0x00000000      0x1df build/default/debug/AVR files/EXTI.o
                                0x213 (size before relaxing)
 .debug_str     0x000001df       0xcc build/default/debug/AVR files/GPIO_MEGA32.o
                                0x191 (size before relaxing)
 .debug_str     0x000002ab       0xf3 build/default/debug/AVR files/Timer0.o
                                0x1b7 (size before relaxing)
 .debug_str     0x0000039e       0x1d build/default/debug/AVR files/delayT0.o
                                 0xce (size before relaxing)
 .debug_str     0x000003bb      0x2c5 build/default/debug/AVR files/main.o
                                0x388 (size before relaxing)
 .debug_str     0x00000680       0xc4 build/default/debug/AVR files/usartATmega32.o
                                0x37e (size before relaxing)

.debug_loc      0x00000000      0x2a0
 *(.debug_loc)
 .debug_loc     0x00000000       0x28 build/default/debug/AVR files/EXTI.o
 .debug_loc     0x00000028      0x108 build/default/debug/AVR files/GPIO_MEGA32.o
 .debug_loc     0x00000130       0x70 build/default/debug/AVR files/Timer0.o
 .debug_loc     0x000001a0       0x18 build/default/debug/AVR files/delayT0.o
 .debug_loc     0x000001b8       0x3c build/default/debug/AVR files/main.o
 .debug_loc     0x000001f4       0xac build/default/debug/AVR files/usartATmega32.o

.debug_macinfo
 *(.debug_macinfo)
OUTPUT(dist/default/debug/Serial.X.debug.elf elf32-avr)
LOAD linker stubs

.debug_ranges   0x00000000      0x120
 .debug_ranges  0x00000000       0x30 build/default/debug/AVR files/EXTI.o
 .debug_ranges  0x00000030       0x40 build/default/debug/AVR files/GPIO_MEGA32.o
 .debug_ranges  0x00000070       0x28 build/default/debug/AVR files/Timer0.o
 .debug_ranges  0x00000098       0x18 build/default/debug/AVR files/delayT0.o
 .debug_ranges  0x000000b0       0x20 build/default/debug/AVR files/main.o
 .debug_ranges  0x000000d0       0x50 build/default/debug/AVR files/usartATmega32.o
