Archive member included to satisfy reference by file (symbol)

c:/st/stm32cubeide_1.4.0/stm32cubeide/plugins/com.st.stm32cube.ide.mcu.externaltools.gnu-tools-for-stm32.7-2018-q2-update.win32_1.4.0.202007081208/tools/bin/../lib/gcc/arm-none-eabi/7.3.1/../../../../arm-none-eabi/lib/thumb/v7-m\libc_nano.a(lib_a-errno.o)
                              Core/Src/syscalls.o (__errno)
c:/st/stm32cubeide_1.4.0/stm32cubeide/plugins/com.st.stm32cube.ide.mcu.externaltools.gnu-tools-for-stm32.7-2018-q2-update.win32_1.4.0.202007081208/tools/bin/../lib/gcc/arm-none-eabi/7.3.1/../../../../arm-none-eabi/lib/thumb/v7-m\libc_nano.a(lib_a-exit.o)
                              c:/st/stm32cubeide_1.4.0/stm32cubeide/plugins/com.st.stm32cube.ide.mcu.externaltools.gnu-tools-for-stm32.7-2018-q2-update.win32_1.4.0.202007081208/tools/bin/../lib/gcc/arm-none-eabi/7.3.1/../../../../arm-none-eabi/lib/thumb/v7-m/crt0.o (exit)
c:/st/stm32cubeide_1.4.0/stm32cubeide/plugins/com.st.stm32cube.ide.mcu.externaltools.gnu-tools-for-stm32.7-2018-q2-update.win32_1.4.0.202007081208/tools/bin/../lib/gcc/arm-none-eabi/7.3.1/../../../../arm-none-eabi/lib/thumb/v7-m\libc_nano.a(lib_a-impure.o)
                              c:/st/stm32cubeide_1.4.0/stm32cubeide/plugins/com.st.stm32cube.ide.mcu.externaltools.gnu-tools-for-stm32.7-2018-q2-update.win32_1.4.0.202007081208/tools/bin/../lib/gcc/arm-none-eabi/7.3.1/../../../../arm-none-eabi/lib/thumb/v7-m\libc_nano.a(lib_a-exit.o) (_global_impure_ptr)
c:/st/stm32cubeide_1.4.0/stm32cubeide/plugins/com.st.stm32cube.ide.mcu.externaltools.gnu-tools-for-stm32.7-2018-q2-update.win32_1.4.0.202007081208/tools/bin/../lib/gcc/arm-none-eabi/7.3.1/../../../../arm-none-eabi/lib/thumb/v7-m\libc_nano.a(lib_a-init.o)
                              c:/st/stm32cubeide_1.4.0/stm32cubeide/plugins/com.st.stm32cube.ide.mcu.externaltools.gnu-tools-for-stm32.7-2018-q2-update.win32_1.4.0.202007081208/tools/bin/../lib/gcc/arm-none-eabi/7.3.1/../../../../arm-none-eabi/lib/thumb/v7-m/crt0.o (__libc_init_array)
c:/st/stm32cubeide_1.4.0/stm32cubeide/plugins/com.st.stm32cube.ide.mcu.externaltools.gnu-tools-for-stm32.7-2018-q2-update.win32_1.4.0.202007081208/tools/bin/../lib/gcc/arm-none-eabi/7.3.1/../../../../arm-none-eabi/lib/thumb/v7-m\libc_nano.a(lib_a-memset.o)
                              c:/st/stm32cubeide_1.4.0/stm32cubeide/plugins/com.st.stm32cube.ide.mcu.externaltools.gnu-tools-for-stm32.7-2018-q2-update.win32_1.4.0.202007081208/tools/bin/../lib/gcc/arm-none-eabi/7.3.1/../../../../arm-none-eabi/lib/thumb/v7-m/crt0.o (memset)

Allocating common symbols
Common symbol       size              file

uwTick              0x4               Drivers/STM32F1xx_HAL_Driver/Src/stm32f1xx_hal.o
pFlash              0x20              Drivers/STM32F1xx_HAL_Driver/Src/stm32f1xx_hal_flash.o
gI2C_structs        0x40              Core/Src/I2CSTM32.o

Discarded input sections

 .text          0x0000000000000000        0x0 c:/st/stm32cubeide_1.4.0/stm32cubeide/plugins/com.st.stm32cube.ide.mcu.externaltools.gnu-tools-for-stm32.7-2018-q2-update.win32_1.4.0.202007081208/tools/bin/../lib/gcc/arm-none-eabi/7.3.1/thumb/v7-m/crti.o
 .data          0x0000000000000000        0x0 c:/st/stm32cubeide_1.4.0/stm32cubeide/plugins/com.st.stm32cube.ide.mcu.externaltools.gnu-tools-for-stm32.7-2018-q2-update.win32_1.4.0.202007081208/tools/bin/../lib/gcc/arm-none-eabi/7.3.1/thumb/v7-m/crti.o
 .bss           0x0000000000000000        0x0 c:/st/stm32cubeide_1.4.0/stm32cubeide/plugins/com.st.stm32cube.ide.mcu.externaltools.gnu-tools-for-stm32.7-2018-q2-update.win32_1.4.0.202007081208/tools/bin/../lib/gcc/arm-none-eabi/7.3.1/thumb/v7-m/crti.o
 .data          0x0000000000000000        0x4 c:/st/stm32cubeide_1.4.0/stm32cubeide/plugins/com.st.stm32cube.ide.mcu.externaltools.gnu-tools-for-stm32.7-2018-q2-update.win32_1.4.0.202007081208/tools/bin/../lib/gcc/arm-none-eabi/7.3.1/thumb/v7-m/crtbegin.o
 .text          0x0000000000000000       0x74 c:/st/stm32cubeide_1.4.0/stm32cubeide/plugins/com.st.stm32cube.ide.mcu.externaltools.gnu-tools-for-stm32.7-2018-q2-update.win32_1.4.0.202007081208/tools/bin/../lib/gcc/arm-none-eabi/7.3.1/../../../../arm-none-eabi/lib/thumb/v7-m/crt0.o
 .data          0x0000000000000000        0x0 c:/st/stm32cubeide_1.4.0/stm32cubeide/plugins/com.st.stm32cube.ide.mcu.externaltools.gnu-tools-for-stm32.7-2018-q2-update.win32_1.4.0.202007081208/tools/bin/../lib/gcc/arm-none-eabi/7.3.1/../../../../arm-none-eabi/lib/thumb/v7-m/crt0.o
 .bss           0x0000000000000000        0x0 c:/st/stm32cubeide_1.4.0/stm32cubeide/plugins/com.st.stm32cube.ide.mcu.externaltools.gnu-tools-for-stm32.7-2018-q2-update.win32_1.4.0.202007081208/tools/bin/../lib/gcc/arm-none-eabi/7.3.1/../../../../arm-none-eabi/lib/thumb/v7-m/crt0.o
[...]
Memory Configuration

Name             Origin             Length             Attributes
RAM              0x0000000020000000 0x0000000000002800 xrw
FLASH            0x0000000008000000 0x0000000000008000 xr
*default*        0x0000000000000000 0xffffffffffffffff

Linker script and memory map

LOAD c:/st/stm32cubeide_1.4.0/stm32cubeide/plugins/com.st.stm32cube.ide.mcu.externaltools.gnu-tools-for-stm32.7-2018-q2-update.win32_1.4.0.202007081208/tools/bin/../lib/gcc/arm-none-eabi/7.3.1/thumb/v7-m/crti.o
LOAD c:/st/stm32cubeide_1.4.0/stm32cubeide/plugins/com.st.stm32cube.ide.mcu.externaltools.gnu-tools-for-stm32.7-2018-q2-update.win32_1.4.0.202007081208/tools/bin/../lib/gcc/arm-none-eabi/7.3.1/thumb/v7-m/crtbegin.o
LOAD c:/st/stm32cubeide_1.4.0/stm32cubeide/plugins/com.st.stm32cube.ide.mcu.externaltools.gnu-tools-for-stm32.7-2018-q2-update.win32_1.4.0.202007081208/tools/bin/../lib/gcc/arm-none-eabi/7.3.1/../../../../arm-none-eabi/lib/thumb/v7-m/crt0.o
LOAD Core/Src/EEPROM_I2C.o
LOAD Core/Src/GPIOSTM32.o
LOAD Core/Src/I2CSTM32.o
LOAD Core/Src/STM32F103.o
LOAD Core/Src/clockSTM32.o
LOAD Core/Src/main.o
LOAD Core/Src/stm32f1xx_hal_msp.o
LOAD Core/Src/stm32f1xx_it.o
LOAD Core/Src/syscalls.o
LOAD Core/Src/sysmem.o
LOAD Core/Src/system_stm32f1xx.o
LOAD Core/Startup/startup_stm32f103c6tx.o
LOAD Drivers/STM32F1xx_HAL_Driver/Src/stm32f1xx_hal.o
LOAD Drivers/STM32F1xx_HAL_Driver/Src/stm32f1xx_hal_cortex.o
LOAD Drivers/STM32F1xx_HAL_Driver/Src/stm32f1xx_hal_dma.o
LOAD Drivers/STM32F1xx_HAL_Driver/Src/stm32f1xx_hal_exti.o
LOAD Drivers/STM32F1xx_HAL_Driver/Src/stm32f1xx_hal_flash.o
LOAD Drivers/STM32F1xx_HAL_Driver/Src/stm32f1xx_hal_flash_ex.o
LOAD Drivers/STM32F1xx_HAL_Driver/Src/stm32f1xx_hal_gpio.o
LOAD Drivers/STM32F1xx_HAL_Driver/Src/stm32f1xx_hal_gpio_ex.o
LOAD Drivers/STM32F1xx_HAL_Driver/Src/stm32f1xx_hal_pwr.o
LOAD Drivers/STM32F1xx_HAL_Driver/Src/stm32f1xx_hal_rcc.o
LOAD Drivers/STM32F1xx_HAL_Driver/Src/stm32f1xx_hal_rcc_ex.o
LOAD Drivers/STM32F1xx_HAL_Driver/Src/stm32f1xx_hal_tim.o
LOAD Drivers/STM32F1xx_HAL_Driver/Src/stm32f1xx_hal_tim_ex.o
START GROUP
LOAD c:/st/stm32cubeide_1.4.0/stm32cubeide/plugins/com.st.stm32cube.ide.mcu.externaltools.gnu-tools-for-stm32.7-2018-q2-update.win32_1.4.0.202007081208/tools/bin/../lib/gcc/arm-none-eabi/7.3.1/../../../../arm-none-eabi/lib/thumb/v7-m\libc_nano.a
LOAD c:/st/stm32cubeide_1.4.0/stm32cubeide/plugins/com.st.stm32cube.ide.mcu.externaltools.gnu-tools-for-stm32.7-2018-q2-update.win32_1.4.0.202007081208/tools/bin/../lib/gcc/arm-none-eabi/7.3.1/../../../../arm-none-eabi/lib/thumb/v7-m\libm.a
END GROUP
START GROUP
LOAD c:/st/stm32cubeide_1.4.0/stm32cubeide/plugins/com.st.stm32cube.ide.mcu.externaltools.gnu-tools-for-stm32.7-2018-q2-update.win32_1.4.0.202007081208/tools/bin/../lib/gcc/arm-none-eabi/7.3.1/thumb/v7-m\libgcc.a
LOAD c:/st/stm32cubeide_1.4.0/stm32cubeide/plugins/com.st.stm32cube.ide.mcu.externaltools.gnu-tools-for-stm32.7-2018-q2-update.win32_1.4.0.202007081208/tools/bin/../lib/gcc/arm-none-eabi/7.3.1/../../../../arm-none-eabi/lib/thumb/v7-m\libc_nano.a
END GROUP
START GROUP
LOAD c:/st/stm32cubeide_1.4.0/stm32cubeide/plugins/com.st.stm32cube.ide.mcu.externaltools.gnu-tools-for-stm32.7-2018-q2-update.win32_1.4.0.202007081208/tools/bin/../lib/gcc/arm-none-eabi/7.3.1/thumb/v7-m\libgcc.a
LOAD c:/st/stm32cubeide_1.4.0/stm32cubeide/plugins/com.st.stm32cube.ide.mcu.externaltools.gnu-tools-for-stm32.7-2018-q2-update.win32_1.4.0.202007081208/tools/bin/../lib/gcc/arm-none-eabi/7.3.1/../../../../arm-none-eabi/lib/thumb/v7-m\libc_nano.a
LOAD c:/st/stm32cubeide_1.4.0/stm32cubeide/plugins/com.st.stm32cube.ide.mcu.externaltools.gnu-tools-for-stm32.7-2018-q2-update.win32_1.4.0.202007081208/tools/bin/../lib/gcc/arm-none-eabi/7.3.1/../../../../arm-none-eabi/lib/thumb/v7-m\libnosys.a
END GROUP
START GROUP
LOAD c:/st/stm32cubeide_1.4.0/stm32cubeide/plugins/com.st.stm32cube.ide.mcu.externaltools.gnu-tools-for-stm32.7-2018-q2-update.win32_1.4.0.202007081208/tools/bin/../lib/gcc/arm-none-eabi/7.3.1/thumb/v7-m\libgcc.a
LOAD c:/st/stm32cubeide_1.4.0/stm32cubeide/plugins/com.st.stm32cube.ide.mcu.externaltools.gnu-tools-for-stm32.7-2018-q2-update.win32_1.4.0.202007081208/tools/bin/../lib/gcc/arm-none-eabi/7.3.1/../../../../arm-none-eabi/lib/thumb/v7-m\libc_nano.a
LOAD c:/st/stm32cubeide_1.4.0/stm32cubeide/plugins/com.st.stm32cube.ide.mcu.externaltools.gnu-tools-for-stm32.7-2018-q2-update.win32_1.4.0.202007081208/tools/bin/../lib/gcc/arm-none-eabi/7.3.1/../../../../arm-none-eabi/lib/thumb/v7-m\libnosys.a
END GROUP
LOAD c:/st/stm32cubeide_1.4.0/stm32cubeide/plugins/com.st.stm32cube.ide.mcu.externaltools.gnu-tools-for-stm32.7-2018-q2-update.win32_1.4.0.202007081208/tools/bin/../lib/gcc/arm-none-eabi/7.3.1/thumb/v7-m/crtend.o
LOAD c:/st/stm32cubeide_1.4.0/stm32cubeide/plugins/com.st.stm32cube.ide.mcu.externaltools.gnu-tools-for-stm32.7-2018-q2-update.win32_1.4.0.202007081208/tools/bin/../lib/gcc/arm-none-eabi/7.3.1/thumb/v7-m/crtn.o
                0x0000000020002800                _estack = (ORIGIN (RAM) + LENGTH (RAM))
                0x0000000000000200                _Min_Heap_Size = 0x200
                0x0000000000000400                _Min_Stack_Size = 0x400

.isr_vector     0x0000000008000000      0x10c
                0x0000000008000000                . = ALIGN (0x4)
 *(.isr_vector)
 .isr_vector    0x0000000008000000      0x10c Core/Startup/startup_stm32f103c6tx.o
                0x0000000008000000                g_pfnVectors
                0x000000000800010c                . = ALIGN (0x4)

.text           0x000000000800010c      0xadc
                0x000000000800010c                . = ALIGN (0x4)
 *(.text)
 .text          0x000000000800010c       0x40 c:/st/stm32cubeide_1.4.0/stm32cubeide/plugins/com.st.stm32cube.ide.mcu.externaltools.gnu-tools-for-stm32.7-2018-q2-update.win32_1.4.0.202007081208/tools/bin/../lib/gcc/arm-none-eabi/7.3.1/thumb/v7-m/crtbegin.o
 *(.text*)
 .text.EEPROM_I2C_Ext_Read
                0x000000000800014c       0x5c Core/Src/EEPROM_I2C.o
                0x000000000800014c                EEPROM_I2C_Ext_Read
 .text.GPIO_Init_Output_Pin
                0x00000000080001a8       0x8a Core/Src/GPIOSTM32.o
                0x00000000080001a8                GPIO_Init_Output_Pin
 .text.GPIO_Toggle_Pin
                0x0000000008000232       0x26 Core/Src/GPIOSTM32.o
                0x0000000008000232                GPIO_Toggle_Pin
 .text.GPIO_Init_All_Output
                0x0000000008000258       0x38 Core/Src/GPIOSTM32.o
                0x0000000008000258                GPIO_Init_All_Output
 .text.GPIO_Write_port
                0x0000000008000290       0x1a Core/Src/GPIOSTM32.o
                0x0000000008000290                GPIO_Write_port
 *fill*         0x00000000080002aa        0x2 
 .text.I2C_GPIO_Init
                0x00000000080002ac       0x68 Core/Src/I2CSTM32.o
 .text.I2C_init
                0x0000000008000314      0x1fc Core/Src/I2CSTM32.o
                0x0000000008000314                I2C_init
 .text.I2C_Get_Flag_Status
                0x0000000008000510       0xfc Core/Src/I2CSTM32.o
                0x0000000008000510                I2C_Get_Flag_Status
 .text.I2C_Generate_Start
                0x000000000800060c       0x54 Core/Src/I2CSTM32.o
                0x000000000800060c                I2C_Generate_Start
 .text.I2C_Generate_Stop
                0x0000000008000660       0x3c Core/Src/I2CSTM32.o
                0x0000000008000660                I2C_Generate_Stop
 .text.I2C_Generate_ACK
                0x000000000800069c       0x3c Core/Src/I2CSTM32.o
                0x000000000800069c                I2C_Generate_ACK
 .text.I2C_Send_Address
                0x00000000080006d8       0xb4 Core/Src/I2CSTM32.o
                0x00000000080006d8                I2C_Send_Address
 .text.I2C_delay_ms
                0x000000000800078c       0x3c Core/Src/I2CSTM32.o
                0x000000000800078c                I2C_delay_ms
 .text.I2C_Master_Tx
                0x00000000080007c8       0xb0 Core/Src/I2CSTM32.o
                0x00000000080007c8                I2C_Master_Tx
 .text.I2C_Master_Rx
                0x0000000008000878       0xfc Core/Src/I2CSTM32.o
                0x0000000008000878                I2C_Master_Rx
 .text.I2C1_EV_IRQHandler
                0x0000000008000974        0xc Core/Src/I2CSTM32.o
                0x0000000008000974                I2C1_EV_IRQHandler
 .text.I2C2_EV_IRQHandler
                0x0000000008000980        0xc Core/Src/I2CSTM32.o
                0x0000000008000980                I2C2_EV_IRQHandler
 .text.main     0x000000000800098c       0xbc Core/Src/main.o
                0x000000000800098c                main
 .text.delay_ms
                0x0000000008000a48       0x3c Core/Src/main.o
                0x0000000008000a48                delay_ms
 .text.clock_En_init
                0x0000000008000a84       0x1c Core/Src/main.o
                0x0000000008000a84                clock_En_init
 .text.port_init
                0x0000000008000aa0       0x18 Core/Src/main.o
                0x0000000008000aa0                port_init
 .text.NMI_Handler
                0x0000000008000ab8        0xc Core/Src/stm32f1xx_it.o
                0x0000000008000ab8                NMI_Handler
 .text.HardFault_Handler
                0x0000000008000ac4        0x6 Core/Src/stm32f1xx_it.o
                0x0000000008000ac4                HardFault_Handler
 .text.MemManage_Handler
                0x0000000008000aca        0x6 Core/Src/stm32f1xx_it.o
                0x0000000008000aca                MemManage_Handler
 .text.BusFault_Handler
                0x0000000008000ad0        0x6 Core/Src/stm32f1xx_it.o
                0x0000000008000ad0                BusFault_Handler
 .text.UsageFault_Handler
                0x0000000008000ad6        0x6 Core/Src/stm32f1xx_it.o
                0x0000000008000ad6                UsageFault_Handler
 .text.SVC_Handler
                0x0000000008000adc        0xc Core/Src/stm32f1xx_it.o
                0x0000000008000adc                SVC_Handler
 .text.DebugMon_Handler
                0x0000000008000ae8        0xc Core/Src/stm32f1xx_it.o
                0x0000000008000ae8                DebugMon_Handler
 .text.PendSV_Handler
                0x0000000008000af4        0xc Core/Src/stm32f1xx_it.o
                0x0000000008000af4                PendSV_Handler
 .text.SysTick_Handler
                0x0000000008000b00        0xc Core/Src/stm32f1xx_it.o
                0x0000000008000b00                SysTick_Handler
 .text.SystemInit
                0x0000000008000b0c        0xc Core/Src/system_stm32f1xx.o
                0x0000000008000b0c                SystemInit
 .text.Reset_Handler
                0x0000000008000b18       0x48 Core/Startup/startup_stm32f103c6tx.o
                0x0000000008000b18                Reset_Handler
 .text.Default_Handler
                0x0000000008000b60        0x2 Core/Startup/startup_stm32f103c6tx.o
                0x0000000008000b60                RTC_Alarm_IRQHandler
                0x0000000008000b60                EXTI2_IRQHandler
                0x0000000008000b60                TIM1_CC_IRQHandler
                0x0000000008000b60                PVD_IRQHandler
                0x0000000008000b60                EXTI3_IRQHandler
                0x0000000008000b60                EXTI0_IRQHandler
                0x0000000008000b60                ADC1_2_IRQHandler
                0x0000000008000b60                SPI1_IRQHandler
                0x0000000008000b60                TAMPER_IRQHandler
                0x0000000008000b60                DMA1_Channel4_IRQHandler
                0x0000000008000b60                RTC_IRQHandler
                0x0000000008000b60                DMA1_Channel7_IRQHandler
                0x0000000008000b60                CAN1_RX1_IRQHandler
                0x0000000008000b60                DMA1_Channel6_IRQHandler
                0x0000000008000b60                TIM3_IRQHandler
                0x0000000008000b60                RCC_IRQHandler
                0x0000000008000b60                TIM1_TRG_COM_IRQHandler
                0x0000000008000b60                DMA1_Channel1_IRQHandler
                0x0000000008000b60                Default_Handler
                0x0000000008000b60                EXTI15_10_IRQHandler
                0x0000000008000b60                EXTI9_5_IRQHandler
                0x0000000008000b60                DMA1_Channel5_IRQHandler
                0x0000000008000b60                EXTI4_IRQHandler
                0x0000000008000b60                USB_LP_CAN1_RX0_IRQHandler
                0x0000000008000b60                USB_HP_CAN1_TX_IRQHandler
                0x0000000008000b60                DMA1_Channel3_IRQHandler
                0x0000000008000b60                TIM1_UP_IRQHandler
                0x0000000008000b60                WWDG_IRQHandler
                0x0000000008000b60                TIM2_IRQHandler
                0x0000000008000b60                TIM1_BRK_IRQHandler
                0x0000000008000b60                EXTI1_IRQHandler
                0x0000000008000b60                USART2_IRQHandler
                0x0000000008000b60                I2C2_ER_IRQHandler
                0x0000000008000b60                DMA1_Channel2_IRQHandler
                0x0000000008000b60                CAN1_SCE_IRQHandler
                0x0000000008000b60                FLASH_IRQHandler
                0x0000000008000b60                USART1_IRQHandler
                0x0000000008000b60                I2C1_ER_IRQHandler
                0x0000000008000b60                USBWakeUp_IRQHandler
 *fill*         0x0000000008000b62        0x2 
 .text.HAL_IncTick
                0x0000000008000b64       0x24 Drivers/STM32F1xx_HAL_Driver/Src/stm32f1xx_hal.o
                0x0000000008000b64                HAL_IncTick
 .text.__libc_init_array
                0x0000000008000b88       0x48 c:/st/stm32cubeide_1.4.0/stm32cubeide/plugins/com.st.stm32cube.ide.mcu.externaltools.gnu-tools-for-stm32.7-2018-q2-update.win32_1.4.0.202007081208/tools/bin/../lib/gcc/arm-none-eabi/7.3.1/../../../../arm-none-eabi/lib/thumb/v7-m\libc_nano.a(lib_a-init.o)
                0x0000000008000b88                __libc_init_array
 *(.glue_7)
 .glue_7        0x0000000008000bd0        0x0 linker stubs
 *(.glue_7t)
 .glue_7t       0x0000000008000bd0        0x0 linker stubs
 *(.eh_frame)
 .eh_frame      0x0000000008000bd0        0x0 c:/st/stm32cubeide_1.4.0/stm32cubeide/plugins/com.st.stm32cube.ide.mcu.externaltools.gnu-tools-for-stm32.7-2018-q2-update.win32_1.4.0.202007081208/tools/bin/../lib/gcc/arm-none-eabi/7.3.1/thumb/v7-m/crtbegin.o
 *(.init)
 .init          0x0000000008000bd0        0x4 c:/st/stm32cubeide_1.4.0/stm32cubeide/plugins/com.st.stm32cube.ide.mcu.externaltools.gnu-tools-for-stm32.7-2018-q2-update.win32_1.4.0.202007081208/tools/bin/../lib/gcc/arm-none-eabi/7.3.1/thumb/v7-m/crti.o
                0x0000000008000bd0                _init
 .init          0x0000000008000bd4        0x8 c:/st/stm32cubeide_1.4.0/stm32cubeide/plugins/com.st.stm32cube.ide.mcu.externaltools.gnu-tools-for-stm32.7-2018-q2-update.win32_1.4.0.202007081208/tools/bin/../lib/gcc/arm-none-eabi/7.3.1/thumb/v7-m/crtn.o
 *(.fini)
 .fini          0x0000000008000bdc        0x4 c:/st/stm32cubeide_1.4.0/stm32cubeide/plugins/com.st.stm32cube.ide.mcu.externaltools.gnu-tools-for-stm32.7-2018-q2-update.win32_1.4.0.202007081208/tools/bin/../lib/gcc/arm-none-eabi/7.3.1/thumb/v7-m/crti.o
                0x0000000008000bdc                _fini
 .fini          0x0000000008000be0        0x8 c:/st/stm32cubeide_1.4.0/stm32cubeide/plugins/com.st.stm32cube.ide.mcu.externaltools.gnu-tools-for-stm32.7-2018-q2-update.win32_1.4.0.202007081208/tools/bin/../lib/gcc/arm-none-eabi/7.3.1/thumb/v7-m/crtn.o
                0x0000000008000be8                . = ALIGN (0x4)
                0x0000000008000be8                _etext = .

.vfp11_veneer   0x0000000008000be8        0x0
 .vfp11_veneer  0x0000000008000be8        0x0 linker stubs

.v4_bx          0x0000000008000be8        0x0
 .v4_bx         0x0000000008000be8        0x0 linker stubs

.iplt           0x0000000008000be8        0x0
 .iplt          0x0000000008000be8        0x0 c:/st/stm32cubeide_1.4.0/stm32cubeide/plugins/com.st.stm32cube.ide.mcu.externaltools.gnu-tools-for-stm32.7-2018-q2-update.win32_1.4.0.202007081208/tools/bin/../lib/gcc/arm-none-eabi/7.3.1/thumb/v7-m/crtbegin.o

.rodata         0x0000000008000be8       0x24
                0x0000000008000be8                . = ALIGN (0x4)
 *(.rodata)
 .rodata        0x0000000008000be8       0x21 Core/Src/main.o
 *(.rodata*)
                0x0000000008000c0c                . = ALIGN (0x4)
 *fill*         0x0000000008000c09        0x3 

.rel.dyn        0x0000000008000c0c        0x0
 .rel.iplt      0x0000000008000c0c        0x0 c:/st/stm32cubeide_1.4.0/stm32cubeide/plugins/com.st.stm32cube.ide.mcu.externaltools.gnu-tools-for-stm32.7-2018-q2-update.win32_1.4.0.202007081208/tools/bin/../lib/gcc/arm-none-eabi/7.3.1/thumb/v7-m/crtbegin.o

.ARM.extab      0x0000000008000c0c        0x0
                0x0000000008000c0c                . = ALIGN (0x4)
 *(.ARM.extab* .gnu.linkonce.armextab.*)
                0x0000000008000c0c                . = ALIGN (0x4)

.ARM            0x0000000008000c0c        0x0
                0x0000000008000c0c                . = ALIGN (0x4)
                0x0000000008000c0c                __exidx_start = .
 *(.ARM.exidx*)
                0x0000000008000c0c                __exidx_end = .
                0x0000000008000c0c                . = ALIGN (0x4)

.preinit_array  0x0000000008000c0c        0x0
                0x0000000008000c0c                . = ALIGN (0x4)
                0x0000000008000c0c                PROVIDE (__preinit_array_start = .)
 *(.preinit_array*)
                0x0000000008000c0c                PROVIDE (__preinit_array_end = .)
                0x0000000008000c0c                . = ALIGN (0x4)

.init_array     0x0000000008000c0c        0x4
                0x0000000008000c0c                . = ALIGN (0x4)
                0x0000000008000c0c                PROVIDE (__init_array_start = .)
 *(SORT_BY_NAME(.init_array.*))
 *(.init_array*)
 .init_array    0x0000000008000c0c        0x4 c:/st/stm32cubeide_1.4.0/stm32cubeide/plugins/com.st.stm32cube.ide.mcu.externaltools.gnu-tools-for-stm32.7-2018-q2-update.win32_1.4.0.202007081208/tools/bin/../lib/gcc/arm-none-eabi/7.3.1/thumb/v7-m/crtbegin.o
                0x0000000008000c10                PROVIDE (__init_array_end = .)
                0x0000000008000c10                . = ALIGN (0x4)

.fini_array     0x0000000008000c10        0x4
                0x0000000008000c10                . = ALIGN (0x4)
                [!provide]                        PROVIDE (__fini_array_start = .)
 *(SORT_BY_NAME(.fini_array.*))
 *(.fini_array*)
 .fini_array    0x0000000008000c10        0x4 c:/st/stm32cubeide_1.4.0/stm32cubeide/plugins/com.st.stm32cube.ide.mcu.externaltools.gnu-tools-for-stm32.7-2018-q2-update.win32_1.4.0.202007081208/tools/bin/../lib/gcc/arm-none-eabi/7.3.1/thumb/v7-m/crtbegin.o
                [!provide]                        PROVIDE (__fini_array_end = .)
                0x0000000008000c14                . = ALIGN (0x4)
                0x0000000008000c14                _sidata = LOADADDR (.data)

.data           0x0000000020000000        0x4 load address 0x0000000008000c14
                0x0000000020000000                . = ALIGN (0x4)
                0x0000000020000000                _sdata = .
 *(.data)
 *(.data*)
 .data.uwTickFreq
                0x0000000020000000        0x1 Drivers/STM32F1xx_HAL_Driver/Src/stm32f1xx_hal.o
                0x0000000020000000                uwTickFreq
                0x0000000020000004                . = ALIGN (0x4)
 *fill*         0x0000000020000001        0x3 
                0x0000000020000004                _edata = .

.igot.plt       0x0000000020000004        0x0 load address 0x0000000008000c18
 .igot.plt      0x0000000020000004        0x0 c:/st/stm32cubeide_1.4.0/stm32cubeide/plugins/com.st.stm32cube.ide.mcu.externaltools.gnu-tools-for-stm32.7-2018-q2-update.win32_1.4.0.202007081208/tools/bin/../lib/gcc/arm-none-eabi/7.3.1/thumb/v7-m/crtbegin.o
                0x0000000020000004                . = ALIGN (0x4)

.bss            0x0000000020000004       0x60 load address 0x0000000008000c18
                0x0000000020000004                _sbss = .
                0x0000000020000004                __bss_start__ = _sbss
 *(.bss)
 .bss           0x0000000020000004       0x1c c:/st/stm32cubeide_1.4.0/stm32cubeide/plugins/com.st.stm32cube.ide.mcu.externaltools.gnu-tools-for-stm32.7-2018-q2-update.win32_1.4.0.202007081208/tools/bin/../lib/gcc/arm-none-eabi/7.3.1/thumb/v7-m/crtbegin.o
 *(.bss*)
 *(COMMON)
 COMMON         0x0000000020000020       0x40 Core/Src/I2CSTM32.o
                0x0000000020000020                gI2C_structs
 COMMON         0x0000000020000060        0x4 Drivers/STM32F1xx_HAL_Driver/Src/stm32f1xx_hal.o
                0x0000000020000060                uwTick
                0x0000000020000064                . = ALIGN (0x4)
                0x0000000020000064                _ebss = .
                0x0000000020000064                __bss_end__ = _ebss

._user_heap_stack
                0x0000000020000064      0x604 load address 0x0000000008000c18
                0x0000000020000068                . = ALIGN (0x8)
 *fill*         0x0000000020000064        0x4 
                [!provide]                        PROVIDE (end = .)
                0x0000000020000068                PROVIDE (_end = .)
                0x0000000020000268                . = (. + _Min_Heap_Size)
 *fill*         0x0000000020000068      0x200 
                0x0000000020000668                . = (. + _Min_Stack_Size)
 *fill*         0x0000000020000268      0x400 
                0x0000000020000668                . = ALIGN (0x8)

/DISCARD/
 libc.a(*)
 libm.a(*)
 libgcc.a(*)

.ARM.attributes
                0x0000000000000000       0x29
 *(.ARM.attributes)
 .ARM.attributes
                0x0000000000000000       0x1d c:/st/stm32cubeide_1.4.0/stm32cubeide/plugins/com.st.stm32cube.ide.mcu.externaltools.gnu-tools-for-stm32.7-2018-q2-update.win32_1.4.0.202007081208/tools/bin/../lib/gcc/arm-none-eabi/7.3.1/thumb/v7-m/crti.o
 .ARM.attributes
                0x000000000000001d       0x2d c:/st/stm32cubeide_1.4.0/stm32cubeide/plugins/com.st.stm32cube.ide.mcu.externaltools.gnu-tools-for-stm32.7-2018-q2-update.win32_1.4.0.202007081208/tools/bin/../lib/gcc/arm-none-eabi/7.3.1/thumb/v7-m/crtbegin.o
 .ARM.attributes
                0x000000000000004a       0x33 Core/Src/EEPROM_I2C.o
 .ARM.attributes
                0x000000000000007d       0x33 Core/Src/GPIOSTM32.o
 .ARM.attributes
                0x00000000000000b0       0x33 Core/Src/I2CSTM32.o
 .ARM.attributes
                0x00000000000000e3       0x33 Core/Src/main.o
 .ARM.attributes
                0x0000000000000116       0x33 Core/Src/stm32f1xx_it.o
 .ARM.attributes
                0x0000000000000149       0x33 Core/Src/system_stm32f1xx.o
 .ARM.attributes
                0x000000000000017c       0x21 Core/Startup/startup_stm32f103c6tx.o
 .ARM.attributes
                0x000000000000019d       0x33 Drivers/STM32F1xx_HAL_Driver/Src/stm32f1xx_hal.o
 .ARM.attributes
                0x00000000000001d0       0x2d c:/st/stm32cubeide_1.4.0/stm32cubeide/plugins/com.st.stm32cube.ide.mcu.externaltools.gnu-tools-for-stm32.7-2018-q2-update.win32_1.4.0.202007081208/tools/bin/../lib/gcc/arm-none-eabi/7.3.1/../../../../arm-none-eabi/lib/thumb/v7-m\libc_nano.a(lib_a-init.o)
 .ARM.attributes
                0x00000000000001fd       0x1d c:/st/stm32cubeide_1.4.0/stm32cubeide/plugins/com.st.stm32cube.ide.mcu.externaltools.gnu-tools-for-stm32.7-2018-q2-update.win32_1.4.0.202007081208/tools/bin/../lib/gcc/arm-none-eabi/7.3.1/thumb/v7-m/crtn.o
OUTPUT(I2C_STM32.elf elf32-littlearm)

.debug_info     0x0000000000000000     0x4585
 .debug_info    0x0000000000000000      0xb7b Core/Src/EEPROM_I2C.o
 .debug_info    0x0000000000000b7b      0xe93 Core/Src/GPIOSTM32.o
 .debug_info    0x0000000000001a0e     0x1136 Core/Src/I2CSTM32.o
 .debug_info    0x0000000000002b44      0xd55 Core/Src/main.o
 .debug_info    0x0000000000003899      0x249 Core/Src/stm32f1xx_it.o
 .debug_info    0x0000000000003ae2      0x2ca Core/Src/system_stm32f1xx.o
 .debug_info    0x0000000000003dac       0x22 Core/Startup/startup_stm32f103c6tx.o
 .debug_info    0x0000000000003dce      0x7b7 Drivers/STM32F1xx_HAL_Driver/Src/stm32f1xx_hal.o

.debug_abbrev   0x0000000000000000      0xc5f
 .debug_abbrev  0x0000000000000000      0x1be Core/Src/EEPROM_I2C.o
 .debug_abbrev  0x00000000000001be      0x216 Core/Src/GPIOSTM32.o
 .debug_abbrev  0x00000000000003d4      0x2a8 Core/Src/I2CSTM32.o
 .debug_abbrev  0x000000000000067c      0x20a Core/Src/main.o
 .debug_abbrev  0x0000000000000886       0xc8 Core/Src/stm32f1xx_it.o
 .debug_abbrev  0x000000000000094e      0x136 Core/Src/system_stm32f1xx.o
 .debug_abbrev  0x0000000000000a84       0x12 Core/Startup/startup_stm32f103c6tx.o
 .debug_abbrev  0x0000000000000a96      0x1c9 Drivers/STM32F1xx_HAL_Driver/Src/stm32f1xx_hal.o

.debug_loc      0x0000000000000000     0x1528
 .debug_loc     0x0000000000000000       0xa2 Core/Src/EEPROM_I2C.o
 .debug_loc     0x00000000000000a2      0x61c Core/Src/GPIOSTM32.o
 .debug_loc     0x00000000000006be      0x440 Core/Src/I2CSTM32.o
 .debug_loc     0x0000000000000afe      0x106 Core/Src/main.o
 .debug_loc     0x0000000000000c04      0x1ec Core/Src/stm32f1xx_it.o
 .debug_loc     0x0000000000000df0       0xa0 Core/Src/system_stm32f1xx.o
 .debug_loc     0x0000000000000e90      0x698 Drivers/STM32F1xx_HAL_Driver/Src/stm32f1xx_hal.o

.debug_aranges  0x0000000000000000      0x310
 .debug_aranges
                0x0000000000000000       0x28 Core/Src/EEPROM_I2C.o
 .debug_aranges
                0x0000000000000028       0xa0 Core/Src/GPIOSTM32.o
 .debug_aranges
                0x00000000000000c8       0x80 Core/Src/I2CSTM32.o
 .debug_aranges
                0x0000000000000148       0x38 Core/Src/main.o
 .debug_aranges
                0x0000000000000180       0x60 Core/Src/stm32f1xx_it.o
 .debug_aranges
                0x00000000000001e0       0x28 Core/Src/system_stm32f1xx.o
 .debug_aranges
                0x0000000000000208       0x28 Core/Startup/startup_stm32f103c6tx.o
 .debug_aranges
                0x0000000000000230       0xe0 Drivers/STM32F1xx_HAL_Driver/Src/stm32f1xx_hal.o

.debug_ranges   0x0000000000000000      0x298
 .debug_ranges  0x0000000000000000       0x18 Core/Src/EEPROM_I2C.o
 .debug_ranges  0x0000000000000018       0x90 Core/Src/GPIOSTM32.o
 .debug_ranges  0x00000000000000a8       0x70 Core/Src/I2CSTM32.o
 .debug_ranges  0x0000000000000118       0x28 Core/Src/main.o
 .debug_ranges  0x0000000000000140       0x50 Core/Src/stm32f1xx_it.o
 .debug_ranges  0x0000000000000190       0x18 Core/Src/system_stm32f1xx.o
 .debug_ranges  0x00000000000001a8       0x20 Core/Startup/startup_stm32f103c6tx.o
 .debug_ranges  0x00000000000001c8       0xd0 Drivers/STM32F1xx_HAL_Driver/Src/stm32f1xx_hal.o

.debug_macro    0x0000000000000000     0x32e1
 .debug_macro   0x0000000000000000      0x157 Core/Src/EEPROM_I2C.o
 .debug_macro   0x0000000000000157      0xa5a Core/Src/EEPROM_I2C.o
 .debug_macro   0x0000000000000bb1       0x22 Core/Src/EEPROM_I2C.o
 .debug_macro   0x0000000000000bd3       0x8e Core/Src/EEPROM_I2C.o
 .debug_macro   0x0000000000000c61       0x51 Core/Src/EEPROM_I2C.o
 .debug_macro   0x0000000000000cb2       0xef Core/Src/EEPROM_I2C.o
 .debug_macro   0x0000000000000da1       0x6a Core/Src/EEPROM_I2C.o
 .debug_macro   0x0000000000000e0b      0x1df Core/Src/EEPROM_I2C.o
 .debug_macro   0x0000000000000fea       0x18 Core/Src/EEPROM_I2C.o
 .debug_macro   0x0000000000001002       0x46 Core/Src/EEPROM_I2C.o
 .debug_macro   0x0000000000001048       0x3c Core/Src/EEPROM_I2C.o
 .debug_macro   0x0000000000001084       0x34 Core/Src/EEPROM_I2C.o
 .debug_macro   0x00000000000010b8       0x16 Core/Src/EEPROM_I2C.o
 .debug_macro   0x00000000000010ce      0x10e Core/Src/EEPROM_I2C.o
 .debug_macro   0x00000000000011dc       0x8d Core/Src/EEPROM_I2C.o
 .debug_macro   0x0000000000001269       0x52 Core/Src/EEPROM_I2C.o
 .debug_macro   0x00000000000012bb       0x1f Core/Src/EEPROM_I2C.o
 .debug_macro   0x00000000000012da       0x43 Core/Src/EEPROM_I2C.o
 .debug_macro   0x000000000000131d       0x20 Core/Src/EEPROM_I2C.o
 .debug_macro   0x000000000000133d      0x1a3 Core/Src/EEPROM_I2C.o
 .debug_macro   0x00000000000014e0      0x330 Core/Src/EEPROM_I2C.o
 .debug_macro   0x0000000000001810       0x16 Core/Src/EEPROM_I2C.o
 .debug_macro   0x0000000000001826       0x29 Core/Src/EEPROM_I2C.o
 .debug_macro   0x000000000000184f      0x6b7 Core/Src/EEPROM_I2C.o
 .debug_macro   0x0000000000001f06       0xf4 Core/Src/EEPROM_I2C.o
 .debug_macro   0x0000000000001ffa       0x6c Core/Src/EEPROM_I2C.o
 .debug_macro   0x0000000000002066       0x40 Core/Src/EEPROM_I2C.o
 .debug_macro   0x00000000000020a6      0x145 Core/Src/GPIOSTM32.o
 .debug_macro   0x00000000000021eb      0x6b1 Core/Src/GPIOSTM32.o
 .debug_macro   0x000000000000289c       0xee Core/Src/GPIOSTM32.o
 .debug_macro   0x000000000000298a      0x15a Core/Src/I2CSTM32.o
 .debug_macro   0x0000000000002ae4      0x160 Core/Src/main.o
 .debug_macro   0x0000000000002c44      0x124 Core/Src/main.o
 .debug_macro   0x0000000000002d68       0x72 Core/Src/main.o
 .debug_macro   0x0000000000002dda       0x46 Core/Src/main.o
 .debug_macro   0x0000000000002e20      0x197 Core/Src/stm32f1xx_it.o
 .debug_macro   0x0000000000002fb7      0x183 Core/Src/system_stm32f1xx.o
 .debug_macro   0x000000000000313a      0x1a7 Drivers/STM32F1xx_HAL_Driver/Src/stm32f1xx_hal.o

.debug_line     0x0000000000000000     0x2e73
 .debug_line    0x0000000000000000      0x540 Core/Src/EEPROM_I2C.o
 .debug_line    0x0000000000000540      0x6b7 Core/Src/GPIOSTM32.o
 .debug_line    0x0000000000000bf7      0x721 Core/Src/I2CSTM32.o
 .debug_line    0x0000000000001318      0x5a3 Core/Src/main.o
 .debug_line    0x00000000000018bb      0x6d2 Core/Src/stm32f1xx_it.o
 .debug_line    0x0000000000001f8d      0x656 Core/Src/system_stm32f1xx.o
 .debug_line    0x00000000000025e3       0x87 Core/Startup/startup_stm32f103c6tx.o
 .debug_line    0x000000000000266a      0x809 Drivers/STM32F1xx_HAL_Driver/Src/stm32f1xx_hal.o

.debug_str      0x0000000000000000    0x7dcf9
 .debug_str     0x0000000000000000     0x95d2 Core/Src/EEPROM_I2C.o
                                       0x984b (size before relaxing)
 .debug_str     0x00000000000095d2      0x1b2 Core/Src/GPIOSTM32.o
                                       0x9505 (size before relaxing)
 .debug_str     0x0000000000009784      0x32f Core/Src/I2CSTM32.o
                                       0x997a (size before relaxing)
 .debug_str     0x0000000000009ab3      0x5ae Core/Src/main.o
                                       0x9ee3 (size before relaxing)
 .debug_str     0x000000000000a061    0x736a4 Core/Src/stm32f1xx_it.o
                                      0x7884c (size before relaxing)
 .debug_str     0x000000000007d705       0x5e Core/Src/system_stm32f1xx.o
                                      0x7881c (size before relaxing)
 .debug_str     0x000000000007d763       0x36 Core/Startup/startup_stm32f103c6tx.o
                                         0x7a (size before relaxing)
 .debug_str     0x000000000007d799      0x560 Drivers/STM32F1xx_HAL_Driver/Src/stm32f1xx_hal.o
                                      0x78e73 (size before relaxing)

.comment        0x0000000000000000       0x7b
 .comment       0x0000000000000000       0x7b Core/Src/EEPROM_I2C.o
                                         0x7c (size before relaxing)
 .comment       0x000000000000007b       0x7c Core/Src/GPIOSTM32.o
 .comment       0x000000000000007b       0x7c Core/Src/I2CSTM32.o
 .comment       0x000000000000007b       0x7c Core/Src/main.o
 .comment       0x000000000000007b       0x7c Core/Src/stm32f1xx_it.o
 .comment       0x000000000000007b       0x7c Core/Src/system_stm32f1xx.o
 .comment       0x000000000000007b       0x7c Drivers/STM32F1xx_HAL_Driver/Src/stm32f1xx_hal.o

.debug_frame    0x0000000000000000      0xa64
 .debug_frame   0x0000000000000000       0x58 Core/Src/EEPROM_I2C.o
 .debug_frame   0x0000000000000058      0x2b8 Core/Src/GPIOSTM32.o
 .debug_frame   0x0000000000000310      0x1f8 Core/Src/I2CSTM32.o
 .debug_frame   0x0000000000000508       0x98 Core/Src/main.o
 .debug_frame   0x00000000000005a0      0x10c Core/Src/stm32f1xx_it.o
 .debug_frame   0x00000000000006ac       0x58 Core/Src/system_stm32f1xx.o
 .debug_frame   0x0000000000000704      0x334 Drivers/STM32F1xx_HAL_Driver/Src/stm32f1xx_hal.o
 .debug_frame   0x0000000000000a38       0x2c c:/st/stm32cubeide_1.4.0/stm32cubeide/plugins/com.st.stm32cube.ide.mcu.externaltools.gnu-tools-for-stm32.7-2018-q2-update.win32_1.4.0.202007081208/tools/bin/../lib/gcc/arm-none-eabi/7.3.1/../../../../arm-none-eabi/lib/thumb/v7-m\libc_nano.a(lib_a-init.o)
