
Memory Configuration

Name             Origin             Length             Attributes
flash            0x08000000         0x00020000         xr
sram             0x20000000         0x00005000         xrw
*default*        0x00000000         0xffffffff

Linker script and memory map


.text           0x08000000      0x1c0
 *(.vectors*)
 .vectors       0x08000000       0x1c startupX.o
                0x08000000                Vectors
 *(.text*)
 .text          0x0800001c       0x90 startupX.o
                0x0800001c                Reset_handler
                0x080000a0                HardFault_handler
                0x080000a0                MemManage_handler
                0x080000a0                UsageFault_handler
                0x080000a0                BusFault_handler
                0x080000a0                Default_handler
                0x080000a0                NMI_handler
 .text          0x080000ac      0x114 main.o
                0x080000ac                main
                0x08000138                PORT_init
                0x08000154                RCC_init
 *(.rodata)
                0x080001c0                _E_text = .

.glue_7         0x080001c0        0x0
 .glue_7        0x080001c0        0x0 linker stubs

.glue_7t        0x080001c0        0x0
 .glue_7t       0x080001c0        0x0 linker stubs

.vfp11_veneer   0x080001c0        0x0
 .vfp11_veneer  0x080001c0        0x0 linker stubs

.v4_bx          0x080001c0        0x0
 .v4_bx         0x080001c0        0x0 linker stubs

.iplt           0x080001c0        0x0
 .iplt          0x080001c0        0x0 startupX.o

.rel.dyn        0x080001c0        0x0
 .rel.iplt      0x080001c0        0x0 startupX.o

.data           0x20000000        0x8 load address 0x080001c0
                0x20000000                _S_DATA = .
 *(.data)
 .data          0x20000000        0x0 startupX.o
 .data          0x20000000        0x8 main.o
                0x20000000                GPIOA_ODR_REG
                0x20000004                GPIOA_IDR_REG
                0x20000008                . = ALIGN (0x4)
                0x20000008                _E_DATA = .

.igot.plt       0x20000008        0x0 load address 0x080001c8
 .igot.plt      0x20000008        0x0 startupX.o

.bss            0x20000008     0x1000 load address 0x080001c8
                0x20000008                _S_BSS = .
 *(.bss)
 .bss           0x20000008        0x0 startupX.o
 .bss           0x20000008        0x0 main.o
                0x20000008                _E_BSS = .
                0x20000008                . = ALIGN (0x4)
                0x20001008                . = (. + 0x1000)
 *fill*         0x20000008     0x1000 
                0x20001008                _stack_top = .
LOAD startupX.o
LOAD main.o
OUTPUT(cortexM3.elf elf32-littlearm)

.debug_info     0x00000000      0x5a9
 .debug_info    0x00000000      0x1b5 startupX.o
 .debug_info    0x000001b5      0x3f4 main.o

.debug_abbrev   0x00000000      0x1cc
 .debug_abbrev  0x00000000       0xd8 startupX.o
 .debug_abbrev  0x000000d8       0xf4 main.o

.debug_loc      0x00000000      0x13c
 .debug_loc     0x00000000       0x7c startupX.o
 .debug_loc     0x0000007c       0xc0 main.o

.debug_aranges  0x00000000       0x40
 .debug_aranges
                0x00000000       0x20 startupX.o
 .debug_aranges
                0x00000020       0x20 main.o

.debug_line     0x00000000      0x27d
 .debug_line    0x00000000      0x13c startupX.o
 .debug_line    0x0000013c      0x141 main.o

.debug_str      0x00000000      0x2be
 .debug_str     0x00000000      0x197 startupX.o
                                0x1dc (size before relaxing)
 .debug_str     0x00000197      0x127 main.o
                                0x276 (size before relaxing)

.comment        0x00000000       0x7e
 .comment       0x00000000       0x7e startupX.o
                                 0x7f (size before relaxing)
 .comment       0x0000007e       0x7f main.o

.ARM.attributes
                0x00000000       0x33
 .ARM.attributes
                0x00000000       0x33 startupX.o
 .ARM.attributes
                0x00000033       0x33 main.o

.debug_frame    0x00000000       0xc0
 .debug_frame   0x00000000       0x50 startupX.o
 .debug_frame   0x00000050       0x70 main.o
