
Memory Configuration

Name             Origin             Length             Attributes
flash            0x08000000         0x00020000         xr
sram             0x20000000         0x00005000         xrw
*default*        0x00000000         0xffffffff

Linker script and memory map


.text           0x08000000      0x338
 *(.vectors*)
 .vectors       0x08000000       0x1c startupX.o
                0x08000000                Vectors
 *(.text*)
 .text          0x0800001c       0x90 startupX.o
                0x0800001c                Reset_handler
                0x080000a0                HardFault_handler
                0x080000a0                MemManage_handler
                0x080000a0                UsageFault_handler
                0x080000a0                BusFault_handler
                0x080000a0                Default_handler
                0x080000a0                NMI_handler
 .text          0x080000ac       0xe0 pressure_sensor.o
                0x080000ac                init_sensor
                0x08000118                get_pressure_val
 .text          0x0800018c       0x2c main_ALG.o
                0x0800018c                main
 .text          0x080001b8      0x144 alarm.o
                0x080001b8                init_alarm
                0x08000234                start_alarm
                0x080002e0                stop_alarm
 .text          0x080002fc       0x34 alarm_monitor.o
                0x080002fc                high_pressure_detected
 *(.rodata)
 .rodata        0x08000330        0x4 main_ALG.o
 .rodata        0x08000334        0x4 alarm_monitor.o
                0x08000338                _E_text = .

.glue_7         0x08000338        0x0
 .glue_7        0x08000338        0x0 linker stubs

.glue_7t        0x08000338        0x0
 .glue_7t       0x08000338        0x0 linker stubs

.vfp11_veneer   0x08000338        0x0
 .vfp11_veneer  0x08000338        0x0 linker stubs

.v4_bx          0x08000338        0x0
 .v4_bx         0x08000338        0x0 linker stubs

.iplt           0x08000338        0x0
 .iplt          0x08000338        0x0 startupX.o

.rel.dyn        0x08000338        0x0
 .rel.iplt      0x08000338        0x0 startupX.o

.data           0x20000000        0x0 load address 0x08000338
                0x20000000                _S_DATA = .
 *(.data)
 .data          0x20000000        0x0 startupX.o
 .data          0x20000000        0x0 pressure_sensor.o
 .data          0x20000000        0x0 main_ALG.o
 .data          0x20000000        0x0 alarm.o
 .data          0x20000000        0x0 alarm_monitor.o
                0x20000000                . = ALIGN (0x4)
                0x20000000                _E_DATA = .

.igot.plt       0x20000000        0x0 load address 0x08000338
 .igot.plt      0x20000000        0x0 startupX.o

.bss            0x20000000     0x1010 load address 0x08000338
                0x20000000                _S_BSS = .
 *(.bss)
 .bss           0x20000000        0x0 startupX.o
 .bss           0x20000000        0x8 pressure_sensor.o
 .bss           0x20000008        0x4 main_ALG.o
 .bss           0x2000000c        0x0 alarm.o
 .bss           0x2000000c        0x4 alarm_monitor.o
                0x20000010                _E_BSS = .
                0x20000010                . = ALIGN (0x4)
                0x20001010                . = (. + 0x1000)
 *fill*         0x20000010     0x1000 
                0x20001010                _stack_top = .
LOAD startupX.o
LOAD pressure_sensor.o
LOAD main_ALG.o
LOAD alarm.o
LOAD alarm_monitor.o
OUTPUT(cortexM3.elf elf32-littlearm)

.debug_info     0x00000000      0x5b5
 .debug_info    0x00000000      0x1b5 startupX.o
 .debug_info    0x000001b5      0x11c pressure_sensor.o
 .debug_info    0x000002d1       0xc3 main_ALG.o
 .debug_info    0x00000394      0x148 alarm.o
 .debug_info    0x000004dc       0xd9 alarm_monitor.o

.debug_abbrev   0x00000000      0x2da
 .debug_abbrev  0x00000000       0xd8 startupX.o
 .debug_abbrev  0x000000d8       0x92 pressure_sensor.o
 .debug_abbrev  0x0000016a       0x67 main_ALG.o
 .debug_abbrev  0x000001d1       0xa2 alarm.o
 .debug_abbrev  0x00000273       0x67 alarm_monitor.o

.debug_loc      0x00000000      0x288
 .debug_loc     0x00000000       0x7c startupX.o
 .debug_loc     0x0000007c       0xb8 pressure_sensor.o
 .debug_loc     0x00000134       0x2c main_ALG.o
 .debug_loc     0x00000160       0xfc alarm.o
 .debug_loc     0x0000025c       0x2c alarm_monitor.o

.debug_aranges  0x00000000       0xa0
 .debug_aranges
                0x00000000       0x20 startupX.o
 .debug_aranges
                0x00000020       0x20 pressure_sensor.o
 .debug_aranges
                0x00000040       0x20 main_ALG.o
 .debug_aranges
                0x00000060       0x20 alarm.o
 .debug_aranges
                0x00000080       0x20 alarm_monitor.o

.debug_line     0x00000000      0x614
 .debug_line    0x00000000      0x13c startupX.o
 .debug_line    0x0000013c      0x146 pressure_sensor.o
 .debug_line    0x00000282      0x11f main_ALG.o
 .debug_line    0x000003a1      0x15a alarm.o
 .debug_line    0x000004fb      0x119 alarm_monitor.o

.debug_str      0x00000000      0x257
 .debug_str     0x00000000      0x180 startupX.o
                                0x1c5 (size before relaxing)
 .debug_str     0x00000180       0x52 pressure_sensor.o
                                0x18a (size before relaxing)
 .debug_str     0x000001d2       0x1b main_ALG.o
                                0x150 (size before relaxing)
 .debug_str     0x000001ed       0x2a alarm.o
                                0x17f (size before relaxing)
 .debug_str     0x00000217       0x40 alarm_monitor.o
                                0x181 (size before relaxing)

.comment        0x00000000       0x7e
 .comment       0x00000000       0x7e startupX.o
                                 0x7f (size before relaxing)
 .comment       0x0000007e       0x7f pressure_sensor.o
 .comment       0x0000007e       0x7f main_ALG.o
 .comment       0x0000007e       0x7f alarm.o
 .comment       0x0000007e       0x7f alarm_monitor.o

.ARM.attributes
                0x00000000       0x33
 .ARM.attributes
                0x00000000       0x33 startupX.o
 .ARM.attributes
                0x00000033       0x33 pressure_sensor.o
 .ARM.attributes
                0x00000066       0x33 main_ALG.o
 .ARM.attributes
                0x00000099       0x33 alarm.o
 .ARM.attributes
                0x000000cc       0x33 alarm_monitor.o

.debug_frame    0x00000000      0x18c
 .debug_frame   0x00000000       0x50 startupX.o
 .debug_frame   0x00000050       0x60 pressure_sensor.o
 .debug_frame   0x000000b0       0x2c main_ALG.o
 .debug_frame   0x000000dc       0x84 alarm.o
 .debug_frame   0x00000160       0x2c alarm_monitor.o
