Archive member included because of file (symbol)

c:/winavr-20100110/bin/../lib/gcc/avr/4.3.3/../../../../avr/lib/avr5\libm.a(addsf3.o)
                              build/default/debug/AVR files/main.o (__subsf3)
c:/winavr-20100110/bin/../lib/gcc/avr/4.3.3/../../../../avr/lib/avr5\libm.a(addsf3x.o)
                              c:/winavr-20100110/bin/../lib/gcc/avr/4.3.3/../../../../avr/lib/avr5\libm.a(addsf3.o) (__addsf3x)
c:/winavr-20100110/bin/../lib/gcc/avr/4.3.3/../../../../avr/lib/avr5\libm.a(fixunssfsi.o)
                              build/default/debug/AVR files/main.o (__fixunssfsi)
c:/winavr-20100110/bin/../lib/gcc/avr/4.3.3/../../../../avr/lib/avr5\libm.a(floatsisf.o)
                              build/default/debug/AVR files/main.o (__floatunsisf)
c:/winavr-20100110/bin/../lib/gcc/avr/4.3.3/../../../../avr/lib/avr5\libm.a(fp_inf.o)
                              c:/winavr-20100110/bin/../lib/gcc/avr/4.3.3/../../../../avr/lib/avr5\libm.a(addsf3x.o) (__fp_inf)
c:/winavr-20100110/bin/../lib/gcc/avr/4.3.3/../../../../avr/lib/avr5\libm.a(fp_nan.o)
                              c:/winavr-20100110/bin/../lib/gcc/avr/4.3.3/../../../../avr/lib/avr5\libm.a(addsf3x.o) (__fp_nan)
c:/winavr-20100110/bin/../lib/gcc/avr/4.3.3/../../../../avr/lib/avr5\libm.a(fp_pscA.o)
                              c:/winavr-20100110/bin/../lib/gcc/avr/4.3.3/../../../../avr/lib/avr5\libm.a(addsf3x.o) (__fp_pscA)
c:/winavr-20100110/bin/../lib/gcc/avr/4.3.3/../../../../avr/lib/avr5\libm.a(fp_pscB.o)
                              c:/winavr-20100110/bin/../lib/gcc/avr/4.3.3/../../../../avr/lib/avr5\libm.a(addsf3x.o) (__fp_pscB)
c:/winavr-20100110/bin/../lib/gcc/avr/4.3.3/../../../../avr/lib/avr5\libm.a(fp_round.o)
                              c:/winavr-20100110/bin/../lib/gcc/avr/4.3.3/../../../../avr/lib/avr5\libm.a(addsf3.o) (__fp_round)
c:/winavr-20100110/bin/../lib/gcc/avr/4.3.3/../../../../avr/lib/avr5\libm.a(fp_split3.o)
                              c:/winavr-20100110/bin/../lib/gcc/avr/4.3.3/../../../../avr/lib/avr5\libm.a(addsf3x.o) (__fp_split3)
c:/winavr-20100110/bin/../lib/gcc/avr/4.3.3/../../../../avr/lib/avr5\libm.a(fp_zero.o)
                              c:/winavr-20100110/bin/../lib/gcc/avr/4.3.3/../../../../avr/lib/avr5\libm.a(addsf3x.o) (__fp_zero)
c:/winavr-20100110/bin/../lib/gcc/avr/4.3.3/../../../../avr/lib/avr5\libm.a(mulsf3.o)
                              build/default/debug/AVR files/main.o (__mulsf3)
c:/winavr-20100110/bin/../lib/gcc/avr/4.3.3/../../../../avr/lib/avr5\libm.a(mulsf3x.o)
                              c:/winavr-20100110/bin/../lib/gcc/avr/4.3.3/../../../../avr/lib/avr5\libm.a(mulsf3.o) (__mulsf3x)
c:/winavr-20100110/bin/../lib/gcc/avr/4.3.3/avr5\libgcc.a(_udivmodsi4.o)
                              build/default/debug/AVR files/usartATmega32.o (__udivmodsi4)
c:/winavr-20100110/bin/../lib/gcc/avr/4.3.3/avr5\libgcc.a(_exit.o)
                              c:/winavr-20100110/bin/../lib/gcc/avr/4.3.3/../../../../avr/lib/avr5/crtm32.o (exit)
c:/winavr-20100110/bin/../lib/gcc/avr/4.3.3/avr5\libgcc.a(_copy_data.o)
                              build/default/debug/AVR files/main.o (__do_copy_data)
c:/winavr-20100110/bin/../lib/gcc/avr/4.3.3/avr5\libgcc.a(_clear_bss.o)
                              build/default/debug/AVR files/main.o (__do_clear_bss)

Allocating common symbols
Common symbol       size              file

Voltage             0x6               build/default/debug/AVR files/main.o
gADCx               0x2               build/default/debug/AVR files/ADC.o

Discarded input sections

 .data          0x00000000        0x0 c:/winavr-20100110/bin/../lib/gcc/avr/4.3.3/../../../../avr/lib/avr5/crtm32.o
 .bss           0x00000000        0x0 c:/winavr-20100110/bin/../lib/gcc/avr/4.3.3/../../../../avr/lib/avr5/crtm32.o
 .text          0x00000000        0x0 build/default/debug/AVR files/GPIO_MEGA32.o
 .data          0x00000000        0x0 build/default/debug/AVR files/GPIO_MEGA32.o
 .bss           0x00000000        0x0 build/default/debug/AVR files/GPIO_MEGA32.o
 .text.PORT_Toggle_pin
                0x00000000        0x0 build/default/debug/AVR files/GPIO_MEGA32.o
 .text.PORT_Set_pin
                0x00000000        0x0 build/default/debug/AVR files/GPIO_MEGA32.o
 .text.PORT_Reset_pin
                0x00000000        0x0 build/default/debug/AVR files/GPIO_MEGA32.o
 .text.PORT_Read
                0x00000000        0x0 build/default/debug/AVR files/GPIO_MEGA32.o
 .text          0x00000000        0x0 build/default/debug/AVR files/delayT0.o
 .data          0x00000000        0x0 build/default/debug/AVR files/delayT0.o
 .bss           0x00000000        0x0 build/default/debug/AVR files/delayT0.o
 .text          0x00000000        0x0 build/default/debug/AVR files/main.o
 .bss           0x00000000        0x0 build/default/debug/AVR files/main.o
 .text          0x00000000        0x0 build/default/debug/AVR files/ADC.o
 .data          0x00000000        0x0 build/default/debug/AVR files/ADC.o
 .bss           0x00000000        0x0 build/default/debug/AVR files/ADC.o
 COMMON         0x00000000        0x0 build/default/debug/AVR files/ADC.o
 .text          0x00000000        0x0 build/default/debug/AVR files/usartATmega32.o
 .data          0x00000000        0x0 build/default/debug/AVR files/usartATmega32.o
 .bss           0x00000000        0x0 build/default/debug/AVR files/usartATmega32.o
 .text.USART_Receive
                0x00000000        0x0 build/default/debug/AVR files/usartATmega32.o
 .text.USART_Send_Char
                0x00000000        0x0 build/default/debug/AVR files/usartATmega32.o
 .text          0x00000000        0x0 c:/winavr-20100110/bin/../lib/gcc/avr/4.3.3/../../../../avr/lib/avr5\libm.a(addsf3.o)
 .data          0x00000000        0x0 c:/winavr-20100110/bin/../lib/gcc/avr/4.3.3/../../../../avr/lib/avr5\libm.a(addsf3.o)
 .bss           0x00000000        0x0 c:/winavr-20100110/bin/../lib/gcc/avr/4.3.3/../../../../avr/lib/avr5\libm.a(addsf3.o)
 .text          0x00000000        0x0 c:/winavr-20100110/bin/../lib/gcc/avr/4.3.3/../../../../avr/lib/avr5\libm.a(addsf3x.o)
 .data          0x00000000        0x0 c:/winavr-20100110/bin/../lib/gcc/avr/4.3.3/../../../../avr/lib/avr5\libm.a(addsf3x.o)
 .bss           0x00000000        0x0 c:/winavr-20100110/bin/../lib/gcc/avr/4.3.3/../../../../avr/lib/avr5\libm.a(addsf3x.o)
 .text          0x00000000        0x0 c:/winavr-20100110/bin/../lib/gcc/avr/4.3.3/../../../../avr/lib/avr5\libm.a(fixunssfsi.o)
 .data          0x00000000        0x0 c:/winavr-20100110/bin/../lib/gcc/avr/4.3.3/../../../../avr/lib/avr5\libm.a(fixunssfsi.o)
 .bss           0x00000000        0x0 c:/winavr-20100110/bin/../lib/gcc/avr/4.3.3/../../../../avr/lib/avr5\libm.a(fixunssfsi.o)
 .text          0x00000000        0x0 c:/winavr-20100110/bin/../lib/gcc/avr/4.3.3/../../../../avr/lib/avr5\libm.a(floatsisf.o)
 .data          0x00000000        0x0 c:/winavr-20100110/bin/../lib/gcc/avr/4.3.3/../../../../avr/lib/avr5\libm.a(floatsisf.o)
 .bss           0x00000000        0x0 c:/winavr-20100110/bin/../lib/gcc/avr/4.3.3/../../../../avr/lib/avr5\libm.a(floatsisf.o)
 .text          0x00000000        0x0 c:/winavr-20100110/bin/../lib/gcc/avr/4.3.3/../../../../avr/lib/avr5\libm.a(fp_inf.o)
 .data          0x00000000        0x0 c:/winavr-20100110/bin/../lib/gcc/avr/4.3.3/../../../../avr/lib/avr5\libm.a(fp_inf.o)
 .bss           0x00000000        0x0 c:/winavr-20100110/bin/../lib/gcc/avr/4.3.3/../../../../avr/lib/avr5\libm.a(fp_inf.o)
 .text          0x00000000        0x0 c:/winavr-20100110/bin/../lib/gcc/avr/4.3.3/../../../../avr/lib/avr5\libm.a(fp_nan.o)
 .data          0x00000000        0x0 c:/winavr-20100110/bin/../lib/gcc/avr/4.3.3/../../../../avr/lib/avr5\libm.a(fp_nan.o)
 .bss           0x00000000        0x0 c:/winavr-20100110/bin/../lib/gcc/avr/4.3.3/../../../../avr/lib/avr5\libm.a(fp_nan.o)
 .text          0x00000000        0x0 c:/winavr-20100110/bin/../lib/gcc/avr/4.3.3/../../../../avr/lib/avr5\libm.a(fp_pscA.o)
 .data          0x00000000        0x0 c:/winavr-20100110/bin/../lib/gcc/avr/4.3.3/../../../../avr/lib/avr5\libm.a(fp_pscA.o)
 .bss           0x00000000        0x0 c:/winavr-20100110/bin/../lib/gcc/avr/4.3.3/../../../../avr/lib/avr5\libm.a(fp_pscA.o)
 .text          0x00000000        0x0 c:/winavr-20100110/bin/../lib/gcc/avr/4.3.3/../../../../avr/lib/avr5\libm.a(fp_pscB.o)
 .data          0x00000000        0x0 c:/winavr-20100110/bin/../lib/gcc/avr/4.3.3/../../../../avr/lib/avr5\libm.a(fp_pscB.o)
 .bss           0x00000000        0x0 c:/winavr-20100110/bin/../lib/gcc/avr/4.3.3/../../../../avr/lib/avr5\libm.a(fp_pscB.o)
 .text          0x00000000        0x0 c:/winavr-20100110/bin/../lib/gcc/avr/4.3.3/../../../../avr/lib/avr5\libm.a(fp_round.o)
 .data          0x00000000        0x0 c:/winavr-20100110/bin/../lib/gcc/avr/4.3.3/../../../../avr/lib/avr5\libm.a(fp_round.o)
 .bss           0x00000000        0x0 c:/winavr-20100110/bin/../lib/gcc/avr/4.3.3/../../../../avr/lib/avr5\libm.a(fp_round.o)
 .text          0x00000000        0x0 c:/winavr-20100110/bin/../lib/gcc/avr/4.3.3/../../../../avr/lib/avr5\libm.a(fp_split3.o)
 .data          0x00000000        0x0 c:/winavr-20100110/bin/../lib/gcc/avr/4.3.3/../../../../avr/lib/avr5\libm.a(fp_split3.o)
 .bss           0x00000000        0x0 c:/winavr-20100110/bin/../lib/gcc/avr/4.3.3/../../../../avr/lib/avr5\libm.a(fp_split3.o)
 .text          0x00000000        0x0 c:/winavr-20100110/bin/../lib/gcc/avr/4.3.3/../../../../avr/lib/avr5\libm.a(fp_zero.o)
 .data          0x00000000        0x0 c:/winavr-20100110/bin/../lib/gcc/avr/4.3.3/../../../../avr/lib/avr5\libm.a(fp_zero.o)
 .bss           0x00000000        0x0 c:/winavr-20100110/bin/../lib/gcc/avr/4.3.3/../../../../avr/lib/avr5\libm.a(fp_zero.o)
 .text          0x00000000        0x0 c:/winavr-20100110/bin/../lib/gcc/avr/4.3.3/../../../../avr/lib/avr5\libm.a(mulsf3.o)
 .data          0x00000000        0x0 c:/winavr-20100110/bin/../lib/gcc/avr/4.3.3/../../../../avr/lib/avr5\libm.a(mulsf3.o)
 .bss           0x00000000        0x0 c:/winavr-20100110/bin/../lib/gcc/avr/4.3.3/../../../../avr/lib/avr5\libm.a(mulsf3.o)
 .text          0x00000000        0x0 c:/winavr-20100110/bin/../lib/gcc/avr/4.3.3/../../../../avr/lib/avr5\libm.a(mulsf3x.o)
 .data          0x00000000        0x0 c:/winavr-20100110/bin/../lib/gcc/avr/4.3.3/../../../../avr/lib/avr5\libm.a(mulsf3x.o)
 .bss           0x00000000        0x0 c:/winavr-20100110/bin/../lib/gcc/avr/4.3.3/../../../../avr/lib/avr5\libm.a(mulsf3x.o)
 .text          0x00000000        0x0 c:/winavr-20100110/bin/../lib/gcc/avr/4.3.3/avr5\libgcc.a(_udivmodsi4.o)
 .data          0x00000000        0x0 c:/winavr-20100110/bin/../lib/gcc/avr/4.3.3/avr5\libgcc.a(_udivmodsi4.o)
 .bss           0x00000000        0x0 c:/winavr-20100110/bin/../lib/gcc/avr/4.3.3/avr5\libgcc.a(_udivmodsi4.o)
 .text          0x00000000        0x0 c:/winavr-20100110/bin/../lib/gcc/avr/4.3.3/avr5\libgcc.a(_exit.o)
 .data          0x00000000        0x0 c:/winavr-20100110/bin/../lib/gcc/avr/4.3.3/avr5\libgcc.a(_exit.o)
 .bss           0x00000000        0x0 c:/winavr-20100110/bin/../lib/gcc/avr/4.3.3/avr5\libgcc.a(_exit.o)
 .text.libgcc   0x00000000        0x0 c:/winavr-20100110/bin/../lib/gcc/avr/4.3.3/avr5\libgcc.a(_exit.o)
 .text          0x00000000        0x0 c:/winavr-20100110/bin/../lib/gcc/avr/4.3.3/avr5\libgcc.a(_copy_data.o)
 .data          0x00000000        0x0 c:/winavr-20100110/bin/../lib/gcc/avr/4.3.3/avr5\libgcc.a(_copy_data.o)
 .bss           0x00000000        0x0 c:/winavr-20100110/bin/../lib/gcc/avr/4.3.3/avr5\libgcc.a(_copy_data.o)
 .text.libgcc   0x00000000        0x0 c:/winavr-20100110/bin/../lib/gcc/avr/4.3.3/avr5\libgcc.a(_copy_data.o)
 .text          0x00000000        0x0 c:/winavr-20100110/bin/../lib/gcc/avr/4.3.3/avr5\libgcc.a(_clear_bss.o)
 .data          0x00000000        0x0 c:/winavr-20100110/bin/../lib/gcc/avr/4.3.3/avr5\libgcc.a(_clear_bss.o)
 .bss           0x00000000        0x0 c:/winavr-20100110/bin/../lib/gcc/avr/4.3.3/avr5\libgcc.a(_clear_bss.o)
 .text.libgcc   0x00000000        0x0 c:/winavr-20100110/bin/../lib/gcc/avr/4.3.3/avr5\libgcc.a(_clear_bss.o)

Memory Configuration

Name             Origin             Length             Attributes
text             0x00000000         0x00020000         xr
data             0x00800060         0x0000ffa0         rw !x
eeprom           0x00810000         0x00010000         rw !x
fuse             0x00820000         0x00000400         rw !x
lock             0x00830000         0x00000400         rw !x
signature        0x00840000         0x00000400         rw !x
*default*        0x00000000         0xffffffff

Linker script and memory map

LOAD c:/winavr-20100110/bin/../lib/gcc/avr/4.3.3/../../../../avr/lib/avr5/crtm32.o
LOAD build/default/debug/AVR files/GPIO_MEGA32.o
LOAD build/default/debug/AVR files/delayT0.o
LOAD build/default/debug/AVR files/main.o
LOAD build/default/debug/AVR files/ADC.o
LOAD build/default/debug/AVR files/usartATmega32.o
                0x00000001                __MPLAB_BUILD = 0x1
                0x00000001                __MPLAB_DEBUG = 0x1
                0x00000001                __DEBUG = 0x1
                0x00000001                __MPLAB_DEBUGGER_SIMULATOR = 0x1
START GROUP
LOAD c:/winavr-20100110/bin/../lib/gcc/avr/4.3.3/../../../../avr/lib/avr5\libm.a
END GROUP
LOAD c:/winavr-20100110/bin/../lib/gcc/avr/4.3.3/avr5\libgcc.a
LOAD c:/winavr-20100110/bin/../lib/gcc/avr/4.3.3/../../../../avr/lib/avr5\libc.a
LOAD c:/winavr-20100110/bin/../lib/gcc/avr/4.3.3/avr5\libgcc.a

.hash
 *(.hash)

.dynsym
 *(.dynsym)

.dynstr
 *(.dynstr)

.gnu.version
 *(.gnu.version)

.gnu.version_d
 *(.gnu.version_d)

.gnu.version_r
 *(.gnu.version_r)

.rel.init
 *(.rel.init)

.rela.init
 *(.rela.init)

.rel.text
 *(.rel.text)
 *(.rel.text.*)
 *(.rel.gnu.linkonce.t*)

.rela.text
 *(.rela.text)
 *(.rela.text.*)
 *(.rela.gnu.linkonce.t*)

.rel.fini
 *(.rel.fini)

.rela.fini
 *(.rela.fini)

.rel.rodata
 *(.rel.rodata)
 *(.rel.rodata.*)
 *(.rel.gnu.linkonce.r*)

.rela.rodata
 *(.rela.rodata)
 *(.rela.rodata.*)
 *(.rela.gnu.linkonce.r*)

.rel.data
 *(.rel.data)
 *(.rel.data.*)
 *(.rel.gnu.linkonce.d*)

.rela.data
 *(.rela.data)
 *(.rela.data.*)
 *(.rela.gnu.linkonce.d*)

.rel.ctors
 *(.rel.ctors)

.rela.ctors
 *(.rela.ctors)

.rel.dtors
 *(.rel.dtors)

.rela.dtors
 *(.rela.dtors)

.rel.got
 *(.rel.got)

.rela.got
 *(.rela.got)

.rel.bss
 *(.rel.bss)

.rela.bss
 *(.rela.bss)

.rel.plt
 *(.rel.plt)

.rela.plt
 *(.rela.plt)

.text           0x00000000      0xa6c
 *(.vectors)
 .vectors       0x00000000       0x54 c:/winavr-20100110/bin/../lib/gcc/avr/4.3.3/../../../../avr/lib/avr5/crtm32.o
                0x00000000                __vectors
                0x00000000                __vector_default
 *(.vectors)
 *(.progmem.gcc*)
 *(.progmem*)
                0x00000054                . = ALIGN (0x2)
                0x00000054                __trampolines_start = .
 *(.trampolines)
 .trampolines   0x00000054        0x0 linker stubs
 *(.trampolines*)
                0x00000054                __trampolines_end = .
 *(.jumptables)
 *(.jumptables*)
 *(.lowtext)
 *(.lowtext*)
                0x00000054                __ctors_start = .
 *(.ctors)
                0x00000054                __ctors_end = .
                0x00000054                __dtors_start = .
 *(.dtors)
                0x00000054                __dtors_end = .
 SORT(*)(.ctors)
 SORT(*)(.dtors)
 *(.init0)
 .init0         0x00000054        0x0 c:/winavr-20100110/bin/../lib/gcc/avr/4.3.3/../../../../avr/lib/avr5/crtm32.o
                0x00000054                __init
 *(.init0)
 *(.init1)
 *(.init1)
 *(.init2)
 .init2         0x00000054        0xc c:/winavr-20100110/bin/../lib/gcc/avr/4.3.3/../../../../avr/lib/avr5/crtm32.o
 *(.init2)
 *(.init3)
 *(.init3)
 *(.init4)
 .init4         0x00000060       0x16 c:/winavr-20100110/bin/../lib/gcc/avr/4.3.3/avr5\libgcc.a(_copy_data.o)
                0x00000060                __do_copy_data
 .init4         0x00000076       0x10 c:/winavr-20100110/bin/../lib/gcc/avr/4.3.3/avr5\libgcc.a(_clear_bss.o)
                0x00000076                __do_clear_bss
 *(.init4)
 *(.init5)
 *(.init5)
 *(.init6)
 *(.init6)
 *(.init7)
 *(.init7)
 *(.init8)
 *(.init8)
 *(.init9)
 .init9         0x00000086        0x8 c:/winavr-20100110/bin/../lib/gcc/avr/4.3.3/../../../../avr/lib/avr5/crtm32.o
 *(.init9)
 *(.text)
 .text          0x0000008e        0x4 c:/winavr-20100110/bin/../lib/gcc/avr/4.3.3/../../../../avr/lib/avr5/crtm32.o
                0x0000008e                __vector_1
                0x0000008e                __vector_12
                0x0000008e                __bad_interrupt
                0x0000008e                __vector_6
                0x0000008e                __vector_3
                0x0000008e                __vector_11
                0x0000008e                __vector_17
                0x0000008e                __vector_19
                0x0000008e                __vector_7
                0x0000008e                __vector_5
                0x0000008e                __vector_4
                0x0000008e                __vector_9
                0x0000008e                __vector_2
                0x0000008e                __vector_8
                0x0000008e                __vector_10
                0x0000008e                __vector_18
                0x0000008e                __vector_20
                0x00000092                . = ALIGN (0x2)
 *(.text.*)
 .text.PORT_init
                0x00000092       0xcc build/default/debug/AVR files/GPIO_MEGA32.o
                0x00000092                PORT_init
 .text.PORT_Write
                0x0000015e        0x6 build/default/debug/AVR files/GPIO_MEGA32.o
                0x0000015e                PORT_Write
 .text.delay_ms
                0x00000164       0x2a build/default/debug/AVR files/delayT0.o
                0x00000164                delay_ms
 .text.Decode   0x0000018e       0x5a build/default/debug/AVR files/main.o
                0x0000018e                Decode
 .text.ConvertDoubleToText
                0x000001e8       0xd8 build/default/debug/AVR files/main.o
                0x000001e8                ConvertDoubleToText
 .text.main     0x000002c0       0xf6 build/default/debug/AVR files/main.o
                0x000002c0                main
 .text.ADC_init
                0x000003b6       0x52 build/default/debug/AVR files/ADC.o
                0x000003b6                ADC_init
 .text.ADC_READ
                0x00000408       0x3c build/default/debug/AVR files/ADC.o
                0x00000408                ADC_READ
 .text.__vector_16
                0x00000444       0x14 build/default/debug/AVR files/ADC.o
                0x00000444                __vector_16
 .text.USART_init
                0x00000458      0x192 build/default/debug/AVR files/usartATmega32.o
                0x00000458                USART_init
 .text.USART_Transmit_Char
                0x000005ea       0x16 build/default/debug/AVR files/usartATmega32.o
                0x000005ea                USART_Transmit_Char
 .text.USART_Transmit_Text
                0x00000600       0x36 build/default/debug/AVR files/usartATmega32.o
                0x00000600                USART_Transmit_Text
 .text.__vector_15
                0x00000636       0x4e build/default/debug/AVR files/usartATmega32.o
                0x00000636                __vector_15
 .text.__vector_13
                0x00000684       0x4e build/default/debug/AVR files/usartATmega32.o
                0x00000684                __vector_13
 .text.__vector_14
                0x000006d2       0x4e build/default/debug/AVR files/usartATmega32.o
                0x000006d2                __vector_14
 .text.avr-libc.fplib
                0x00000720        0xa c:/winavr-20100110/bin/../lib/gcc/avr/4.3.3/../../../../avr/lib/avr5\libm.a(addsf3.o)
                0x00000720                __subsf3
                0x00000722                __addsf3
 .text.avr-libc.fplib
                0x0000072a       0xc0 c:/winavr-20100110/bin/../lib/gcc/avr/4.3.3/../../../../avr/lib/avr5\libm.a(addsf3x.o)
                0x00000744                __addsf3x
 .text.avr-libc.fplib
                0x000007ea       0x58 c:/winavr-20100110/bin/../lib/gcc/avr/4.3.3/../../../../avr/lib/avr5\libm.a(fixunssfsi.o)
                0x000007ea                __fixunssfsi
 .text.avr-libc.fplib
                0x00000842       0x7a c:/winavr-20100110/bin/../lib/gcc/avr/4.3.3/../../../../avr/lib/avr5\libm.a(floatsisf.o)
                0x00000846                __floatsisf
                0x00000842                __floatunsisf
 .text.avr-libc.fplib
                0x000008bc        0xc c:/winavr-20100110/bin/../lib/gcc/avr/4.3.3/../../../../avr/lib/avr5\libm.a(fp_inf.o)
                0x000008bc                __fp_inf
 .text.avr-libc.fplib
                0x000008c8        0x6 c:/winavr-20100110/bin/../lib/gcc/avr/4.3.3/../../../../avr/lib/avr5\libm.a(fp_nan.o)
                0x000008c8                __fp_nan
 .text.avr-libc.fplib
                0x000008ce        0xe c:/winavr-20100110/bin/../lib/gcc/avr/4.3.3/../../../../avr/lib/avr5\libm.a(fp_pscA.o)
                0x000008ce                __fp_pscA
 .text.avr-libc.fplib
                0x000008dc        0xe c:/winavr-20100110/bin/../lib/gcc/avr/4.3.3/../../../../avr/lib/avr5\libm.a(fp_pscB.o)
                0x000008dc                __fp_pscB
 .text.avr-libc.fplib
                0x000008ea       0x22 c:/winavr-20100110/bin/../lib/gcc/avr/4.3.3/../../../../avr/lib/avr5\libm.a(fp_round.o)
                0x000008ea                __fp_round
 .text.avr-libc.fplib
                0x0000090c       0x44 c:/winavr-20100110/bin/../lib/gcc/avr/4.3.3/../../../../avr/lib/avr5\libm.a(fp_split3.o)
                0x0000090c                __fp_split3
                0x0000091c                __fp_splitA
 .text.avr-libc.fplib
                0x00000950        0xe c:/winavr-20100110/bin/../lib/gcc/avr/4.3.3/../../../../avr/lib/avr5\libm.a(fp_zero.o)
                0x00000950                __fp_zero
                0x00000952                __fp_szero
 .text.avr-libc.fplib
                0x0000095e        0x4 c:/winavr-20100110/bin/../lib/gcc/avr/4.3.3/../../../../avr/lib/avr5\libm.a(mulsf3.o)
                0x0000095e                __mulsf3
 .text.avr-libc.fplib
                0x00000962       0xc2 c:/winavr-20100110/bin/../lib/gcc/avr/4.3.3/../../../../avr/lib/avr5\libm.a(mulsf3x.o)
                0x0000097a                __mulsf3_pse
                0x00000976                __mulsf3x
 .text.libgcc   0x00000a24       0x44 c:/winavr-20100110/bin/../lib/gcc/avr/4.3.3/avr5\libgcc.a(_udivmodsi4.o)
                0x00000a24                __udivmodsi4
                0x00000a68                . = ALIGN (0x2)
 *(.fini9)
 .fini9         0x00000a68        0x0 c:/winavr-20100110/bin/../lib/gcc/avr/4.3.3/avr5\libgcc.a(_exit.o)
                0x00000a68                exit
                0x00000a68                _exit
 *(.fini9)
 *(.fini8)
 *(.fini8)
 *(.fini7)
 *(.fini7)
 *(.fini6)
 *(.fini6)
 *(.fini5)
 *(.fini5)
 *(.fini4)
 *(.fini4)
 *(.fini3)
 *(.fini3)
 *(.fini2)
 *(.fini2)
 *(.fini1)
 *(.fini1)
 *(.fini0)
 .fini0         0x00000a68        0x4 c:/winavr-20100110/bin/../lib/gcc/avr/4.3.3/avr5\libgcc.a(_exit.o)
 *(.fini0)
                0x00000a6c                _etext = .

.data           0x00800060       0x12 load address 0x00000a6c
                0x00800060                PROVIDE (__data_start, .)
 *(.data)
 .data          0x00800060        0xb build/default/debug/AVR files/main.o
 *(.data*)
 *(.rodata)
 *(.rodata*)
 .rodata.C.0.1798
                0x0080006b        0x6 build/default/debug/AVR files/main.o
 *(.gnu.linkonce.d*)
                0x00800072                . = ALIGN (0x2)
 *fill*         0x00800071        0x1 00
                0x00800072                _edata = .
                0x00800072                PROVIDE (__data_end, .)

.bss            0x00800072        0xa
                0x00800072                PROVIDE (__bss_start, .)
 *(.bss)
 *(.bss*)
 .bss.ADCL_H    0x00800072        0x2 build/default/debug/AVR files/ADC.o
 .bss.GptrToISRInApp
                0x00800074        0x2 build/default/debug/AVR files/usartATmega32.o
 *(COMMON)
 COMMON         0x00800076        0x6 build/default/debug/AVR files/main.o
                0x00800076                Voltage
                0x0080007c                PROVIDE (__bss_end, .)
                0x00000a6c                __data_load_start = LOADADDR (.data)
                0x00000a7e                __data_load_end = (__data_load_start + SIZEOF (.data))

.noinit         0x0080007c        0x0
                0x0080007c                PROVIDE (__noinit_start, .)
 *(.noinit*)
                0x0080007c                PROVIDE (__noinit_end, .)
                0x0080007c                _end = .
                0x0080007c                PROVIDE (__heap_start, .)

.eeprom         0x00810000        0x0
 *(.eeprom*)
                0x00810000                __eeprom_end = .

.fuse           0x00820000        0x2
 *(.fuse)
 .fuse          0x00820000        0x2 build/default/debug/AVR files/main.o
                0x00820000                __fuse
 *(.lfuse)
 *(.hfuse)
 *(.efuse)

.lock           0x00830000        0x1
 *(.lock*)
 .lock          0x00830000        0x1 build/default/debug/AVR files/main.o
                0x00830000                __lock

.signature
 *(.signature*)

.stab
 *(.stab)

.stabstr
 *(.stabstr)

.stab.excl
 *(.stab.excl)

.stab.exclstr
 *(.stab.exclstr)

.stab.index
 *(.stab.index)

.stab.indexstr
 *(.stab.indexstr)

.comment
 *(.comment)

.debug
 *(.debug)

.line
 *(.line)

.debug_srcinfo
 *(.debug_srcinfo)

.debug_sfnames
 *(.debug_sfnames)

.debug_aranges  0x00000000      0x120
 *(.debug_aranges)
 .debug_aranges
                0x00000000       0x48 build/default/debug/AVR files/GPIO_MEGA32.o
 .debug_aranges
                0x00000048       0x20 build/default/debug/AVR files/delayT0.o
 .debug_aranges
                0x00000068       0x30 build/default/debug/AVR files/main.o
 .debug_aranges
                0x00000098       0x30 build/default/debug/AVR files/ADC.o
 .debug_aranges
                0x000000c8       0x58 build/default/debug/AVR files/usartATmega32.o

.debug_pubnames
                0x00000000      0x1e1
 *(.debug_pubnames)
 .debug_pubnames
                0x00000000       0x75 build/default/debug/AVR files/GPIO_MEGA32.o
 .debug_pubnames
                0x00000075       0x1f build/default/debug/AVR files/delayT0.o
 .debug_pubnames
                0x00000094       0x60 build/default/debug/AVR files/main.o
 .debug_pubnames
                0x000000f4       0x46 build/default/debug/AVR files/ADC.o
 .debug_pubnames
                0x0000013a       0xa7 build/default/debug/AVR files/usartATmega32.o

.debug_info     0x00000000     0x10ab
 *(.debug_info)
 .debug_info    0x00000000      0x2be build/default/debug/AVR files/GPIO_MEGA32.o
 .debug_info    0x000002be       0xa7 build/default/debug/AVR files/delayT0.o
 .debug_info    0x00000365      0x30c build/default/debug/AVR files/main.o
 .debug_info    0x00000671      0x451 build/default/debug/AVR files/ADC.o
 .debug_info    0x00000ac2      0x5e9 build/default/debug/AVR files/usartATmega32.o
 *(.gnu.linkonce.wi.*)

.debug_abbrev   0x00000000      0x5bc
 *(.debug_abbrev)
 .debug_abbrev  0x00000000      0x123 build/default/debug/AVR files/GPIO_MEGA32.o
 .debug_abbrev  0x00000123       0x77 build/default/debug/AVR files/delayT0.o
 .debug_abbrev  0x0000019a      0x13a build/default/debug/AVR files/main.o
 .debug_abbrev  0x000002d4      0x149 build/default/debug/AVR files/ADC.o
 .debug_abbrev  0x0000041d      0x19f build/default/debug/AVR files/usartATmega32.o

.debug_line     0x00000000      0x97d
 *(.debug_line)
 .debug_line    0x00000000      0x21e build/default/debug/AVR files/GPIO_MEGA32.o
 .debug_line    0x0000021e       0x7f build/default/debug/AVR files/delayT0.o
 .debug_line    0x0000029d      0x242 build/default/debug/AVR files/main.o
 .debug_line    0x000004df      0x171 build/default/debug/AVR files/ADC.o
 .debug_line    0x00000650      0x32d build/default/debug/AVR files/usartATmega32.o

.debug_frame    0x00000000      0x1a0
 *(.debug_frame)
 .debug_frame   0x00000000       0x70 build/default/debug/AVR files/GPIO_MEGA32.o
 .debug_frame   0x00000070       0x20 build/default/debug/AVR files/delayT0.o
 .debug_frame   0x00000090       0x40 build/default/debug/AVR files/main.o
 .debug_frame   0x000000d0       0x40 build/default/debug/AVR files/ADC.o
 .debug_frame   0x00000110       0x90 build/default/debug/AVR files/usartATmega32.o

.debug_str      0x00000000      0x621
 *(.debug_str)
 .debug_str     0x00000000      0x15e build/default/debug/AVR files/GPIO_MEGA32.o
                                0x192 (size before relaxing)
 .debug_str     0x0000015e       0x1d build/default/debug/AVR files/delayT0.o
                                 0xcf (size before relaxing)
 .debug_str     0x0000017b      0x19f build/default/debug/AVR files/main.o
                                0x277 (size before relaxing)
 .debug_str     0x0000031a       0xe7 build/default/debug/AVR files/ADC.o
                                0x27e (size before relaxing)
 .debug_str     0x00000401      0x220 build/default/debug/AVR files/usartATmega32.o
                                0x379 (size before relaxing)

.debug_loc      0x00000000      0x338
 *(.debug_loc)
 .debug_loc     0x00000000      0x108 build/default/debug/AVR files/GPIO_MEGA32.o
 .debug_loc     0x00000108       0x18 build/default/debug/AVR files/delayT0.o
 .debug_loc     0x00000120      0x108 build/default/debug/AVR files/main.o
 .debug_loc     0x00000228       0x64 build/default/debug/AVR files/ADC.o
 .debug_loc     0x0000028c       0xac build/default/debug/AVR files/usartATmega32.o

.debug_macinfo
 *(.debug_macinfo)
OUTPUT(dist/default/debug/ADC.X.debug.elf elf32-avr)
LOAD linker stubs

.debug_ranges   0x00000000       0xf8
 .debug_ranges  0x00000000       0x40 build/default/debug/AVR files/GPIO_MEGA32.o
 .debug_ranges  0x00000040       0x18 build/default/debug/AVR files/delayT0.o
 .debug_ranges  0x00000058       0x28 build/default/debug/AVR files/main.o
 .debug_ranges  0x00000080       0x28 build/default/debug/AVR files/ADC.o
 .debug_ranges  0x000000a8       0x50 build/default/debug/AVR files/usartATmega32.o
