
Memory Configuration

Name             Origin             Length             Attributes
flash            0x00000000         0x20000000         xr
sram             0x20000000         0x20000000         xrw
*default*        0x00000000         0xffffffff

Linker script and memory map


.text           0x00000000      0x15c
 *(.vectors*)
 .vectors       0x00000000       0x10 startupX.o
                0x00000000                g_p_fn_Vectors
 *(.text*)
 .text          0x00000010       0x90 startupX.o
                0x00000010                Reset_handler
                0x00000094                HardFault_handler
                0x00000094                Default_handler
                0x00000094                NMI_handler
 .text          0x000000a0       0xbc main.o
                0x000000a0                main
                0x000000e8                delay
                0x0000010e                Pin_init
 *(.rodata)
                0x0000015c                _E_text = .

.glue_7         0x0000015c        0x0
 .glue_7        0x0000015c        0x0 linker stubs

.glue_7t        0x0000015c        0x0
 .glue_7t       0x0000015c        0x0 linker stubs

.vfp11_veneer   0x0000015c        0x0
 .vfp11_veneer  0x0000015c        0x0 linker stubs

.v4_bx          0x0000015c        0x0
 .v4_bx         0x0000015c        0x0 linker stubs

.iplt           0x0000015c        0x0
 .iplt          0x0000015c        0x0 startupX.o

.rel.dyn        0x0000015c        0x0
 .rel.iplt      0x0000015c        0x0 startupX.o

.data           0x20000000        0x4 load address 0x0000015c
                0x20000000                _S_DATA = .
 *(.data)
 .data          0x20000000        0x0 startupX.o
 .data          0x20000000        0x4 main.o
                0x20000000                REDon
                0x20000004                . = ALIGN (0x4)
                0x20000004                _E_DATA = .

.igot.plt       0x20000004        0x0 load address 0x00000160
 .igot.plt      0x20000004        0x0 startupX.o

.bss            0x20000004      0x400 load address 0x00000160
                0x20000004                _S_BSS = .
 *(.bss*)
 .bss           0x20000004      0x400 startupX.o
 .bss           0x20000404        0x0 main.o
                0x20000404                _E_BSS = .
LOAD startupX.o
LOAD main.o
OUTPUT(cortexM4F.elf elf32-littlearm)

.debug_info     0x00000000      0x2e0
 .debug_info    0x00000000      0x1e0 startupX.o
 .debug_info    0x000001e0      0x100 main.o

.debug_abbrev   0x00000000      0x1a4
 .debug_abbrev  0x00000000       0xeb startupX.o
 .debug_abbrev  0x000000eb       0xb9 main.o

.debug_loc      0x00000000      0x130
 .debug_loc     0x00000000       0x7c startupX.o
 .debug_loc     0x0000007c       0xb4 main.o

.debug_aranges  0x00000000       0x40
 .debug_aranges
                0x00000000       0x20 startupX.o
 .debug_aranges
                0x00000020       0x20 main.o

.debug_line     0x00000000      0x26f
 .debug_line    0x00000000      0x13c startupX.o
 .debug_line    0x0000013c      0x133 main.o

.debug_str      0x00000000      0x1b9
 .debug_str     0x00000000      0x18b startupX.o
                                0x1d0 (size before relaxing)
 .debug_str     0x0000018b       0x2e main.o
                                0x162 (size before relaxing)

.comment        0x00000000       0x7e
 .comment       0x00000000       0x7e startupX.o
                                 0x7f (size before relaxing)
 .comment       0x0000007e       0x7f main.o

.ARM.attributes
                0x00000000       0x33
 .ARM.attributes
                0x00000000       0x33 startupX.o
 .ARM.attributes
                0x00000033       0x33 main.o

.debug_frame    0x00000000       0xc0
 .debug_frame   0x00000000       0x50 startupX.o
 .debug_frame   0x00000050       0x70 main.o
