Archive member included because of file (symbol)

c:/winavr-20100110/bin/../lib/gcc/avr/4.3.3/avr5\libgcc.a(_mulsi3.o)
                              build/default/debug/AVR files/Timer0.o (__mulsi3)
c:/winavr-20100110/bin/../lib/gcc/avr/4.3.3/avr5\libgcc.a(_udivmodsi4.o)
                              build/default/debug/AVR files/Timer0.o (__udivmodsi4)
c:/winavr-20100110/bin/../lib/gcc/avr/4.3.3/avr5\libgcc.a(_exit.o)
                              c:/winavr-20100110/bin/../lib/gcc/avr/4.3.3/../../../../avr/lib/avr5/crtm32.o (exit)
c:/winavr-20100110/bin/../lib/gcc/avr/4.3.3/avr5\libgcc.a(_clear_bss.o)
                              build/default/debug/AVR files/Timer0.o (__do_clear_bss)

Allocating common symbols
Common symbol       size              file

gTMR0_config        0x2               build/default/debug/AVR files/Timer0.o

Discarded input sections

 .data          0x00000000        0x0 c:/winavr-20100110/bin/../lib/gcc/avr/4.3.3/../../../../avr/lib/avr5/crtm32.o
 .bss           0x00000000        0x0 c:/winavr-20100110/bin/../lib/gcc/avr/4.3.3/../../../../avr/lib/avr5/crtm32.o
 .text          0x00000000        0x0 build/default/debug/AVR files/GPIO_MEGA32.o
 .data          0x00000000        0x0 build/default/debug/AVR files/GPIO_MEGA32.o
 .bss           0x00000000        0x0 build/default/debug/AVR files/GPIO_MEGA32.o
 .text.PORT_Toggle_pin
                0x00000000        0x0 build/default/debug/AVR files/GPIO_MEGA32.o
 .text.PORT_Set_pin
                0x00000000        0x0 build/default/debug/AVR files/GPIO_MEGA32.o
 .text.PORT_Reset_pin
                0x00000000        0x0 build/default/debug/AVR files/GPIO_MEGA32.o
 .text.PORT_Read
                0x00000000        0x0 build/default/debug/AVR files/GPIO_MEGA32.o
 .text.PORT_Write
                0x00000000        0x0 build/default/debug/AVR files/GPIO_MEGA32.o
 .text          0x00000000        0x0 build/default/debug/AVR files/delayT0.o
 .data          0x00000000        0x0 build/default/debug/AVR files/delayT0.o
 .bss           0x00000000        0x0 build/default/debug/AVR files/delayT0.o
 .text.delay_ms
                0x00000000        0x0 build/default/debug/AVR files/delayT0.o
 .text          0x00000000        0x0 build/default/debug/AVR files/main.o
 .data          0x00000000        0x0 build/default/debug/AVR files/main.o
 .bss           0x00000000        0x0 build/default/debug/AVR files/main.o
 .text          0x00000000        0x0 build/default/debug/AVR files/Timer0.o
 .data          0x00000000        0x0 build/default/debug/AVR files/Timer0.o
 .bss           0x00000000        0x0 build/default/debug/AVR files/Timer0.o
 .text.TMR0_CTC_MODE_Init
                0x00000000        0x0 build/default/debug/AVR files/Timer0.o
 .text          0x00000000        0x0 c:/winavr-20100110/bin/../lib/gcc/avr/4.3.3/avr5\libgcc.a(_mulsi3.o)
 .data          0x00000000        0x0 c:/winavr-20100110/bin/../lib/gcc/avr/4.3.3/avr5\libgcc.a(_mulsi3.o)
 .bss           0x00000000        0x0 c:/winavr-20100110/bin/../lib/gcc/avr/4.3.3/avr5\libgcc.a(_mulsi3.o)
 .text          0x00000000        0x0 c:/winavr-20100110/bin/../lib/gcc/avr/4.3.3/avr5\libgcc.a(_udivmodsi4.o)
 .data          0x00000000        0x0 c:/winavr-20100110/bin/../lib/gcc/avr/4.3.3/avr5\libgcc.a(_udivmodsi4.o)
 .bss           0x00000000        0x0 c:/winavr-20100110/bin/../lib/gcc/avr/4.3.3/avr5\libgcc.a(_udivmodsi4.o)
 .text          0x00000000        0x0 c:/winavr-20100110/bin/../lib/gcc/avr/4.3.3/avr5\libgcc.a(_exit.o)
 .data          0x00000000        0x0 c:/winavr-20100110/bin/../lib/gcc/avr/4.3.3/avr5\libgcc.a(_exit.o)
 .bss           0x00000000        0x0 c:/winavr-20100110/bin/../lib/gcc/avr/4.3.3/avr5\libgcc.a(_exit.o)
 .text.libgcc   0x00000000        0x0 c:/winavr-20100110/bin/../lib/gcc/avr/4.3.3/avr5\libgcc.a(_exit.o)
 .text          0x00000000        0x0 c:/winavr-20100110/bin/../lib/gcc/avr/4.3.3/avr5\libgcc.a(_clear_bss.o)
 .data          0x00000000        0x0 c:/winavr-20100110/bin/../lib/gcc/avr/4.3.3/avr5\libgcc.a(_clear_bss.o)
 .bss           0x00000000        0x0 c:/winavr-20100110/bin/../lib/gcc/avr/4.3.3/avr5\libgcc.a(_clear_bss.o)
 .text.libgcc   0x00000000        0x0 c:/winavr-20100110/bin/../lib/gcc/avr/4.3.3/avr5\libgcc.a(_clear_bss.o)

Memory Configuration

Name             Origin             Length             Attributes
text             0x00000000         0x00020000         xr
data             0x00800060         0x0000ffa0         rw !x
eeprom           0x00810000         0x00010000         rw !x
fuse             0x00820000         0x00000400         rw !x
lock             0x00830000         0x00000400         rw !x
signature        0x00840000         0x00000400         rw !x
*default*        0x00000000         0xffffffff

Linker script and memory map

LOAD c:/winavr-20100110/bin/../lib/gcc/avr/4.3.3/../../../../avr/lib/avr5/crtm32.o
LOAD build/default/debug/AVR files/GPIO_MEGA32.o
LOAD build/default/debug/AVR files/delayT0.o
LOAD build/default/debug/AVR files/main.o
LOAD build/default/debug/AVR files/Timer0.o
                0x00000001                __MPLAB_BUILD = 0x1
                0x00000001                __MPLAB_DEBUG = 0x1
                0x00000001                __DEBUG = 0x1
                0x00000001                __MPLAB_DEBUGGER_SIMULATOR = 0x1
START GROUP
LOAD c:/winavr-20100110/bin/../lib/gcc/avr/4.3.3/../../../../avr/lib/avr5\libm.a
END GROUP
LOAD c:/winavr-20100110/bin/../lib/gcc/avr/4.3.3/avr5\libgcc.a
LOAD c:/winavr-20100110/bin/../lib/gcc/avr/4.3.3/../../../../avr/lib/avr5\libc.a
LOAD c:/winavr-20100110/bin/../lib/gcc/avr/4.3.3/avr5\libgcc.a

.hash
 *(.hash)

.dynsym
 *(.dynsym)

.dynstr
 *(.dynstr)

.gnu.version
 *(.gnu.version)

.gnu.version_d
 *(.gnu.version_d)

.gnu.version_r
 *(.gnu.version_r)

.rel.init
 *(.rel.init)

.rela.init
 *(.rela.init)

.rel.text
 *(.rel.text)
 *(.rel.text.*)
 *(.rel.gnu.linkonce.t*)

.rela.text
 *(.rela.text)
 *(.rela.text.*)
 *(.rela.gnu.linkonce.t*)

.rel.fini
 *(.rel.fini)

.rela.fini
 *(.rela.fini)

.rel.rodata
 *(.rel.rodata)
 *(.rel.rodata.*)
 *(.rel.gnu.linkonce.r*)

.rela.rodata
 *(.rela.rodata)
 *(.rela.rodata.*)
 *(.rela.gnu.linkonce.r*)

.rel.data
 *(.rel.data)
 *(.rel.data.*)
 *(.rel.gnu.linkonce.d*)

.rela.data
 *(.rela.data)
 *(.rela.data.*)
 *(.rela.gnu.linkonce.d*)

.rel.ctors
 *(.rel.ctors)

.rela.ctors
 *(.rela.ctors)

.rel.dtors
 *(.rel.dtors)

.rela.dtors
 *(.rela.dtors)

.rel.got
 *(.rel.got)

.rela.got
 *(.rela.got)

.rel.bss
 *(.rel.bss)

.rela.bss
 *(.rela.bss)

.rel.plt
 *(.rel.plt)

.rela.plt
 *(.rela.plt)

.text           0x00000000      0x43e
 *(.vectors)
 .vectors       0x00000000       0x54 c:/winavr-20100110/bin/../lib/gcc/avr/4.3.3/../../../../avr/lib/avr5/crtm32.o
                0x00000000                __vectors
                0x00000000                __vector_default
 *(.vectors)
 *(.progmem.gcc*)
 *(.progmem*)
                0x00000054                . = ALIGN (0x2)
                0x00000054                __trampolines_start = .
 *(.trampolines)
 .trampolines   0x00000054        0x0 linker stubs
 *(.trampolines*)
                0x00000054                __trampolines_end = .
 *(.jumptables)
 *(.jumptables*)
 *(.lowtext)
 *(.lowtext*)
                0x00000054                __ctors_start = .
 *(.ctors)
                0x00000054                __ctors_end = .
                0x00000054                __dtors_start = .
 *(.dtors)
                0x00000054                __dtors_end = .
 SORT(*)(.ctors)
 SORT(*)(.dtors)
 *(.init0)
 .init0         0x00000054        0x0 c:/winavr-20100110/bin/../lib/gcc/avr/4.3.3/../../../../avr/lib/avr5/crtm32.o
                0x00000054                __init
 *(.init0)
 *(.init1)
 *(.init1)
 *(.init2)
 .init2         0x00000054        0xc c:/winavr-20100110/bin/../lib/gcc/avr/4.3.3/../../../../avr/lib/avr5/crtm32.o
 *(.init2)
 *(.init3)
 *(.init3)
 *(.init4)
 .init4         0x00000060       0x10 c:/winavr-20100110/bin/../lib/gcc/avr/4.3.3/avr5\libgcc.a(_clear_bss.o)
                0x00000060                __do_clear_bss
 *(.init4)
 *(.init5)
 *(.init5)
 *(.init6)
 *(.init6)
 *(.init7)
 *(.init7)
 *(.init8)
 *(.init8)
 *(.init9)
 .init9         0x00000070        0x8 c:/winavr-20100110/bin/../lib/gcc/avr/4.3.3/../../../../avr/lib/avr5/crtm32.o
 *(.init9)
 *(.text)
 .text          0x00000078        0x4 c:/winavr-20100110/bin/../lib/gcc/avr/4.3.3/../../../../avr/lib/avr5/crtm32.o
                0x00000078                __vector_1
                0x00000078                __vector_12
                0x00000078                __bad_interrupt
                0x00000078                __vector_6
                0x00000078                __vector_3
                0x00000078                __vector_13
                0x00000078                __vector_17
                0x00000078                __vector_19
                0x00000078                __vector_7
                0x00000078                __vector_5
                0x00000078                __vector_4
                0x00000078                __vector_9
                0x00000078                __vector_2
                0x00000078                __vector_15
                0x00000078                __vector_8
                0x00000078                __vector_14
                0x00000078                __vector_16
                0x00000078                __vector_18
                0x00000078                __vector_20
                0x0000007c                . = ALIGN (0x2)
 *(.text.*)
 .text.PORT_init
                0x0000007c       0xcc build/default/debug/AVR files/GPIO_MEGA32.o
                0x0000007c                PORT_init
 .text.main     0x00000148       0x50 build/default/debug/AVR files/main.o
                0x00000148                main
 .text.TMR0_FAST_PWM_MODE_Init
                0x00000198      0x174 build/default/debug/AVR files/Timer0.o
                0x00000198                TMR0_FAST_PWM_MODE_Init
 .text.__vector_11
                0x0000030c       0x1e build/default/debug/AVR files/Timer0.o
                0x0000030c                __vector_11
 .text.__vector_10
                0x0000032a       0x14 build/default/debug/AVR files/Timer0.o
                0x0000032a                __vector_10
 .text.TMR0_init
                0x0000033e       0x7a build/default/debug/AVR files/Timer0.o
                0x0000033e                TMR0_init
 .text.libgcc   0x000003b8       0x3e c:/winavr-20100110/bin/../lib/gcc/avr/4.3.3/avr5\libgcc.a(_mulsi3.o)
                0x000003b8                __mulsi3
 .text.libgcc   0x000003f6       0x44 c:/winavr-20100110/bin/../lib/gcc/avr/4.3.3/avr5\libgcc.a(_udivmodsi4.o)
                0x000003f6                __udivmodsi4
                0x0000043a                . = ALIGN (0x2)
 *(.fini9)
 .fini9         0x0000043a        0x0 c:/winavr-20100110/bin/../lib/gcc/avr/4.3.3/avr5\libgcc.a(_exit.o)
                0x0000043a                exit
                0x0000043a                _exit
 *(.fini9)
 *(.fini8)
 *(.fini8)
 *(.fini7)
 *(.fini7)
 *(.fini6)
 *(.fini6)
 *(.fini5)
 *(.fini5)
 *(.fini4)
 *(.fini4)
 *(.fini3)
 *(.fini3)
 *(.fini2)
 *(.fini2)
 *(.fini1)
 *(.fini1)
 *(.fini0)
 .fini0         0x0000043a        0x4 c:/winavr-20100110/bin/../lib/gcc/avr/4.3.3/avr5\libgcc.a(_exit.o)
 *(.fini0)
                0x0000043e                _etext = .

.data           0x00800060        0x0 load address 0x0000043e
                0x00800060                PROVIDE (__data_start, .)
 *(.data)
 *(.data*)
 *(.rodata)
 *(.rodata*)
 *(.gnu.linkonce.d*)
                0x00800060                . = ALIGN (0x2)
                0x00800060                _edata = .
                0x00800060                PROVIDE (__data_end, .)

.bss            0x00800060        0x6
                0x00800060                PROVIDE (__bss_start, .)
 *(.bss)
 *(.bss*)
 .bss.TCNT0_REF_start
                0x00800060        0x4 build/default/debug/AVR files/Timer0.o
 *(COMMON)
 COMMON         0x00800064        0x2 build/default/debug/AVR files/Timer0.o
                0x00800064                gTMR0_config
                0x00800066                PROVIDE (__bss_end, .)
                0x0000043e                __data_load_start = LOADADDR (.data)
                0x0000043e                __data_load_end = (__data_load_start + SIZEOF (.data))

.noinit         0x00800066        0x0
                0x00800066                PROVIDE (__noinit_start, .)
 *(.noinit*)
                0x00800066                PROVIDE (__noinit_end, .)
                0x00800066                _end = .
                0x00800066                PROVIDE (__heap_start, .)

.eeprom         0x00810000        0x0
 *(.eeprom*)
                0x00810000                __eeprom_end = .

.fuse           0x00820000        0x2
 *(.fuse)
 .fuse          0x00820000        0x2 build/default/debug/AVR files/main.o
                0x00820000                __fuse
 *(.lfuse)
 *(.hfuse)
 *(.efuse)

.lock           0x00830000        0x1
 *(.lock*)
 .lock          0x00830000        0x1 build/default/debug/AVR files/main.o
                0x00830000                __lock

.signature
 *(.signature*)

.stab
 *(.stab)

.stabstr
 *(.stabstr)

.stab.excl
 *(.stab.excl)

.stab.exclstr
 *(.stab.exclstr)

.stab.index
 *(.stab.index)

.stab.indexstr
 *(.stab.indexstr)

.comment
 *(.comment)

.debug
 *(.debug)

.line
 *(.line)

.debug_srcinfo
 *(.debug_srcinfo)

.debug_sfnames
 *(.debug_sfnames)

.debug_aranges  0x00000000       0xc8
 *(.debug_aranges)
 .debug_aranges
                0x00000000       0x48 build/default/debug/AVR files/GPIO_MEGA32.o
 .debug_aranges
                0x00000048       0x20 build/default/debug/AVR files/delayT0.o
 .debug_aranges
                0x00000068       0x20 build/default/debug/AVR files/main.o
 .debug_aranges
                0x00000088       0x40 build/default/debug/AVR files/Timer0.o

.debug_pubnames
                0x00000000      0x149
 *(.debug_pubnames)
 .debug_pubnames
                0x00000000       0x75 build/default/debug/AVR files/GPIO_MEGA32.o
 .debug_pubnames
                0x00000075       0x1f build/default/debug/AVR files/delayT0.o
 .debug_pubnames
                0x00000094       0x31 build/default/debug/AVR files/main.o
 .debug_pubnames
                0x000000c5       0x84 build/default/debug/AVR files/Timer0.o

.debug_info     0x00000000      0x97b
 *(.debug_info)
 .debug_info    0x00000000      0x2be build/default/debug/AVR files/GPIO_MEGA32.o
 .debug_info    0x000002be       0xa7 build/default/debug/AVR files/delayT0.o
 .debug_info    0x00000365      0x180 build/default/debug/AVR files/main.o
 .debug_info    0x000004e5      0x496 build/default/debug/AVR files/Timer0.o
 *(.gnu.linkonce.wi.*)

.debug_abbrev   0x00000000      0x3d5
 *(.debug_abbrev)
 .debug_abbrev  0x00000000      0x123 build/default/debug/AVR files/GPIO_MEGA32.o
 .debug_abbrev  0x00000123       0x77 build/default/debug/AVR files/delayT0.o
 .debug_abbrev  0x0000019a       0xd1 build/default/debug/AVR files/main.o
 .debug_abbrev  0x0000026b      0x16a build/default/debug/AVR files/Timer0.o

.debug_line     0x00000000      0x66c
 *(.debug_line)
 .debug_line    0x00000000      0x21e build/default/debug/AVR files/GPIO_MEGA32.o
 .debug_line    0x0000021e       0x7f build/default/debug/AVR files/delayT0.o
 .debug_line    0x0000029d      0x140 build/default/debug/AVR files/main.o
 .debug_line    0x000003dd      0x28f build/default/debug/AVR files/Timer0.o

.debug_frame    0x00000000      0x110
 *(.debug_frame)
 .debug_frame   0x00000000       0x70 build/default/debug/AVR files/GPIO_MEGA32.o
 .debug_frame   0x00000070       0x20 build/default/debug/AVR files/delayT0.o
 .debug_frame   0x00000090       0x20 build/default/debug/AVR files/main.o
 .debug_frame   0x000000b0       0x60 build/default/debug/AVR files/Timer0.o

.debug_str      0x00000000      0x3a8
 *(.debug_str)
 .debug_str     0x00000000      0x164 build/default/debug/AVR files/GPIO_MEGA32.o
                                0x198 (size before relaxing)
 .debug_str     0x00000164       0x1d build/default/debug/AVR files/delayT0.o
                                 0xd5 (size before relaxing)
 .debug_str     0x00000181       0x97 build/default/debug/AVR files/main.o
                                0x168 (size before relaxing)
 .debug_str     0x00000218      0x190 build/default/debug/AVR files/Timer0.o
                                0x2c6 (size before relaxing)

.debug_loc      0x00000000      0x3de
 *(.debug_loc)
 .debug_loc     0x00000000      0x108 build/default/debug/AVR files/GPIO_MEGA32.o
 .debug_loc     0x00000108       0x18 build/default/debug/AVR files/delayT0.o
 .debug_loc     0x00000120      0x2be build/default/debug/AVR files/Timer0.o

.debug_macinfo
 *(.debug_macinfo)
OUTPUT(dist/default/debug/Timer0.X.debug.elf elf32-avr)
LOAD linker stubs

.debug_ranges   0x00000000       0xa8
 .debug_ranges  0x00000000       0x40 build/default/debug/AVR files/GPIO_MEGA32.o
 .debug_ranges  0x00000040       0x18 build/default/debug/AVR files/delayT0.o
 .debug_ranges  0x00000058       0x18 build/default/debug/AVR files/main.o
 .debug_ranges  0x00000070       0x38 build/default/debug/AVR files/Timer0.o
