Archive member included to satisfy reference by file (symbol)

c:/st/stm32cubeide_1.4.0/stm32cubeide/plugins/com.st.stm32cube.ide.mcu.externaltools.gnu-tools-for-stm32.7-2018-q2-update.win32_1.4.0.202007081208/tools/bin/../lib/gcc/arm-none-eabi/7.3.1/../../../../arm-none-eabi/lib/thumb/v7-m\libc_nano.a(lib_a-errno.o)
                              Core/Src/syscalls.o (__errno)
c:/st/stm32cubeide_1.4.0/stm32cubeide/plugins/com.st.stm32cube.ide.mcu.externaltools.gnu-tools-for-stm32.7-2018-q2-update.win32_1.4.0.202007081208/tools/bin/../lib/gcc/arm-none-eabi/7.3.1/../../../../arm-none-eabi/lib/thumb/v7-m\libc_nano.a(lib_a-exit.o)
                              c:/st/stm32cubeide_1.4.0/stm32cubeide/plugins/com.st.stm32cube.ide.mcu.externaltools.gnu-tools-for-stm32.7-2018-q2-update.win32_1.4.0.202007081208/tools/bin/../lib/gcc/arm-none-eabi/7.3.1/../../../../arm-none-eabi/lib/thumb/v7-m/crt0.o (exit)
c:/st/stm32cubeide_1.4.0/stm32cubeide/plugins/com.st.stm32cube.ide.mcu.externaltools.gnu-tools-for-stm32.7-2018-q2-update.win32_1.4.0.202007081208/tools/bin/../lib/gcc/arm-none-eabi/7.3.1/../../../../arm-none-eabi/lib/thumb/v7-m\libc_nano.a(lib_a-impure.o)
                              c:/st/stm32cubeide_1.4.0/stm32cubeide/plugins/com.st.stm32cube.ide.mcu.externaltools.gnu-tools-for-stm32.7-2018-q2-update.win32_1.4.0.202007081208/tools/bin/../lib/gcc/arm-none-eabi/7.3.1/../../../../arm-none-eabi/lib/thumb/v7-m\libc_nano.a(lib_a-exit.o) (_global_impure_ptr)
c:/st/stm32cubeide_1.4.0/stm32cubeide/plugins/com.st.stm32cube.ide.mcu.externaltools.gnu-tools-for-stm32.7-2018-q2-update.win32_1.4.0.202007081208/tools/bin/../lib/gcc/arm-none-eabi/7.3.1/../../../../arm-none-eabi/lib/thumb/v7-m\libc_nano.a(lib_a-init.o)
                              c:/st/stm32cubeide_1.4.0/stm32cubeide/plugins/com.st.stm32cube.ide.mcu.externaltools.gnu-tools-for-stm32.7-2018-q2-update.win32_1.4.0.202007081208/tools/bin/../lib/gcc/arm-none-eabi/7.3.1/../../../../arm-none-eabi/lib/thumb/v7-m/crt0.o (__libc_init_array)
c:/st/stm32cubeide_1.4.0/stm32cubeide/plugins/com.st.stm32cube.ide.mcu.externaltools.gnu-tools-for-stm32.7-2018-q2-update.win32_1.4.0.202007081208/tools/bin/../lib/gcc/arm-none-eabi/7.3.1/../../../../arm-none-eabi/lib/thumb/v7-m\libc_nano.a(lib_a-memset.o)
                              c:/st/stm32cubeide_1.4.0/stm32cubeide/plugins/com.st.stm32cube.ide.mcu.externaltools.gnu-tools-for-stm32.7-2018-q2-update.win32_1.4.0.202007081208/tools/bin/../lib/gcc/arm-none-eabi/7.3.1/../../../../arm-none-eabi/lib/thumb/v7-m/crt0.o (memset)

Allocating common symbols
Common symbol       size              file

uwTick              0x4               Drivers/STM32F1xx_HAL_Driver/Src/stm32f1xx_hal.o
pFlash              0x20              Drivers/STM32F1xx_HAL_Driver/Src/stm32f1xx_hal_flash.o
ptrToIRQx           0x3c              Core/Src/EXTI.o

Discarded input sections

 .text          0x0000000000000000        0x0 c:/st/stm32cubeide_1.4.0/stm32cubeide/plugins/com.st.stm32cube.ide.mcu.externaltools.gnu-tools-for-stm32.7-2018-q2-update.win32_1.4.0.202007081208/tools/bin/../lib/gcc/arm-none-eabi/7.3.1/thumb/v7-m/crti.o
 .data          0x0000000000000000        0x0 c:/st/stm32cubeide_1.4.0/stm32cubeide/plugins/com.st.stm32cube.ide.mcu.externaltools.gnu-tools-for-stm32.7-2018-q2-update.win32_1.4.0.202007081208/tools/bin/../lib/gcc/arm-none-eabi/7.3.1/thumb/v7-m/crti.o
 .bss           0x0000000000000000        0x0 c:/st/stm32cubeide_1.4.0/stm32cubeide/plugins/com.st.stm32cube.ide.mcu.externaltools.gnu-tools-for-stm32.7-2018-q2-update.win32_1.4.0.202007081208/tools/bin/../lib/gcc/arm-none-eabi/7.3.1/thumb/v7-m/crti.o
 .data          0x0000000000000000        0x4 c:/st/stm32cubeide_1.4.0/stm32cubeide/plugins/com.st.stm32cube.ide.mcu.externaltools.gnu-tools-for-stm32.7-2018-q2-update.win32_1.4.0.202007081208/tools/bin/../lib/gcc/arm-none-eabi/7.3.1/thumb/v7-m/crtbegin.o
 .text          0x0000000000000000       0x74 c:/st/stm32cubeide_1.4.0/stm32cubeide/plugins/com.st.stm32cube.ide.mcu.externaltools.gnu-tools-for-stm32.7-2018-q2-update.win32_1.4.0.202007081208/tools/bin/../lib/gcc/arm-none-eabi/7.3.1/../../../../arm-none-eabi/lib/thumb/v7-m/crt0.o
 .data          0x0000000000000000        0x0 c:/st/stm32cubeide_1.4.0/stm32cubeide/plugins/com.st.stm32cube.ide.mcu.externaltools.gnu-tools-for-stm32.7-2018-q2-update.win32_1.4.0.202007081208/tools/bin/../lib/gcc/arm-none-eabi/7.3.1/../../../../arm-none-eabi/lib/thumb/v7-m/crt0.o
 .bss           0x0000000000000000        0x0 c:/st/stm32cubeide_1.4.0/stm32cubeide/plugins/com.st.stm32cube.ide.mcu.externaltools.gnu-tools-for-stm32.7-2018-q2-update.win32_1.4.0.202007081208/tools/bin/../lib/gcc/arm-none-eabi/7.3.1/../../../../arm-none-eabi/lib/thumb/v7-m/crt0.o
[...]
Memory Configuration

Name             Origin             Length             Attributes
RAM              0x0000000020000000 0x0000000000002800 xrw
FLASH            0x0000000008000000 0x0000000000008000 xr
*default*        0x0000000000000000 0xffffffffffffffff

Linker script and memory map

LOAD c:/st/stm32cubeide_1.4.0/stm32cubeide/plugins/com.st.stm32cube.ide.mcu.externaltools.gnu-tools-for-stm32.7-2018-q2-update.win32_1.4.0.202007081208/tools/bin/../lib/gcc/arm-none-eabi/7.3.1/thumb/v7-m/crti.o
LOAD c:/st/stm32cubeide_1.4.0/stm32cubeide/plugins/com.st.stm32cube.ide.mcu.externaltools.gnu-tools-for-stm32.7-2018-q2-update.win32_1.4.0.202007081208/tools/bin/../lib/gcc/arm-none-eabi/7.3.1/thumb/v7-m/crtbegin.o
LOAD c:/st/stm32cubeide_1.4.0/stm32cubeide/plugins/com.st.stm32cube.ide.mcu.externaltools.gnu-tools-for-stm32.7-2018-q2-update.win32_1.4.0.202007081208/tools/bin/../lib/gcc/arm-none-eabi/7.3.1/../../../../arm-none-eabi/lib/thumb/v7-m/crt0.o
LOAD Core/Src/EXTI.o
LOAD Core/Src/GPIOSTM32.o
LOAD Core/Src/STM32F103.o
LOAD Core/Src/keyPad.o
LOAD Core/Src/lcd16.o
LOAD Core/Src/main.o
LOAD Core/Src/stm32f1xx_hal_msp.o
LOAD Core/Src/stm32f1xx_it.o
LOAD Core/Src/syscalls.o
LOAD Core/Src/sysmem.o
LOAD Core/Src/system_stm32f1xx.o
LOAD Core/Startup/startup_stm32f103c6tx.o
LOAD Drivers/STM32F1xx_HAL_Driver/Src/stm32f1xx_hal.o
LOAD Drivers/STM32F1xx_HAL_Driver/Src/stm32f1xx_hal_cortex.o
LOAD Drivers/STM32F1xx_HAL_Driver/Src/stm32f1xx_hal_dma.o
LOAD Drivers/STM32F1xx_HAL_Driver/Src/stm32f1xx_hal_exti.o
LOAD Drivers/STM32F1xx_HAL_Driver/Src/stm32f1xx_hal_flash.o
LOAD Drivers/STM32F1xx_HAL_Driver/Src/stm32f1xx_hal_flash_ex.o
LOAD Drivers/STM32F1xx_HAL_Driver/Src/stm32f1xx_hal_gpio.o
LOAD Drivers/STM32F1xx_HAL_Driver/Src/stm32f1xx_hal_gpio_ex.o
LOAD Drivers/STM32F1xx_HAL_Driver/Src/stm32f1xx_hal_pwr.o
LOAD Drivers/STM32F1xx_HAL_Driver/Src/stm32f1xx_hal_rcc.o
LOAD Drivers/STM32F1xx_HAL_Driver/Src/stm32f1xx_hal_rcc_ex.o
LOAD Drivers/STM32F1xx_HAL_Driver/Src/stm32f1xx_hal_tim.o
LOAD Drivers/STM32F1xx_HAL_Driver/Src/stm32f1xx_hal_tim_ex.o
START GROUP
LOAD c:/st/stm32cubeide_1.4.0/stm32cubeide/plugins/com.st.stm32cube.ide.mcu.externaltools.gnu-tools-for-stm32.7-2018-q2-update.win32_1.4.0.202007081208/tools/bin/../lib/gcc/arm-none-eabi/7.3.1/../../../../arm-none-eabi/lib/thumb/v7-m\libc_nano.a
LOAD c:/st/stm32cubeide_1.4.0/stm32cubeide/plugins/com.st.stm32cube.ide.mcu.externaltools.gnu-tools-for-stm32.7-2018-q2-update.win32_1.4.0.202007081208/tools/bin/../lib/gcc/arm-none-eabi/7.3.1/../../../../arm-none-eabi/lib/thumb/v7-m\libm.a
END GROUP
START GROUP
LOAD c:/st/stm32cubeide_1.4.0/stm32cubeide/plugins/com.st.stm32cube.ide.mcu.externaltools.gnu-tools-for-stm32.7-2018-q2-update.win32_1.4.0.202007081208/tools/bin/../lib/gcc/arm-none-eabi/7.3.1/thumb/v7-m\libgcc.a
LOAD c:/st/stm32cubeide_1.4.0/stm32cubeide/plugins/com.st.stm32cube.ide.mcu.externaltools.gnu-tools-for-stm32.7-2018-q2-update.win32_1.4.0.202007081208/tools/bin/../lib/gcc/arm-none-eabi/7.3.1/../../../../arm-none-eabi/lib/thumb/v7-m\libc_nano.a
END GROUP
START GROUP
LOAD c:/st/stm32cubeide_1.4.0/stm32cubeide/plugins/com.st.stm32cube.ide.mcu.externaltools.gnu-tools-for-stm32.7-2018-q2-update.win32_1.4.0.202007081208/tools/bin/../lib/gcc/arm-none-eabi/7.3.1/thumb/v7-m\libgcc.a
LOAD c:/st/stm32cubeide_1.4.0/stm32cubeide/plugins/com.st.stm32cube.ide.mcu.externaltools.gnu-tools-for-stm32.7-2018-q2-update.win32_1.4.0.202007081208/tools/bin/../lib/gcc/arm-none-eabi/7.3.1/../../../../arm-none-eabi/lib/thumb/v7-m\libc_nano.a
LOAD c:/st/stm32cubeide_1.4.0/stm32cubeide/plugins/com.st.stm32cube.ide.mcu.externaltools.gnu-tools-for-stm32.7-2018-q2-update.win32_1.4.0.202007081208/tools/bin/../lib/gcc/arm-none-eabi/7.3.1/../../../../arm-none-eabi/lib/thumb/v7-m\libnosys.a
END GROUP
START GROUP
LOAD c:/st/stm32cubeide_1.4.0/stm32cubeide/plugins/com.st.stm32cube.ide.mcu.externaltools.gnu-tools-for-stm32.7-2018-q2-update.win32_1.4.0.202007081208/tools/bin/../lib/gcc/arm-none-eabi/7.3.1/thumb/v7-m\libgcc.a
LOAD c:/st/stm32cubeide_1.4.0/stm32cubeide/plugins/com.st.stm32cube.ide.mcu.externaltools.gnu-tools-for-stm32.7-2018-q2-update.win32_1.4.0.202007081208/tools/bin/../lib/gcc/arm-none-eabi/7.3.1/../../../../arm-none-eabi/lib/thumb/v7-m\libc_nano.a
LOAD c:/st/stm32cubeide_1.4.0/stm32cubeide/plugins/com.st.stm32cube.ide.mcu.externaltools.gnu-tools-for-stm32.7-2018-q2-update.win32_1.4.0.202007081208/tools/bin/../lib/gcc/arm-none-eabi/7.3.1/../../../../arm-none-eabi/lib/thumb/v7-m\libnosys.a
END GROUP
LOAD c:/st/stm32cubeide_1.4.0/stm32cubeide/plugins/com.st.stm32cube.ide.mcu.externaltools.gnu-tools-for-stm32.7-2018-q2-update.win32_1.4.0.202007081208/tools/bin/../lib/gcc/arm-none-eabi/7.3.1/thumb/v7-m/crtend.o
LOAD c:/st/stm32cubeide_1.4.0/stm32cubeide/plugins/com.st.stm32cube.ide.mcu.externaltools.gnu-tools-for-stm32.7-2018-q2-update.win32_1.4.0.202007081208/tools/bin/../lib/gcc/arm-none-eabi/7.3.1/thumb/v7-m/crtn.o
                0x0000000020002800                _estack = (ORIGIN (RAM) + LENGTH (RAM))
                0x0000000000000200                _Min_Heap_Size = 0x200
                0x0000000000000400                _Min_Stack_Size = 0x400

.isr_vector     0x0000000008000000      0x10c
                0x0000000008000000                . = ALIGN (0x4)
 *(.isr_vector)
 .isr_vector    0x0000000008000000      0x10c Core/Startup/startup_stm32f103c6tx.o
                0x0000000008000000                g_pfnVectors
                0x000000000800010c                . = ALIGN (0x4)

.text           0x000000000800010c     0x128c
                0x000000000800010c                . = ALIGN (0x4)
 *(.text)
 .text          0x000000000800010c       0x40 c:/st/stm32cubeide_1.4.0/stm32cubeide/plugins/com.st.stm32cube.ide.mcu.externaltools.gnu-tools-for-stm32.7-2018-q2-update.win32_1.4.0.202007081208/tools/bin/../lib/gcc/arm-none-eabi/7.3.1/thumb/v7-m/crtbegin.o
 *(.text*)
 .text.External_Interrupt_Edge_Selector
                0x000000000800014c       0xa4 Core/Src/EXTI.o
 .text.Interrupt_Mask_Enable
                0x00000000080001f0       0x2c Core/Src/EXTI.o
 .text.Interrupt_Setting
                0x000000000800021c       0x44 Core/Src/EXTI.o
 .text.Enable_IRQx
                0x0000000008000260       0xb4 Core/Src/EXTI.o
                0x0000000008000260                Enable_IRQx
 .text.Disable_IRQx
                0x0000000008000314       0xb4 Core/Src/EXTI.o
                0x0000000008000314                Disable_IRQx
 .text.External_Interrupt_Init
                0x00000000080003c8      0x224 Core/Src/EXTI.o
                0x00000000080003c8                External_Interrupt_Init
 .text.External_Interrupt_Reset
                0x00000000080005ec       0x5c Core/Src/EXTI.o
                0x00000000080005ec                External_Interrupt_Reset
 .text.Software_Interrupt_Trigger
                0x0000000008000648       0x48 Core/Src/EXTI.o
                0x0000000008000648                Software_Interrupt_Trigger
 .text.EXTI0_IRQHandler
                0x0000000008000690       0x38 Core/Src/EXTI.o
                0x0000000008000690                EXTI0_IRQHandler
 .text.EXTI1_IRQHandler
                0x00000000080006c8       0x38 Core/Src/EXTI.o
                0x00000000080006c8                EXTI1_IRQHandler
 .text.EXTI2_IRQHandler
                0x0000000008000700       0x38 Core/Src/EXTI.o
                0x0000000008000700                EXTI2_IRQHandler
 .text.EXTI3_IRQHandler
                0x0000000008000738       0x38 Core/Src/EXTI.o
                0x0000000008000738                EXTI3_IRQHandler
 .text.EXTI4_IRQHandler
                0x0000000008000770       0x38 Core/Src/EXTI.o
                0x0000000008000770                EXTI4_IRQHandler
 .text.EXTI9_5_IRQHandler
                0x00000000080007a8       0xd0 Core/Src/EXTI.o
                0x00000000080007a8                EXTI9_5_IRQHandler
 .text.EXTI15_10_IRQHandler
                0x0000000008000878       0xf8 Core/Src/EXTI.o
                0x0000000008000878                EXTI15_10_IRQHandler
 .text.GPIO_Init_Input_Pin
                0x0000000008000970       0xc6 Core/Src/GPIOSTM32.o
                0x0000000008000970                GPIO_Init_Input_Pin
 .text.GPIO_Init_Output_Pin
                0x0000000008000a36       0x8a Core/Src/GPIOSTM32.o
                0x0000000008000a36                GPIO_Init_Output_Pin
 .text.GPIO_Reset_Pin_Atomic
                0x0000000008000ac0       0x1e Core/Src/GPIOSTM32.o
                0x0000000008000ac0                GPIO_Reset_Pin_Atomic
 .text.GPIO_Set_Pin
                0x0000000008000ade       0x26 Core/Src/GPIOSTM32.o
                0x0000000008000ade                GPIO_Set_Pin
 .text.GPIO_Reset_Pin
                0x0000000008000b04       0x28 Core/Src/GPIOSTM32.o
                0x0000000008000b04                GPIO_Reset_Pin
 .text.GPIO_Toggle_Pin
                0x0000000008000b2c       0x26 Core/Src/GPIOSTM32.o
                0x0000000008000b2c                GPIO_Toggle_Pin
 .text.GPIO_Set_pins
                0x0000000008000b52       0x20 Core/Src/GPIOSTM32.o
                0x0000000008000b52                GPIO_Set_pins
 .text.GPIO_Reset_pins
                0x0000000008000b72       0x22 Core/Src/GPIOSTM32.o
                0x0000000008000b72                GPIO_Reset_pins
 .text.GPIO_Init_All_Output
                0x0000000008000b94       0x38 Core/Src/GPIOSTM32.o
                0x0000000008000b94                GPIO_Init_All_Output
 .text.lcd_ENABLE_R_W_DATA
                0x0000000008000bcc       0x38 Core/Src/lcd16.o
 .text.lcd_start4Bit
                0x0000000008000c04       0x44 Core/Src/lcd16.o
 .text.lcd_INIT
                0x0000000008000c48       0xac Core/Src/lcd16.o
                0x0000000008000c48                lcd_INIT
 .text.lcd_Send_Command
                0x0000000008000cf4       0x3c Core/Src/lcd16.o
                0x0000000008000cf4                lcd_Send_Command
 .text.lcd_SET_CURSOR_POSITION
                0x0000000008000d30       0x88 Core/Src/lcd16.o
                0x0000000008000d30                lcd_SET_CURSOR_POSITION
 .text.lcd_WRITE_TEXT
                0x0000000008000db8       0x5c Core/Src/lcd16.o
                0x0000000008000db8                lcd_WRITE_TEXT
 .text.delay_ms
                0x0000000008000e14       0x3c Core/Src/main.o
                0x0000000008000e14                delay_ms
 .text.IRQ14    0x0000000008000e50       0x3c Core/Src/main.o
                0x0000000008000e50                IRQ14
 .text.IRQx     0x0000000008000e8c        0xc Core/Src/main.o
                0x0000000008000e8c                IRQx
 .text.IRQ15    0x0000000008000e98       0x3c Core/Src/main.o
                0x0000000008000e98                IRQ15
 .text.clock_init
                0x0000000008000ed4       0x1c Core/Src/main.o
                0x0000000008000ed4                clock_init
 .text.port_init
                0x0000000008000ef0       0x38 Core/Src/main.o
                0x0000000008000ef0                port_init
 .text.main     0x0000000008000f28      0x340 Core/Src/main.o
                0x0000000008000f28                main
 .text.NMI_Handler
                0x0000000008001268        0xc Core/Src/stm32f1xx_it.o
                0x0000000008001268                NMI_Handler
 .text.HardFault_Handler
                0x0000000008001274        0x6 Core/Src/stm32f1xx_it.o
                0x0000000008001274                HardFault_Handler
 .text.MemManage_Handler
                0x000000000800127a        0x6 Core/Src/stm32f1xx_it.o
                0x000000000800127a                MemManage_Handler
 .text.BusFault_Handler
                0x0000000008001280        0x6 Core/Src/stm32f1xx_it.o
                0x0000000008001280                BusFault_Handler
 .text.UsageFault_Handler
                0x0000000008001286        0x6 Core/Src/stm32f1xx_it.o
                0x0000000008001286                UsageFault_Handler
 .text.SVC_Handler
                0x000000000800128c        0xc Core/Src/stm32f1xx_it.o
                0x000000000800128c                SVC_Handler
 .text.DebugMon_Handler
                0x0000000008001298        0xc Core/Src/stm32f1xx_it.o
                0x0000000008001298                DebugMon_Handler
 .text.PendSV_Handler
                0x00000000080012a4        0xc Core/Src/stm32f1xx_it.o
                0x00000000080012a4                PendSV_Handler
 .text.SysTick_Handler
                0x00000000080012b0        0xc Core/Src/stm32f1xx_it.o
                0x00000000080012b0                SysTick_Handler
 .text.SystemInit
                0x00000000080012bc        0xc Core/Src/system_stm32f1xx.o
                0x00000000080012bc                SystemInit
 .text.Reset_Handler
                0x00000000080012c8       0x48 Core/Startup/startup_stm32f103c6tx.o
                0x00000000080012c8                Reset_Handler
 .text.Default_Handler
                0x0000000008001310        0x2 Core/Startup/startup_stm32f103c6tx.o
                0x0000000008001310                RTC_Alarm_IRQHandler
                0x0000000008001310                TIM1_CC_IRQHandler
                0x0000000008001310                PVD_IRQHandler
                0x0000000008001310                ADC1_2_IRQHandler
                0x0000000008001310                SPI1_IRQHandler
                0x0000000008001310                TAMPER_IRQHandler
                0x0000000008001310                DMA1_Channel4_IRQHandler
                0x0000000008001310                RTC_IRQHandler
                0x0000000008001310                DMA1_Channel7_IRQHandler
                0x0000000008001310                CAN1_RX1_IRQHandler
                0x0000000008001310                I2C1_EV_IRQHandler
                0x0000000008001310                DMA1_Channel6_IRQHandler
                0x0000000008001310                TIM3_IRQHandler
                0x0000000008001310                RCC_IRQHandler
                0x0000000008001310                TIM1_TRG_COM_IRQHandler
                0x0000000008001310                DMA1_Channel1_IRQHandler
                0x0000000008001310                Default_Handler
                0x0000000008001310                DMA1_Channel5_IRQHandler
                0x0000000008001310                USB_LP_CAN1_RX0_IRQHandler
                0x0000000008001310                USB_HP_CAN1_TX_IRQHandler
                0x0000000008001310                DMA1_Channel3_IRQHandler
                0x0000000008001310                TIM1_UP_IRQHandler
                0x0000000008001310                WWDG_IRQHandler
                0x0000000008001310                TIM2_IRQHandler
                0x0000000008001310                TIM1_BRK_IRQHandler
                0x0000000008001310                USART2_IRQHandler
                0x0000000008001310                DMA1_Channel2_IRQHandler
                0x0000000008001310                CAN1_SCE_IRQHandler
                0x0000000008001310                FLASH_IRQHandler
                0x0000000008001310                USART1_IRQHandler
                0x0000000008001310                I2C1_ER_IRQHandler
                0x0000000008001310                USBWakeUp_IRQHandler
 *fill*         0x0000000008001312        0x2 
 .text.HAL_IncTick
                0x0000000008001314       0x24 Drivers/STM32F1xx_HAL_Driver/Src/stm32f1xx_hal.o
                0x0000000008001314                HAL_IncTick
 .text.__libc_init_array
                0x0000000008001338       0x48 c:/st/stm32cubeide_1.4.0/stm32cubeide/plugins/com.st.stm32cube.ide.mcu.externaltools.gnu-tools-for-stm32.7-2018-q2-update.win32_1.4.0.202007081208/tools/bin/../lib/gcc/arm-none-eabi/7.3.1/../../../../arm-none-eabi/lib/thumb/v7-m\libc_nano.a(lib_a-init.o)
                0x0000000008001338                __libc_init_array
 *(.glue_7)
 .glue_7        0x0000000008001380        0x0 linker stubs
 *(.glue_7t)
 .glue_7t       0x0000000008001380        0x0 linker stubs
 *(.eh_frame)
 .eh_frame      0x0000000008001380        0x0 c:/st/stm32cubeide_1.4.0/stm32cubeide/plugins/com.st.stm32cube.ide.mcu.externaltools.gnu-tools-for-stm32.7-2018-q2-update.win32_1.4.0.202007081208/tools/bin/../lib/gcc/arm-none-eabi/7.3.1/thumb/v7-m/crtbegin.o
 *(.init)
 .init          0x0000000008001380        0x4 c:/st/stm32cubeide_1.4.0/stm32cubeide/plugins/com.st.stm32cube.ide.mcu.externaltools.gnu-tools-for-stm32.7-2018-q2-update.win32_1.4.0.202007081208/tools/bin/../lib/gcc/arm-none-eabi/7.3.1/thumb/v7-m/crti.o
                0x0000000008001380                _init
 .init          0x0000000008001384        0x8 c:/st/stm32cubeide_1.4.0/stm32cubeide/plugins/com.st.stm32cube.ide.mcu.externaltools.gnu-tools-for-stm32.7-2018-q2-update.win32_1.4.0.202007081208/tools/bin/../lib/gcc/arm-none-eabi/7.3.1/thumb/v7-m/crtn.o
 *(.fini)
 .fini          0x000000000800138c        0x4 c:/st/stm32cubeide_1.4.0/stm32cubeide/plugins/com.st.stm32cube.ide.mcu.externaltools.gnu-tools-for-stm32.7-2018-q2-update.win32_1.4.0.202007081208/tools/bin/../lib/gcc/arm-none-eabi/7.3.1/thumb/v7-m/crti.o
                0x000000000800138c                _fini
 .fini          0x0000000008001390        0x8 c:/st/stm32cubeide_1.4.0/stm32cubeide/plugins/com.st.stm32cube.ide.mcu.externaltools.gnu-tools-for-stm32.7-2018-q2-update.win32_1.4.0.202007081208/tools/bin/../lib/gcc/arm-none-eabi/7.3.1/thumb/v7-m/crtn.o
                0x0000000008001398                . = ALIGN (0x4)
                0x0000000008001398                _etext = .

.vfp11_veneer   0x0000000008001398        0x0
 .vfp11_veneer  0x0000000008001398        0x0 linker stubs

.v4_bx          0x0000000008001398        0x0
 .v4_bx         0x0000000008001398        0x0 linker stubs

.iplt           0x0000000008001398        0x0
 .iplt          0x0000000008001398        0x0 c:/st/stm32cubeide_1.4.0/stm32cubeide/plugins/com.st.stm32cube.ide.mcu.externaltools.gnu-tools-for-stm32.7-2018-q2-update.win32_1.4.0.202007081208/tools/bin/../lib/gcc/arm-none-eabi/7.3.1/thumb/v7-m/crtbegin.o

.rodata         0x0000000008001398       0x54
                0x0000000008001398                . = ALIGN (0x4)
 *(.rodata)
 .rodata        0x0000000008001398       0x53 Core/Src/main.o
 *(.rodata*)
                0x00000000080013ec                . = ALIGN (0x4)
 *fill*         0x00000000080013eb        0x1 

.rel.dyn        0x00000000080013ec        0x0
 .rel.iplt      0x00000000080013ec        0x0 c:/st/stm32cubeide_1.4.0/stm32cubeide/plugins/com.st.stm32cube.ide.mcu.externaltools.gnu-tools-for-stm32.7-2018-q2-update.win32_1.4.0.202007081208/tools/bin/../lib/gcc/arm-none-eabi/7.3.1/thumb/v7-m/crtbegin.o

.ARM.extab      0x00000000080013ec        0x0
                0x00000000080013ec                . = ALIGN (0x4)
 *(.ARM.extab* .gnu.linkonce.armextab.*)
                0x00000000080013ec                . = ALIGN (0x4)

.ARM            0x00000000080013ec        0x0
                0x00000000080013ec                . = ALIGN (0x4)
                0x00000000080013ec                __exidx_start = .
 *(.ARM.exidx*)
                0x00000000080013ec                __exidx_end = .
                0x00000000080013ec                . = ALIGN (0x4)

.preinit_array  0x00000000080013ec        0x0
                0x00000000080013ec                . = ALIGN (0x4)
                0x00000000080013ec                PROVIDE (__preinit_array_start = .)
 *(.preinit_array*)
                0x00000000080013ec                PROVIDE (__preinit_array_end = .)
                0x00000000080013ec                . = ALIGN (0x4)

.init_array     0x00000000080013ec        0x4
                0x00000000080013ec                . = ALIGN (0x4)
                0x00000000080013ec                PROVIDE (__init_array_start = .)
 *(SORT_BY_NAME(.init_array.*))
 *(.init_array*)
 .init_array    0x00000000080013ec        0x4 c:/st/stm32cubeide_1.4.0/stm32cubeide/plugins/com.st.stm32cube.ide.mcu.externaltools.gnu-tools-for-stm32.7-2018-q2-update.win32_1.4.0.202007081208/tools/bin/../lib/gcc/arm-none-eabi/7.3.1/thumb/v7-m/crtbegin.o
                0x00000000080013f0                PROVIDE (__init_array_end = .)
                0x00000000080013f0                . = ALIGN (0x4)

.fini_array     0x00000000080013f0        0x4
                0x00000000080013f0                . = ALIGN (0x4)
                [!provide]                        PROVIDE (__fini_array_start = .)
 *(SORT_BY_NAME(.fini_array.*))
 *(.fini_array*)
 .fini_array    0x00000000080013f0        0x4 c:/st/stm32cubeide_1.4.0/stm32cubeide/plugins/com.st.stm32cube.ide.mcu.externaltools.gnu-tools-for-stm32.7-2018-q2-update.win32_1.4.0.202007081208/tools/bin/../lib/gcc/arm-none-eabi/7.3.1/thumb/v7-m/crtbegin.o
                [!provide]                        PROVIDE (__fini_array_end = .)
                0x00000000080013f4                . = ALIGN (0x4)
                0x00000000080013f4                _sidata = LOADADDR (.data)

.data           0x0000000020000000       0x18 load address 0x00000000080013f4
                0x0000000020000000                . = ALIGN (0x4)
                0x0000000020000000                _sdata = .
 *(.data)
 *(.data*)
 .data.External_Interrupt_Line
                0x0000000020000000        0x4 Core/Src/EXTI.o
                0x0000000020000000                External_Interrupt_Line
 .data.text     0x0000000020000004       0x10 Core/Src/main.o
                0x0000000020000004                text
 .data.uwTickFreq
                0x0000000020000014        0x1 Drivers/STM32F1xx_HAL_Driver/Src/stm32f1xx_hal.o
                0x0000000020000014                uwTickFreq
                0x0000000020000018                . = ALIGN (0x4)
 *fill*         0x0000000020000015        0x3 
                0x0000000020000018                _edata = .

.igot.plt       0x0000000020000018        0x0 load address 0x000000000800140c
 .igot.plt      0x0000000020000018        0x0 c:/st/stm32cubeide_1.4.0/stm32cubeide/plugins/com.st.stm32cube.ide.mcu.externaltools.gnu-tools-for-stm32.7-2018-q2-update.win32_1.4.0.202007081208/tools/bin/../lib/gcc/arm-none-eabi/7.3.1/thumb/v7-m/crtbegin.o
                0x0000000020000018                . = ALIGN (0x4)

.bss            0x0000000020000018       0x5c load address 0x000000000800140c
                0x0000000020000018                _sbss = .
                0x0000000020000018                __bss_start__ = _sbss
 *(.bss)
 .bss           0x0000000020000018       0x1c c:/st/stm32cubeide_1.4.0/stm32cubeide/plugins/com.st.stm32cube.ide.mcu.externaltools.gnu-tools-for-stm32.7-2018-q2-update.win32_1.4.0.202007081208/tools/bin/../lib/gcc/arm-none-eabi/7.3.1/thumb/v7-m/crtbegin.o
 *(.bss*)
 *(COMMON)
 COMMON         0x0000000020000034       0x3c Core/Src/EXTI.o
                0x0000000020000034                ptrToIRQx
 COMMON         0x0000000020000070        0x4 Drivers/STM32F1xx_HAL_Driver/Src/stm32f1xx_hal.o
                0x0000000020000070                uwTick
                0x0000000020000074                . = ALIGN (0x4)
                0x0000000020000074                _ebss = .
                0x0000000020000074                __bss_end__ = _ebss

._user_heap_stack
                0x0000000020000074      0x604 load address 0x000000000800140c
                0x0000000020000078                . = ALIGN (0x8)
 *fill*         0x0000000020000074        0x4 
                [!provide]                        PROVIDE (end = .)
                0x0000000020000078                PROVIDE (_end = .)
                0x0000000020000278                . = (. + _Min_Heap_Size)
 *fill*         0x0000000020000078      0x200 
                0x0000000020000678                . = (. + _Min_Stack_Size)
 *fill*         0x0000000020000278      0x400 
                0x0000000020000678                . = ALIGN (0x8)

/DISCARD/
 libc.a(*)
 libm.a(*)
 libgcc.a(*)

.ARM.attributes
                0x0000000000000000       0x29
 *(.ARM.attributes)
 .ARM.attributes
                0x0000000000000000       0x1d c:/st/stm32cubeide_1.4.0/stm32cubeide/plugins/com.st.stm32cube.ide.mcu.externaltools.gnu-tools-for-stm32.7-2018-q2-update.win32_1.4.0.202007081208/tools/bin/../lib/gcc/arm-none-eabi/7.3.1/thumb/v7-m/crti.o
 .ARM.attributes
                0x000000000000001d       0x2d c:/st/stm32cubeide_1.4.0/stm32cubeide/plugins/com.st.stm32cube.ide.mcu.externaltools.gnu-tools-for-stm32.7-2018-q2-update.win32_1.4.0.202007081208/tools/bin/../lib/gcc/arm-none-eabi/7.3.1/thumb/v7-m/crtbegin.o
 .ARM.attributes
                0x000000000000004a       0x33 Core/Src/EXTI.o
 .ARM.attributes
                0x000000000000007d       0x33 Core/Src/GPIOSTM32.o
 .ARM.attributes
                0x00000000000000b0       0x33 Core/Src/lcd16.o
 .ARM.attributes
                0x00000000000000e3       0x33 Core/Src/main.o
 .ARM.attributes
                0x0000000000000116       0x33 Core/Src/stm32f1xx_it.o
 .ARM.attributes
                0x0000000000000149       0x33 Core/Src/system_stm32f1xx.o
 .ARM.attributes
                0x000000000000017c       0x21 Core/Startup/startup_stm32f103c6tx.o
 .ARM.attributes
                0x000000000000019d       0x33 Drivers/STM32F1xx_HAL_Driver/Src/stm32f1xx_hal.o
 .ARM.attributes
                0x00000000000001d0       0x2d c:/st/stm32cubeide_1.4.0/stm32cubeide/plugins/com.st.stm32cube.ide.mcu.externaltools.gnu-tools-for-stm32.7-2018-q2-update.win32_1.4.0.202007081208/tools/bin/../lib/gcc/arm-none-eabi/7.3.1/../../../../arm-none-eabi/lib/thumb/v7-m\libc_nano.a(lib_a-init.o)
 .ARM.attributes
                0x00000000000001fd       0x1d c:/st/stm32cubeide_1.4.0/stm32cubeide/plugins/com.st.stm32cube.ide.mcu.externaltools.gnu-tools-for-stm32.7-2018-q2-update.win32_1.4.0.202007081208/tools/bin/../lib/gcc/arm-none-eabi/7.3.1/thumb/v7-m/crtn.o
OUTPUT(STM32_GPIOs.elf elf32-littlearm)

.debug_info     0x0000000000000000     0x4074
 .debug_info    0x0000000000000000      0xd98 Core/Src/EXTI.o
 .debug_info    0x0000000000000d98      0xe93 Core/Src/GPIOSTM32.o
 .debug_info    0x0000000000001c2b      0xb71 Core/Src/lcd16.o
 .debug_info    0x000000000000279c      0xbec Core/Src/main.o
 .debug_info    0x0000000000003388      0x249 Core/Src/stm32f1xx_it.o
 .debug_info    0x00000000000035d1      0x2ca Core/Src/system_stm32f1xx.o
 .debug_info    0x000000000000389b       0x22 Core/Startup/startup_stm32f103c6tx.o
 .debug_info    0x00000000000038bd      0x7b7 Drivers/STM32F1xx_HAL_Driver/Src/stm32f1xx_hal.o

.debug_abbrev   0x0000000000000000      0xbfe
 .debug_abbrev  0x0000000000000000      0x22d Core/Src/EXTI.o
 .debug_abbrev  0x000000000000022d      0x216 Core/Src/GPIOSTM32.o
 .debug_abbrev  0x0000000000000443      0x1d8 Core/Src/lcd16.o
 .debug_abbrev  0x000000000000061b      0x20a Core/Src/main.o
 .debug_abbrev  0x0000000000000825       0xc8 Core/Src/stm32f1xx_it.o
 .debug_abbrev  0x00000000000008ed      0x136 Core/Src/system_stm32f1xx.o
 .debug_abbrev  0x0000000000000a23       0x12 Core/Startup/startup_stm32f103c6tx.o
 .debug_abbrev  0x0000000000000a35      0x1c9 Drivers/STM32F1xx_HAL_Driver/Src/stm32f1xx_hal.o

.debug_loc      0x0000000000000000     0x16e8
 .debug_loc     0x0000000000000000      0x3c0 Core/Src/EXTI.o
 .debug_loc     0x00000000000003c0      0x61c Core/Src/GPIOSTM32.o
 .debug_loc     0x00000000000009dc      0x20c Core/Src/lcd16.o
 .debug_loc     0x0000000000000be8      0x1dc Core/Src/main.o
 .debug_loc     0x0000000000000dc4      0x1ec Core/Src/stm32f1xx_it.o
 .debug_loc     0x0000000000000fb0       0xa0 Core/Src/system_stm32f1xx.o
 .debug_loc     0x0000000000001050      0x698 Drivers/STM32F1xx_HAL_Driver/Src/stm32f1xx_hal.o

.debug_aranges  0x0000000000000000      0x360
 .debug_aranges
                0x0000000000000000       0x90 Core/Src/EXTI.o
 .debug_aranges
                0x0000000000000090       0xa0 Core/Src/GPIOSTM32.o
 .debug_aranges
                0x0000000000000130       0x50 Core/Src/lcd16.o
 .debug_aranges
                0x0000000000000180       0x50 Core/Src/main.o
 .debug_aranges
                0x00000000000001d0       0x60 Core/Src/stm32f1xx_it.o
 .debug_aranges
                0x0000000000000230       0x28 Core/Src/system_stm32f1xx.o
 .debug_aranges
                0x0000000000000258       0x28 Core/Startup/startup_stm32f103c6tx.o
 .debug_aranges
                0x0000000000000280       0xe0 Drivers/STM32F1xx_HAL_Driver/Src/stm32f1xx_hal.o

.debug_ranges   0x0000000000000000      0x2e8
 .debug_ranges  0x0000000000000000       0x80 Core/Src/EXTI.o
 .debug_ranges  0x0000000000000080       0x90 Core/Src/GPIOSTM32.o
 .debug_ranges  0x0000000000000110       0x40 Core/Src/lcd16.o
 .debug_ranges  0x0000000000000150       0x40 Core/Src/main.o
 .debug_ranges  0x0000000000000190       0x50 Core/Src/stm32f1xx_it.o
 .debug_ranges  0x00000000000001e0       0x18 Core/Src/system_stm32f1xx.o
 .debug_ranges  0x00000000000001f8       0x20 Core/Startup/startup_stm32f103c6tx.o
 .debug_ranges  0x0000000000000218       0xd0 Drivers/STM32F1xx_HAL_Driver/Src/stm32f1xx_hal.o

.debug_macro    0x0000000000000000     0x2628
 .debug_macro   0x0000000000000000      0x14e Core/Src/EXTI.o
 .debug_macro   0x000000000000014e      0xa5a Core/Src/EXTI.o
 .debug_macro   0x0000000000000ba8       0x22 Core/Src/EXTI.o
 .debug_macro   0x0000000000000bca       0x8e Core/Src/EXTI.o
 .debug_macro   0x0000000000000c58       0x51 Core/Src/EXTI.o
 .debug_macro   0x0000000000000ca9       0xef Core/Src/EXTI.o
 .debug_macro   0x0000000000000d98       0x6a Core/Src/EXTI.o
 .debug_macro   0x0000000000000e02      0x1df Core/Src/EXTI.o
 .debug_macro   0x0000000000000fe1       0x18 Core/Src/EXTI.o
 .debug_macro   0x0000000000000ff9       0x46 Core/Src/EXTI.o
 .debug_macro   0x000000000000103f       0x3c Core/Src/EXTI.o
 .debug_macro   0x000000000000107b       0x34 Core/Src/EXTI.o
 .debug_macro   0x00000000000010af       0x16 Core/Src/EXTI.o
 .debug_macro   0x00000000000010c5      0x10e Core/Src/EXTI.o
 .debug_macro   0x00000000000011d3       0x8d Core/Src/EXTI.o
 .debug_macro   0x0000000000001260       0x52 Core/Src/EXTI.o
 .debug_macro   0x00000000000012b2       0x1f Core/Src/EXTI.o
 .debug_macro   0x00000000000012d1       0x43 Core/Src/EXTI.o
 .debug_macro   0x0000000000001314       0x20 Core/Src/EXTI.o
 .debug_macro   0x0000000000001334      0x1a3 Core/Src/EXTI.o
 .debug_macro   0x00000000000014d7      0x330 Core/Src/EXTI.o
 .debug_macro   0x0000000000001807       0x16 Core/Src/EXTI.o
 .debug_macro   0x000000000000181d       0x29 Core/Src/EXTI.o
 .debug_macro   0x0000000000001846      0x1a4 Core/Src/EXTI.o
 .debug_macro   0x00000000000019ea       0xf4 Core/Src/EXTI.o
 .debug_macro   0x0000000000001ade       0x40 Core/Src/EXTI.o
 .debug_macro   0x0000000000001b1e      0x145 Core/Src/GPIOSTM32.o
 .debug_macro   0x0000000000001c63       0xee Core/Src/GPIOSTM32.o
 .debug_macro   0x0000000000001d51      0x154 Core/Src/lcd16.o
 .debug_macro   0x0000000000001ea5       0xe8 Core/Src/lcd16.o
 .debug_macro   0x0000000000001f8d      0x166 Core/Src/main.o
 .debug_macro   0x00000000000020f3       0x2e Core/Src/main.o
 .debug_macro   0x0000000000002121       0x46 Core/Src/main.o
 .debug_macro   0x0000000000002167      0x197 Core/Src/stm32f1xx_it.o
 .debug_macro   0x00000000000022fe      0x183 Core/Src/system_stm32f1xx.o
 .debug_macro   0x0000000000002481      0x1a7 Drivers/STM32F1xx_HAL_Driver/Src/stm32f1xx_hal.o

.debug_line     0x0000000000000000     0x2fef
 .debug_line    0x0000000000000000      0x7da Core/Src/EXTI.o
 .debug_line    0x00000000000007da      0x6b7 Core/Src/GPIOSTM32.o
 .debug_line    0x0000000000000e91      0x5b2 Core/Src/lcd16.o
 .debug_line    0x0000000000001443      0x5f4 Core/Src/main.o
 .debug_line    0x0000000000001a37      0x6d2 Core/Src/stm32f1xx_it.o
 .debug_line    0x0000000000002109      0x656 Core/Src/system_stm32f1xx.o
 .debug_line    0x000000000000275f       0x87 Core/Startup/startup_stm32f103c6tx.o
 .debug_line    0x00000000000027e6      0x809 Drivers/STM32F1xx_HAL_Driver/Src/stm32f1xx_hal.o

.debug_str      0x0000000000000000    0x7d269
 .debug_str     0x0000000000000000     0x7c3f Core/Src/EXTI.o
                                       0x7ea5 (size before relaxing)
 .debug_str     0x0000000000007c3f      0x19c Core/Src/GPIOSTM32.o
                                       0x7d97 (size before relaxing)
 .debug_str     0x0000000000007ddb      0x54c Core/Src/lcd16.o
                                       0x8152 (size before relaxing)
 .debug_str     0x0000000000008327      0x188 Core/Src/main.o
                                       0x8327 (size before relaxing)
 .debug_str     0x00000000000084af    0x747bf Core/Src/stm32f1xx_it.o
                                      0x78858 (size before relaxing)
 .debug_str     0x000000000007cc6e       0x5e Core/Src/system_stm32f1xx.o
                                      0x78828 (size before relaxing)
 .debug_str     0x000000000007cccc       0x36 Core/Startup/startup_stm32f103c6tx.o
                                         0x86 (size before relaxing)
 .debug_str     0x000000000007cd02      0x567 Drivers/STM32F1xx_HAL_Driver/Src/stm32f1xx_hal.o
                                      0x78e7f (size before relaxing)

.comment        0x0000000000000000       0x7b
 .comment       0x0000000000000000       0x7b Core/Src/EXTI.o
                                         0x7c (size before relaxing)
 .comment       0x000000000000007b       0x7c Core/Src/GPIOSTM32.o
 .comment       0x000000000000007b       0x7c Core/Src/lcd16.o
 .comment       0x000000000000007b       0x7c Core/Src/main.o
 .comment       0x000000000000007b       0x7c Core/Src/stm32f1xx_it.o
 .comment       0x000000000000007b       0x7c Core/Src/system_stm32f1xx.o
 .comment       0x000000000000007b       0x7c Drivers/STM32F1xx_HAL_Driver/Src/stm32f1xx_hal.o

.debug_frame    0x0000000000000000      0xb78
 .debug_frame   0x0000000000000000      0x200 Core/Src/EXTI.o
 .debug_frame   0x0000000000000200      0x2b8 Core/Src/GPIOSTM32.o
 .debug_frame   0x00000000000004b8      0x104 Core/Src/lcd16.o
 .debug_frame   0x00000000000005bc       0xf8 Core/Src/main.o
 .debug_frame   0x00000000000006b4      0x10c Core/Src/stm32f1xx_it.o
 .debug_frame   0x00000000000007c0       0x58 Core/Src/system_stm32f1xx.o
 .debug_frame   0x0000000000000818      0x334 Drivers/STM32F1xx_HAL_Driver/Src/stm32f1xx_hal.o
 .debug_frame   0x0000000000000b4c       0x2c c:/st/stm32cubeide_1.4.0/stm32cubeide/plugins/com.st.stm32cube.ide.mcu.externaltools.gnu-tools-for-stm32.7-2018-q2-update.win32_1.4.0.202007081208/tools/bin/../lib/gcc/arm-none-eabi/7.3.1/../../../../arm-none-eabi/lib/thumb/v7-m\libc_nano.a(lib_a-init.o)
