
Memory Configuration

Name             Origin             Length             Attributes
RAM              0x20000000         0x00002800         xrw
ROM              0x08000000         0x00008000         xr
*default*        0x00000000         0xffffffff

Linker script and memory map

                0x20002800                _estack = (ORIGIN (RAM) + LENGTH (RAM))
                0x00000200                _Min_Heap_Size = 0x200
                0x00000400                _Min_Stack_Size = 0x400

.isr_vector     0x08000000      0x130
                0x08000000                . = ALIGN (0x4)
 *(.isr_vector)
 .isr_vector    0x08000000      0x130 startup.o
                0x08000000                g_pfnVectors
                0x08000130                . = ALIGN (0x4)

.text           0x08000130      0x208
                0x08000130                . = ALIGN (0x4)
 *(.text)
 .text          0x08000130      0x160 bspSM32.o
                0x08000130                clock_init
                0x0800014c                port_init
                0x080001c0                pinB13_TOGGLE
                0x080001dc                pinB14_TOGGLE
                0x080001f8                pinB01_TOGGLE
                0x08000214                pinB15_Speaker
                0x08000258                delay_some_time
 .text          0x08000290       0x42 ToggleLED.o
                0x08000290                main
 .text          0x080002d2       0x14 startup.o
 *(.text*)
 *fill*         0x080002e6        0x2 
 .text.Reset_Handler
                0x080002e8       0x4c startup.o
                0x080002e8                Reset_Handler
 .text.Default_Handler
                0x08000334        0x2 startup.o
                0x08000334                EXTI2_IRQHandler
                0x08000334                TIM8_TRG_COM_IRQHandler
                0x08000334                TIM8_CC_IRQHandler
                0x08000334                DebugMon_Handler
                0x08000334                TIM1_CC_IRQHandler
                0x08000334                HardFault_Handler
                0x08000334                TIM6_IRQHandler
                0x08000334                SysTick_Handler
                0x08000334                PVD_IRQHandler
                0x08000334                SDIO_IRQHandler
                0x08000334                PendSV_Handler
                0x08000334                NMI_Handler
                0x08000334                EXTI3_IRQHandler
                0x08000334                USB_HP_CAN_TX_IRQHandler
                0x08000334                EXTI0_IRQHandler
                0x08000334                I2C2_EV_IRQHandler
                0x08000334                UsageFault_Handler
                0x08000334                ADC1_2_IRQHandler
                0x08000334                SPI1_IRQHandler
                0x08000334                CAN_SCE_IRQHandler
                0x08000334                TAMPER_IRQHandler
                0x08000334                TIM8_UP_IRQHandler
                0x08000334                DMA2_Channel2_IRQHandler
                0x08000334                DMA1_Channel4_IRQHandler
                0x08000334                USART3_IRQHandler
                0x08000334                RTC_IRQHandler
                0x08000334                DMA1_Channel7_IRQHandler
                0x08000334                UART5_IRQHandler
                0x08000334                ADC3_IRQHandler
                0x08000334                TIM4_IRQHandler
                0x08000334                CAN_RX1_IRQHandler
                0x08000334                DMA2_Channel1_IRQHandler
                0x08000334                I2C1_EV_IRQHandler
                0x08000334                DMA1_Channel6_IRQHandler
                0x08000334                UART4_IRQHandler
                0x08000334                TIM3_IRQHandler
                0x08000334                RCC_IRQHandler
                0x08000334                TIM1_TRG_COM_IRQHandler
                0x08000334                DMA1_Channel1_IRQHandler
                0x08000334                Default_Handler
                0x08000334                EXTI15_10_IRQHandler
                0x08000334                TIM7_IRQHandler
                0x08000334                TIM5_IRQHandler
                0x08000334                EXTI9_5_IRQHandler
                0x08000334                SPI2_IRQHandler
                0x08000334                USB_LP_CAN_RX0_IRQHandler
                0x08000334                MemManage_Handler
                0x08000334                SVC_Handler
                0x08000334                DMA1_Channel5_IRQHandler
                0x08000334                EXTI4_IRQHandler
                0x08000334                DMA1_Channel3_IRQHandler
                0x08000334                FSMC_IRQHandler
                0x08000334                TIM1_UP_IRQHandler
                0x08000334                WWDG_IRQHandler
                0x08000334                TIM2_IRQHandler
                0x08000334                TIM1_BRK_IRQHandler
                0x08000334                EXTI1_IRQHandler
                0x08000334                RTCAlarm_IRQHandler
                0x08000334                DMA2_Channel4_5_IRQHandler
                0x08000334                USART2_IRQHandler
                0x08000334                I2C2_ER_IRQHandler
                0x08000334                DMA1_Channel2_IRQHandler
                0x08000334                TIM8_BRK_IRQHandler
                0x08000334                FLASH_IRQHandler
                0x08000334                BusFault_Handler
                0x08000334                USART1_IRQHandler
                0x08000334                SPI3_IRQHandler
                0x08000334                I2C1_ER_IRQHandler
                0x08000334                DMA2_Channel3_IRQHandler
 *(.glue_7)
 .glue_7        0x08000336        0x0 linker stubs
 *(.glue_7t)
 .glue_7t       0x08000336        0x0 linker stubs
 *(.eh_frame)
 *(.init)
 *(.fini)
                0x08000338                . = ALIGN (0x4)
 *fill*         0x08000336        0x2 
                0x08000338                _etext = .

.vfp11_veneer   0x08000338        0x0
 .vfp11_veneer  0x08000338        0x0 linker stubs

.v4_bx          0x08000338        0x0
 .v4_bx         0x08000338        0x0 linker stubs

.iplt           0x08000338        0x0
 .iplt          0x08000338        0x0 bspSM32.o

.rel.dyn        0x08000338        0x0
 .rel.iplt      0x08000338        0x0 bspSM32.o

.rodata         0x08000338        0x0
                0x08000338                . = ALIGN (0x4)
 *(.rodata)
 *(.rodata*)
                0x08000338                . = ALIGN (0x4)

.ARM.extab      0x08000338        0x0
                0x08000338                . = ALIGN (0x4)
 *(.ARM.extab* .gnu.linkonce.armextab.*)
                0x08000338                . = ALIGN (0x4)

.ARM            0x08000338        0x0
                0x08000338                . = ALIGN (0x4)
                0x08000338                __exidx_start = .
 *(.ARM.exidx*)
                0x08000338                __exidx_end = .
                0x08000338                . = ALIGN (0x4)
                0x08000338                _sidata = LOADADDR (.data)

.data           0x20000000        0x8 load address 0x08000338
                0x20000000                . = ALIGN (0x4)
                0x20000000                _sdata = .
 *(.data)
 .data          0x20000000        0x8 bspSM32.o
                0x20000000                GPIOA_ODR_REG
                0x20000004                GPIOA_IDR_REG
 .data          0x20000008        0x0 ToggleLED.o
 .data          0x20000008        0x0 startup.o
 *(.data*)
                0x20000008                . = ALIGN (0x4)
                0x20000008                _edata = .

.igot.plt       0x20000008        0x0 load address 0x08000340
 .igot.plt      0x20000008        0x0 bspSM32.o
                0x20000008                . = ALIGN (0x4)

.bss            0x20000008        0x0 load address 0x08000340
                0x20000008                _sbss = .
                0x20000008                __bss_start__ = _sbss
 *(.bss)
 .bss           0x20000008        0x0 bspSM32.o
 .bss           0x20000008        0x0 ToggleLED.o
 .bss           0x20000008        0x0 startup.o
 *(.bss*)
 *(.COMMON*)
                0x20000008                . = ALIGN (0x4)
                0x20000008                _ebss = .
                0x20000008                __bss_end__ = _ebss

._user_heap_stack
                0x20000008      0x600 load address 0x08000340
                0x20000008                . = ALIGN (0x8)
                [!provide]                PROVIDE (end, .)
                [!provide]                PROVIDE (_end, .)
                0x20000208                . = (. + _Min_Heap_Size)
 *fill*         0x20000008      0x200 
                0x20000608                . = (. + _Min_Stack_Size)
 *fill*         0x20000208      0x400 
                0x20000608                . = ALIGN (0x8)

.ARM.attributes
                0x00000000       0x31
 *(.ARM.attributes)
 .ARM.attributes
                0x00000000       0x33 bspSM32.o
 .ARM.attributes
                0x00000033       0x33 ToggleLED.o
 .ARM.attributes
                0x00000066       0x21 startup.o
LOAD bspSM32.o
LOAD ToggleLED.o
LOAD startup.o
OUTPUT(output.elf elf32-littlearm)

.debug_info     0x00000000      0x4f2
 .debug_info    0x00000000      0x44a bspSM32.o
 .debug_info    0x0000044a       0x86 ToggleLED.o
 .debug_info    0x000004d0       0x22 startup.o

.debug_abbrev   0x00000000      0x16e
 .debug_abbrev  0x00000000      0x118 bspSM32.o
 .debug_abbrev  0x00000118       0x44 ToggleLED.o
 .debug_abbrev  0x0000015c       0x12 startup.o

.debug_loc      0x00000000      0x22c
 .debug_loc     0x00000000      0x200 bspSM32.o
 .debug_loc     0x00000200       0x2c ToggleLED.o

.debug_aranges  0x00000000       0x68
 .debug_aranges
                0x00000000       0x20 bspSM32.o
 .debug_aranges
                0x00000020       0x20 ToggleLED.o
 .debug_aranges
                0x00000040       0x28 startup.o

.debug_line     0x00000000      0x222
 .debug_line    0x00000000      0x162 bspSM32.o
 .debug_line    0x00000162       0x56 ToggleLED.o
 .debug_line    0x000001b8       0x6a startup.o

.debug_str      0x00000000      0x2aa
 .debug_str     0x00000000      0x280 bspSM32.o
                                0x2bd (size before relaxing)
 .debug_str     0x00000280       0x11 ToggleLED.o
                                0x14d (size before relaxing)
 .debug_str     0x00000291       0x19 startup.o
                                 0x66 (size before relaxing)

.comment        0x00000000       0x7e
 .comment       0x00000000       0x7e bspSM32.o
                                 0x7f (size before relaxing)
 .comment       0x0000007e       0x7f ToggleLED.o

.debug_frame    0x00000000      0x128
 .debug_frame   0x00000000       0xfc bspSM32.o
 .debug_frame   0x000000fc       0x2c ToggleLED.o

.debug_ranges   0x00000000       0x20
 .debug_ranges  0x00000000       0x20 startup.o
